Archive member included to satisfy reference by file (symbol)

d:/progra~1/gnuarm~1/102021~1.10/bin/../lib/gcc/arm-none-eabi/10.3.1/../../../../arm-none-eabi/lib/thumb/v7-m/nofp\libc_nano.a(lib_a-exit.o)
                              d:/progra~1/gnuarm~1/102021~1.10/bin/../lib/gcc/arm-none-eabi/10.3.1/../../../../arm-none-eabi/lib/thumb/v7-m/nofp/crt0.o (exit)
d:/progra~1/gnuarm~1/102021~1.10/bin/../lib/gcc/arm-none-eabi/10.3.1/../../../../arm-none-eabi/lib/thumb/v7-m/nofp\libc_nano.a(lib_a-impure.o)
                              d:/progra~1/gnuarm~1/102021~1.10/bin/../lib/gcc/arm-none-eabi/10.3.1/../../../../arm-none-eabi/lib/thumb/v7-m/nofp\libc_nano.a(lib_a-exit.o) (_global_impure_ptr)
d:/progra~1/gnuarm~1/102021~1.10/bin/../lib/gcc/arm-none-eabi/10.3.1/../../../../arm-none-eabi/lib/thumb/v7-m/nofp\libc_nano.a(lib_a-init.o)
                              d:/progra~1/gnuarm~1/102021~1.10/bin/../lib/gcc/arm-none-eabi/10.3.1/../../../../arm-none-eabi/lib/thumb/v7-m/nofp/crt0.o (__libc_init_array)
d:/progra~1/gnuarm~1/102021~1.10/bin/../lib/gcc/arm-none-eabi/10.3.1/../../../../arm-none-eabi/lib/thumb/v7-m/nofp\libc_nano.a(lib_a-memset.o)
                              d:/progra~1/gnuarm~1/102021~1.10/bin/../lib/gcc/arm-none-eabi/10.3.1/../../../../arm-none-eabi/lib/thumb/v7-m/nofp/crt0.o (memset)
d:/progra~1/gnuarm~1/102021~1.10/bin/../lib/gcc/arm-none-eabi/10.3.1/thumb/v7-m/nofp\libgcc.a(_arm_mulsf3.o)
                              CMakeFiles/km1-one.dir/User/servo/motion/motion_engine.c.obj (__aeabi_fmul)
d:/progra~1/gnuarm~1/102021~1.10/bin/../lib/gcc/arm-none-eabi/10.3.1/thumb/v7-m/nofp\libgcc.a(_arm_addsubdf3.o)
                              CMakeFiles/km1-one.dir/User/comm/protocol/listener/servo_listener.c.obj (__aeabi_f2d)
d:/progra~1/gnuarm~1/102021~1.10/bin/../lib/gcc/arm-none-eabi/10.3.1/thumb/v7-m/nofp\libgcc.a(_arm_addsubsf3.o)
                              CMakeFiles/km1-one.dir/User/servo/motion/motion_engine.c.obj (__aeabi_fsub)
d:/progra~1/gnuarm~1/102021~1.10/bin/../lib/gcc/arm-none-eabi/10.3.1/thumb/v7-m/nofp\libgcc.a(_arm_muldivsf3.o)
                              CMakeFiles/km1-one.dir/User/servo/motion/motion_engine.c.obj (__aeabi_fdiv)
d:/progra~1/gnuarm~1/102021~1.10/bin/../lib/gcc/arm-none-eabi/10.3.1/thumb/v7-m/nofp\libgcc.a(_arm_cmpsf2.o)
                              CMakeFiles/km1-one.dir/User/servo/motion/motion_engine.c.obj (__aeabi_fcmplt)
d:/progra~1/gnuarm~1/102021~1.10/bin/../lib/gcc/arm-none-eabi/10.3.1/thumb/v7-m/nofp\libgcc.a(_arm_fixsfsi.o)
                              CMakeFiles/km1-one.dir/User/servo/motion/motion_engine.c.obj (__aeabi_f2iz)
d:/progra~1/gnuarm~1/102021~1.10/bin/../lib/gcc/arm-none-eabi/10.3.1/thumb/v7-m/nofp\libgcc.a(_arm_fixunssfsi.o)
                              CMakeFiles/km1-one.dir/User/servo/motion/motion_engine.c.obj (__aeabi_f2uiz)
d:/progra~1/gnuarm~1/102021~1.10/bin/../lib/gcc/arm-none-eabi/10.3.1/../../../../arm-none-eabi/lib/thumb/v7-m/nofp\libg_nano.a(lib_a-errno.o)
                              CMakeFiles/km1-one.dir/Core/Src/sysmem.c.obj (__errno)
d:/progra~1/gnuarm~1/102021~1.10/bin/../lib/gcc/arm-none-eabi/10.3.1/../../../../arm-none-eabi/lib/thumb/v7-m/nofp\libg_nano.a(lib_a-malloc.o)
                              CMakeFiles/km1-one.dir/User/comm/transport/TinyFrame/TinyFrame.c.obj (malloc)
d:/progra~1/gnuarm~1/102021~1.10/bin/../lib/gcc/arm-none-eabi/10.3.1/../../../../arm-none-eabi/lib/thumb/v7-m/nofp\libg_nano.a(lib_a-memcpy-stub.o)
                              CMakeFiles/km1-one.dir/User/utils/ringbuffer.c.obj (memcpy)
d:/progra~1/gnuarm~1/102021~1.10/bin/../lib/gcc/arm-none-eabi/10.3.1/../../../../arm-none-eabi/lib/thumb/v7-m/nofp\libg_nano.a(lib_a-nano-freer.o)
                              d:/progra~1/gnuarm~1/102021~1.10/bin/../lib/gcc/arm-none-eabi/10.3.1/../../../../arm-none-eabi/lib/thumb/v7-m/nofp\libg_nano.a(lib_a-malloc.o) (_free_r)
d:/progra~1/gnuarm~1/102021~1.10/bin/../lib/gcc/arm-none-eabi/10.3.1/../../../../arm-none-eabi/lib/thumb/v7-m/nofp\libg_nano.a(lib_a-nano-mallocr.o)
                              d:/progra~1/gnuarm~1/102021~1.10/bin/../lib/gcc/arm-none-eabi/10.3.1/../../../../arm-none-eabi/lib/thumb/v7-m/nofp\libg_nano.a(lib_a-malloc.o) (_malloc_r)
d:/progra~1/gnuarm~1/102021~1.10/bin/../lib/gcc/arm-none-eabi/10.3.1/../../../../arm-none-eabi/lib/thumb/v7-m/nofp\libg_nano.a(lib_a-printf.o)
                              CMakeFiles/km1-one.dir/User/comm/protocol/listener/servo_listener.c.obj (printf)
d:/progra~1/gnuarm~1/102021~1.10/bin/../lib/gcc/arm-none-eabi/10.3.1/../../../../arm-none-eabi/lib/thumb/v7-m/nofp\libg_nano.a(lib_a-putchar.o)
                              CMakeFiles/km1-one.dir/User/comm/protocol/listener/servo_listener.c.obj (putchar)
d:/progra~1/gnuarm~1/102021~1.10/bin/../lib/gcc/arm-none-eabi/10.3.1/../../../../arm-none-eabi/lib/thumb/v7-m/nofp\libg_nano.a(lib_a-puts.o)
                              CMakeFiles/km1-one.dir/User/comm/protocol/listener/servo_listener.c.obj (puts)
[...]
Memory Configuration

Name             Origin             Length             Attributes
RAM              0x20000000         0x00005000         xrw
FLASH            0x08000000         0x00010000         xr
*default*        0x00000000         0xffffffff

Linker script and memory map

LOAD d:/progra~1/gnuarm~1/102021~1.10/bin/../lib/gcc/arm-none-eabi/10.3.1/thumb/v7-m/nofp/crti.o
LOAD d:/progra~1/gnuarm~1/102021~1.10/bin/../lib/gcc/arm-none-eabi/10.3.1/thumb/v7-m/nofp/crtbegin.o
LOAD d:/progra~1/gnuarm~1/102021~1.10/bin/../lib/gcc/arm-none-eabi/10.3.1/../../../../arm-none-eabi/lib/thumb/v7-m/nofp/crt0.o
START GROUP
LOAD d:/progra~1/gnuarm~1/102021~1.10/bin/../lib/gcc/arm-none-eabi/10.3.1/../../../../arm-none-eabi/lib/thumb/v7-m/nofp\libc_nano.a
LOAD d:/progra~1/gnuarm~1/102021~1.10/bin/../lib/gcc/arm-none-eabi/10.3.1/../../../../arm-none-eabi/lib/thumb/v7-m/nofp\libm.a
END GROUP
LOAD CMakeFiles/km1-one.dir/User/utils/ringbuffer.c.obj
LOAD CMakeFiles/km1-one.dir/User/servo/drivers/servo_hal.c.obj
LOAD CMakeFiles/km1-one.dir/User/servo/motion/motion_engine.c.obj
LOAD CMakeFiles/km1-one.dir/User/servo/motion/motion_sync.c.obj
LOAD CMakeFiles/km1-one.dir/User/servo/motion/motion_cycle.c.obj
LOAD CMakeFiles/km1-one.dir/User/servo/control/robot_arm_control.c.obj
LOAD CMakeFiles/km1-one.dir/User/comm/protocol/protocol.c.obj
LOAD CMakeFiles/km1-one.dir/User/comm/protocol/state_sender.c.obj
LOAD CMakeFiles/km1-one.dir/User/comm/protocol/listener/sys_listener.c.obj
LOAD CMakeFiles/km1-one.dir/User/comm/protocol/listener/servo_listener.c.obj
LOAD CMakeFiles/km1-one.dir/User/comm/protocol/listener/motion_listener.c.obj
LOAD CMakeFiles/km1-one.dir/User/comm/protocol/listener/cycle_listener.c.obj
LOAD CMakeFiles/km1-one.dir/User/comm/protocol/listener/arm_listener.c.obj
LOAD CMakeFiles/km1-one.dir/User/comm/protocol/listener/config_listener.c.obj
LOAD CMakeFiles/km1-one.dir/User/comm/protocol/codec/protocol_codec.c.obj
LOAD CMakeFiles/km1-one.dir/User/comm/protocol/codec/servo_codec.c.obj
LOAD CMakeFiles/km1-one.dir/User/comm/protocol/codec/motion_codec.c.obj
LOAD CMakeFiles/km1-one.dir/User/comm/protocol/codec/cycle_codec.c.obj
LOAD CMakeFiles/km1-one.dir/User/comm/protocol/codec/arm_codec.c.obj
LOAD CMakeFiles/km1-one.dir/User/comm/drivers/uart_driver.c.obj
LOAD CMakeFiles/km1-one.dir/User/comm/transport/tf_uart_port.c.obj
LOAD CMakeFiles/km1-one.dir/User/comm/transport/TinyFrame/TinyFrame.c.obj
LOAD CMakeFiles/km1-one.dir/User/comm/transport/TinyFrame/utils.c.obj
LOAD CMakeFiles/km1-one.dir/Core/Src/main.c.obj
LOAD CMakeFiles/km1-one.dir/Core/Src/gpio.c.obj
LOAD CMakeFiles/km1-one.dir/Core/Src/dma.c.obj
LOAD CMakeFiles/km1-one.dir/Core/Src/tim.c.obj
LOAD CMakeFiles/km1-one.dir/Core/Src/usart.c.obj
LOAD CMakeFiles/km1-one.dir/Core/Src/stm32f1xx_it.c.obj
LOAD CMakeFiles/km1-one.dir/Core/Src/stm32f1xx_hal_msp.c.obj
LOAD CMakeFiles/km1-one.dir/Drivers/STM32F1xx_HAL_Driver/Src/stm32f1xx_hal_gpio_ex.c.obj
LOAD CMakeFiles/km1-one.dir/Drivers/STM32F1xx_HAL_Driver/Src/stm32f1xx_hal_tim.c.obj
LOAD CMakeFiles/km1-one.dir/Drivers/STM32F1xx_HAL_Driver/Src/stm32f1xx_hal_tim_ex.c.obj
LOAD CMakeFiles/km1-one.dir/Drivers/STM32F1xx_HAL_Driver/Src/stm32f1xx_hal.c.obj
LOAD CMakeFiles/km1-one.dir/Drivers/STM32F1xx_HAL_Driver/Src/stm32f1xx_hal_rcc.c.obj
LOAD CMakeFiles/km1-one.dir/Drivers/STM32F1xx_HAL_Driver/Src/stm32f1xx_hal_rcc_ex.c.obj
LOAD CMakeFiles/km1-one.dir/Drivers/STM32F1xx_HAL_Driver/Src/stm32f1xx_hal_gpio.c.obj
LOAD CMakeFiles/km1-one.dir/Drivers/STM32F1xx_HAL_Driver/Src/stm32f1xx_hal_dma.c.obj
LOAD CMakeFiles/km1-one.dir/Drivers/STM32F1xx_HAL_Driver/Src/stm32f1xx_hal_cortex.c.obj
LOAD CMakeFiles/km1-one.dir/Drivers/STM32F1xx_HAL_Driver/Src/stm32f1xx_hal_pwr.c.obj
LOAD CMakeFiles/km1-one.dir/Drivers/STM32F1xx_HAL_Driver/Src/stm32f1xx_hal_flash.c.obj
LOAD CMakeFiles/km1-one.dir/Drivers/STM32F1xx_HAL_Driver/Src/stm32f1xx_hal_flash_ex.c.obj
LOAD CMakeFiles/km1-one.dir/Drivers/STM32F1xx_HAL_Driver/Src/stm32f1xx_hal_exti.c.obj
LOAD CMakeFiles/km1-one.dir/Drivers/STM32F1xx_HAL_Driver/Src/stm32f1xx_hal_uart.c.obj
LOAD CMakeFiles/km1-one.dir/Core/Src/system_stm32f1xx.c.obj
LOAD CMakeFiles/km1-one.dir/Core/Src/sysmem.c.obj
LOAD CMakeFiles/km1-one.dir/Core/Src/syscalls.c.obj
LOAD CMakeFiles/km1-one.dir/startup_stm32f103xb.s.obj
START GROUP
LOAD d:/progra~1/gnuarm~1/102021~1.10/bin/../lib/gcc/arm-none-eabi/10.3.1/thumb/v7-m/nofp\libgcc.a
LOAD d:/progra~1/gnuarm~1/102021~1.10/bin/../lib/gcc/arm-none-eabi/10.3.1/../../../../arm-none-eabi/lib/thumb/v7-m/nofp\libg_nano.a
LOAD d:/progra~1/gnuarm~1/102021~1.10/bin/../lib/gcc/arm-none-eabi/10.3.1/../../../../arm-none-eabi/lib/thumb/v7-m/nofp\libc_nano.a
END GROUP
START GROUP
LOAD d:/progra~1/gnuarm~1/102021~1.10/bin/../lib/gcc/arm-none-eabi/10.3.1/thumb/v7-m/nofp\libgcc.a
LOAD d:/progra~1/gnuarm~1/102021~1.10/bin/../lib/gcc/arm-none-eabi/10.3.1/../../../../arm-none-eabi/lib/thumb/v7-m/nofp\libc_nano.a
END GROUP
LOAD d:/progra~1/gnuarm~1/102021~1.10/bin/../lib/gcc/arm-none-eabi/10.3.1/thumb/v7-m/nofp/crtend.o
LOAD d:/progra~1/gnuarm~1/102021~1.10/bin/../lib/gcc/arm-none-eabi/10.3.1/thumb/v7-m/nofp/crtn.o
                0x20005000                _estack = (ORIGIN (RAM) + LENGTH (RAM))
                0x00000400                _Min_Heap_Size = 0x400
                0x00001000                _Min_Stack_Size = 0x1000

.isr_vector     0x08000000      0x10c
                0x08000000                . = ALIGN (0x4)
 *(.isr_vector)
 .isr_vector    0x08000000      0x10c CMakeFiles/km1-one.dir/startup_stm32f103xb.s.obj
                0x08000000                g_pfnVectors
                0x0800010c                . = ALIGN (0x4)

.text           0x0800010c     0xbd40
                0x0800010c                . = ALIGN (0x4)
 *(.text)
 .text          0x0800010c       0x40 d:/progra~1/gnuarm~1/102021~1.10/bin/../lib/gcc/arm-none-eabi/10.3.1/thumb/v7-m/nofp/crtbegin.o
 .text          0x0800014c      0x378 d:/progra~1/gnuarm~1/102021~1.10/bin/../lib/gcc/arm-none-eabi/10.3.1/thumb/v7-m/nofp\libgcc.a(_arm_addsubdf3.o)
                0x0800014c                __aeabi_drsub
                0x08000154                __aeabi_dsub
                0x08000154                __subdf3
                0x08000158                __aeabi_dadd
                0x08000158                __adddf3
                0x080003d0                __floatunsidf
                0x080003d0                __aeabi_ui2d
                0x080003f0                __floatsidf
                0x080003f0                __aeabi_i2d
                0x08000414                __aeabi_f2d
                0x08000414                __extendsfdf2
                0x08000458                __floatundidf
                0x08000458                __aeabi_ul2d
                0x08000468                __floatdidf
                0x08000468                __aeabi_l2d
 .text          0x080004c4      0x21c d:/progra~1/gnuarm~1/102021~1.10/bin/../lib/gcc/arm-none-eabi/10.3.1/thumb/v7-m/nofp\libgcc.a(_arm_addsubsf3.o)
                0x080004c4                __aeabi_frsub
                0x080004cc                __subsf3
                0x080004cc                __aeabi_fsub
                0x080004d0                __aeabi_fadd
                0x080004d0                __addsf3
                0x08000630                __aeabi_ui2f
                0x08000630                __floatunsisf
                0x08000638                __aeabi_i2f
                0x08000638                __floatsisf
                0x08000654                __aeabi_ul2f
                0x08000654                __floatundisf
                0x08000664                __aeabi_l2f
                0x08000664                __floatdisf
 .text          0x080006e0      0x2a0 d:/progra~1/gnuarm~1/102021~1.10/bin/../lib/gcc/arm-none-eabi/10.3.1/thumb/v7-m/nofp\libgcc.a(_arm_muldivsf3.o)
                0x080006e0                __mulsf3
                0x080006e0                __aeabi_fmul
                0x08000848                __aeabi_fdiv
                0x08000848                __divsf3
 .text          0x08000980       0xec d:/progra~1/gnuarm~1/102021~1.10/bin/../lib/gcc/arm-none-eabi/10.3.1/thumb/v7-m/nofp\libgcc.a(_arm_cmpsf2.o)
                0x08000980                __gesf2
                0x08000980                __gtsf2
                0x08000988                __lesf2
                0x08000988                __ltsf2
                0x08000990                __nesf2
                0x08000990                __eqsf2
                0x08000990                __cmpsf2
                0x080009f0                __aeabi_cfrcmple
                0x080009f8                __aeabi_cfcmpeq
                0x080009f8                __aeabi_cfcmple
                0x08000a08                __aeabi_fcmpeq
                0x08000a1c                __aeabi_fcmplt
                0x08000a30                __aeabi_fcmple
                0x08000a44                __aeabi_fcmpge
                0x08000a58                __aeabi_fcmpgt
 .text          0x08000a6c       0x4c d:/progra~1/gnuarm~1/102021~1.10/bin/../lib/gcc/arm-none-eabi/10.3.1/thumb/v7-m/nofp\libgcc.a(_arm_fixsfsi.o)
                0x08000a6c                __aeabi_f2iz
                0x08000a6c                __fixsfsi
 .text          0x08000ab8       0x40 d:/progra~1/gnuarm~1/102021~1.10/bin/../lib/gcc/arm-none-eabi/10.3.1/thumb/v7-m/nofp\libgcc.a(_arm_fixunssfsi.o)
                0x08000ab8                __fixunssfsi
                0x08000ab8                __aeabi_f2uiz
 .text          0x08000af8       0x2c d:/progra~1/gnuarm~1/102021~1.10/bin/../lib/gcc/arm-none-eabi/10.3.1/thumb/v7-m/nofp\libgcc.a(_arm_unordsf2.o)
                0x08000af8                __unordsf2
                0x08000af8                __aeabi_fcmpun
 *(.text*)
 .text.__libc_init_array
                0x08000b24       0x48 d:/progra~1/gnuarm~1/102021~1.10/bin/../lib/gcc/arm-none-eabi/10.3.1/../../../../arm-none-eabi/lib/thumb/v7-m/nofp\libc_nano.a(lib_a-init.o)
                0x08000b24                __libc_init_array
 .text.memset   0x08000b6c       0x10 d:/progra~1/gnuarm~1/102021~1.10/bin/../lib/gcc/arm-none-eabi/10.3.1/../../../../arm-none-eabi/lib/thumb/v7-m/nofp\libc_nano.a(lib_a-memset.o)
                0x08000b6c                memset
 .text.servo_hal_init
                0x08000b7c       0x40 CMakeFiles/km1-one.dir/User/servo/drivers/servo_hal.c.obj
                0x08000b7c                servo_hal_init
 .text.servo_hal_set_pwm
                0x08000bbc       0x70 CMakeFiles/km1-one.dir/User/servo/drivers/servo_hal.c.obj
                0x08000bbc                servo_hal_set_pwm
 .text.on_servo_complete
                0x08000c2c       0x6c CMakeFiles/km1-one.dir/User/servo/motion/motion_engine.c.obj
 .text.servo_motion_init
                0x08000c98       0x9c CMakeFiles/km1-one.dir/User/servo/motion/motion_engine.c.obj
                0x08000c98                servo_motion_init
 .text.servo_motion_set_global_complete_callback
                0x08000d34       0x1c CMakeFiles/km1-one.dir/User/servo/motion/motion_engine.c.obj
                0x08000d34                servo_motion_set_global_complete_callback
 .text.angle_to_pwm
                0x08000d50      0x10c CMakeFiles/km1-one.dir/User/servo/motion/motion_engine.c.obj
                0x08000d50                angle_to_pwm
 .text.pwm_to_angle
                0x08000e5c       0xd0 CMakeFiles/km1-one.dir/User/servo/motion/motion_engine.c.obj
                0x08000e5c                pwm_to_angle
 .text.servo_move_pwm
                0x08000f2c       0xb4 CMakeFiles/km1-one.dir/User/servo/motion/motion_engine.c.obj
                0x08000f2c                servo_move_pwm
 .text.servo_move_angle
                0x08000fe0       0x38 CMakeFiles/km1-one.dir/User/servo/motion/motion_engine.c.obj
                0x08000fe0                servo_move_angle
 .text.servo_move_home
                0x08001018       0x40 CMakeFiles/km1-one.dir/User/servo/motion/motion_engine.c.obj
                0x08001018                servo_move_home
 .text.servo_sync_to_hardware
                0x08001058       0x44 CMakeFiles/km1-one.dir/User/servo/motion/motion_engine.c.obj
                0x08001058                servo_sync_to_hardware
 .text.servo_move_angle_multiple
                0x0800109c       0x5a CMakeFiles/km1-one.dir/User/servo/motion/motion_engine.c.obj
                0x0800109c                servo_move_angle_multiple
 *fill*         0x080010f6        0x2 
 .text.servo_stop
                0x080010f8       0x4c CMakeFiles/km1-one.dir/User/servo/motion/motion_engine.c.obj
                0x080010f8                servo_stop
 .text.servo_pause
                0x08001144       0x40 CMakeFiles/km1-one.dir/User/servo/motion/motion_engine.c.obj
                0x08001144                servo_pause
 .text.servo_restart
                0x08001184       0x48 CMakeFiles/km1-one.dir/User/servo/motion/motion_engine.c.obj
                0x08001184                servo_restart
 .text.servo_stop_all
                0x080011cc       0x2a CMakeFiles/km1-one.dir/User/servo/motion/motion_engine.c.obj
                0x080011cc                servo_stop_all
 *fill*         0x080011f6        0x2 
 .text.servo_emergency_stop
                0x080011f8       0x58 CMakeFiles/km1-one.dir/User/servo/motion/motion_engine.c.obj
                0x080011f8                servo_emergency_stop
 .text.servo_is_moving
                0x08001250       0x34 CMakeFiles/km1-one.dir/User/servo/motion/motion_engine.c.obj
                0x08001250                servo_is_moving
 .text.servo_get_moving_mask
                0x08001284       0x14 CMakeFiles/km1-one.dir/User/servo/motion/motion_engine.c.obj
                0x08001284                servo_get_moving_mask
 .text.servo_get_current_pwm
                0x08001298       0x34 CMakeFiles/km1-one.dir/User/servo/motion/motion_engine.c.obj
                0x08001298                servo_get_current_pwm
 .text.servo_get_target_angle
                0x080012cc       0x40 CMakeFiles/km1-one.dir/User/servo/motion/motion_engine.c.obj
                0x080012cc                servo_get_target_angle
 .text.servo_get_remaining_time
                0x0800130c       0x34 CMakeFiles/km1-one.dir/User/servo/motion/motion_engine.c.obj
                0x0800130c                servo_get_remaining_time
 .text.ease_in_out_cubic
                0x08001340       0x4c CMakeFiles/km1-one.dir/User/servo/motion/motion_engine.c.obj
 .text.servo_motion_update_1ms
                0x0800138c      0x118 CMakeFiles/km1-one.dir/User/servo/motion/motion_engine.c.obj
                0x0800138c                servo_motion_update_1ms
 .text.motion_sync_init
                0x080014a4       0x38 CMakeFiles/km1-one.dir/User/servo/motion/motion_sync.c.obj
                0x080014a4                motion_sync_init
 .text.find_free_group
                0x080014dc       0x54 CMakeFiles/km1-one.dir/User/servo/motion/motion_sync.c.obj
 .text.find_group
                0x08001530       0x68 CMakeFiles/km1-one.dir/User/servo/motion/motion_sync.c.obj
 .text.on_servo_motion_complete
                0x08001598       0x94 CMakeFiles/km1-one.dir/User/servo/motion/motion_sync.c.obj
 .text.motion_sync_is_servo_available
                0x0800162c       0x34 CMakeFiles/km1-one.dir/User/servo/motion/motion_sync.c.obj
                0x0800162c                motion_sync_is_servo_available
 .text.motion_sync_start_group
                0x08001660       0xe0 CMakeFiles/km1-one.dir/User/servo/motion/motion_sync.c.obj
                0x08001660                motion_sync_start_group
 .text.motion_sync_release_group
                0x08001740       0x64 CMakeFiles/km1-one.dir/User/servo/motion/motion_sync.c.obj
                0x08001740                motion_sync_release_group
 .text.motion_sync_restart_group
                0x080017a4       0x50 CMakeFiles/km1-one.dir/User/servo/motion/motion_sync.c.obj
                0x080017a4                motion_sync_restart_group
 .text.motion_sync_pause_group
                0x080017f4       0x50 CMakeFiles/km1-one.dir/User/servo/motion/motion_sync.c.obj
                0x080017f4                motion_sync_pause_group
 .text.motion_sync_is_group_complete
                0x08001844       0x38 CMakeFiles/km1-one.dir/User/servo/motion/motion_sync.c.obj
                0x08001844                motion_sync_is_group_complete
 .text.motion_sync_get_group_mask
                0x0800187c       0x26 CMakeFiles/km1-one.dir/User/servo/motion/motion_sync.c.obj
                0x0800187c                motion_sync_get_group_mask
 .text.motion_sync_move_angle
                0x080018a2       0x72 CMakeFiles/km1-one.dir/User/servo/motion/motion_sync.c.obj
                0x080018a2                motion_sync_move_angle
 .text.motion_sync_move_pwm
                0x08001914       0x72 CMakeFiles/km1-one.dir/User/servo/motion/motion_sync.c.obj
                0x08001914                motion_sync_move_pwm
 *fill*         0x08001986        0x2 
 .text.find_cycle_by_group
                0x08001988       0x78 CMakeFiles/km1-one.dir/User/servo/motion/motion_cycle.c.obj
 .text.find_free_cycle
                0x08001a00       0x48 CMakeFiles/km1-one.dir/User/servo/motion/motion_cycle.c.obj
 .text.motion_cycle_on_group_done
                0x08001a48       0xec CMakeFiles/km1-one.dir/User/servo/motion/motion_cycle.c.obj
 .text.motion_cycle_play_pose
                0x08001b34       0x9c CMakeFiles/km1-one.dir/User/servo/motion/motion_cycle.c.obj
 .text.motion_cycle_create
                0x08001bd0       0xa4 CMakeFiles/km1-one.dir/User/servo/motion/motion_cycle.c.obj
                0x08001bd0                motion_cycle_create
 .text.motion_cycle_start
                0x08001c74       0x8c CMakeFiles/km1-one.dir/User/servo/motion/motion_cycle.c.obj
                0x08001c74                motion_cycle_start
 .text.motion_cycle_restart
                0x08001d00       0x88 CMakeFiles/km1-one.dir/User/servo/motion/motion_cycle.c.obj
                0x08001d00                motion_cycle_restart
 .text.motion_cycle_pause
                0x08001d88       0x84 CMakeFiles/km1-one.dir/User/servo/motion/motion_cycle.c.obj
                0x08001d88                motion_cycle_pause
 .text.motion_cycle_release
                0x08001e0c       0x9c CMakeFiles/km1-one.dir/User/servo/motion/motion_cycle.c.obj
                0x08001e0c                motion_cycle_release
 .text.motion_cycle_get_status
                0x08001ea8       0x90 CMakeFiles/km1-one.dir/User/servo/motion/motion_cycle.c.obj
                0x08001ea8                motion_cycle_get_status
 .text.motion_cycle_set_user_data
                0x08001f38       0x4c CMakeFiles/km1-one.dir/User/servo/motion/motion_cycle.c.obj
                0x08001f38                motion_cycle_set_user_data
 .text.motion_cycle_get_user_data
                0x08001f84       0x48 CMakeFiles/km1-one.dir/User/servo/motion/motion_cycle.c.obj
                0x08001f84                motion_cycle_get_user_data
 .text.protocol_init
                0x08001fcc       0xe4 CMakeFiles/km1-one.dir/User/comm/protocol/protocol.c.obj
                0x08001fcc                protocol_init
 .text.protocol_send_state
                0x080020b0       0x9c CMakeFiles/km1-one.dir/User/comm/protocol/state_sender.c.obj
                0x080020b0                protocol_send_state
 .text.protocol_sys_listener
                0x0800214c       0x58 CMakeFiles/km1-one.dir/User/comm/protocol/listener/sys_listener.c.obj
                0x0800214c                protocol_sys_listener
 .text.protocol_sys_handle
                0x080021a4      0x1b4 CMakeFiles/km1-one.dir/User/comm/protocol/listener/sys_listener.c.obj
                0x080021a4                protocol_sys_handle
 .text.protocol_send_servo_status
                0x08002358       0x88 CMakeFiles/km1-one.dir/User/comm/protocol/listener/servo_listener.c.obj
 .text.protocol_servo_complete_cb
                0x080023e0       0x50 CMakeFiles/km1-one.dir/User/comm/protocol/listener/servo_listener.c.obj
 .text.protocol_servo_listener
                0x08002430       0x4e CMakeFiles/km1-one.dir/User/comm/protocol/listener/servo_listener.c.obj
                0x08002430                protocol_servo_listener
 *fill*         0x0800247e        0x2 
 .text.protocol_servo_handle
                0x08002480      0x3ec CMakeFiles/km1-one.dir/User/comm/protocol/listener/servo_listener.c.obj
                0x08002480                protocol_servo_handle
 .text.send_motion_payload
                0x0800286c       0x22 CMakeFiles/km1-one.dir/User/comm/protocol/listener/motion_listener.c.obj
 .text.encode_and_send_motion_start
                0x0800288e       0x46 CMakeFiles/km1-one.dir/User/comm/protocol/listener/motion_listener.c.obj
 .text.encode_and_send_motion_status
                0x080028d4       0x52 CMakeFiles/km1-one.dir/User/comm/protocol/listener/motion_listener.c.obj
 .text.encode_and_send_motion_get_status
                0x08002926       0x56 CMakeFiles/km1-one.dir/User/comm/protocol/listener/motion_listener.c.obj
 .text.protocol_motion_group_done
                0x0800297c       0x1a CMakeFiles/km1-one.dir/User/comm/protocol/listener/motion_listener.c.obj
 .text.protocol_motion_listener
                0x08002996       0x4e CMakeFiles/km1-one.dir/User/comm/protocol/listener/motion_listener.c.obj
                0x08002996                protocol_motion_listener
 .text.protocol_motion_handle
                0x080029e4      0x4fc CMakeFiles/km1-one.dir/User/comm/protocol/listener/motion_listener.c.obj
                0x080029e4                protocol_motion_handle
 .text.send_cycle_payload
                0x08002ee0       0x22 CMakeFiles/km1-one.dir/User/comm/protocol/listener/cycle_listener.c.obj
 .text.encode_and_send_cycle_status_update
                0x08002f02       0x5a CMakeFiles/km1-one.dir/User/comm/protocol/listener/cycle_listener.c.obj
 .text.encode_and_send_cycle_status
                0x08002f5c       0x72 CMakeFiles/km1-one.dir/User/comm/protocol/listener/cycle_listener.c.obj
 *fill*         0x08002fce        0x2 
 .text.encode_and_send_cycle_list
                0x08002fd0      0x2dc CMakeFiles/km1-one.dir/User/comm/protocol/listener/cycle_listener.c.obj
 .text.find_free_proto_cycle_data
                0x080032ac       0x48 CMakeFiles/km1-one.dir/User/comm/protocol/listener/cycle_listener.c.obj
 .text.release_proto_cycle_data
                0x080032f4       0x38 CMakeFiles/km1-one.dir/User/comm/protocol/listener/cycle_listener.c.obj
 .text.protocol_cycle_status_cb
                0x0800332c       0xd0 CMakeFiles/km1-one.dir/User/comm/protocol/listener/cycle_listener.c.obj
 .text.protocol_cycle_listener
                0x080033fc       0x4e CMakeFiles/km1-one.dir/User/comm/protocol/listener/cycle_listener.c.obj
                0x080033fc                protocol_cycle_listener
 *fill*         0x0800344a        0x2 
 .text.protocol_cycle_handle
                0x0800344c      0xc28 CMakeFiles/km1-one.dir/User/comm/protocol/listener/cycle_listener.c.obj
                0x0800344c                protocol_cycle_handle
 .text.protocol_arm_listener
                0x08004074       0x4e CMakeFiles/km1-one.dir/User/comm/protocol/listener/arm_listener.c.obj
                0x08004074                protocol_arm_listener
 *fill*         0x080040c2        0x2 
 .text.protocol_arm_handle
                0x080040c4      0x164 CMakeFiles/km1-one.dir/User/comm/protocol/listener/arm_listener.c.obj
                0x080040c4                protocol_arm_handle
 .text.protocol_config_listener
                0x08004228       0x58 CMakeFiles/km1-one.dir/User/comm/protocol/listener/config_listener.c.obj
                0x08004228                protocol_config_listener
 .text.protocol_config_handle
                0x08004280       0x5c CMakeFiles/km1-one.dir/User/comm/protocol/listener/config_listener.c.obj
                0x08004280                protocol_config_handle
 .text.proto_parse_cmd
                0x080042dc       0x60 CMakeFiles/km1-one.dir/User/comm/protocol/codec/protocol_codec.c.obj
                0x080042dc                proto_parse_cmd
 .text.proto_read_u32_le
                0x0800433c       0x76 CMakeFiles/km1-one.dir/User/comm/protocol/codec/protocol_codec.c.obj
                0x0800433c                proto_read_u32_le
 .text.proto_read_f32_le
                0x080043b2       0x4e CMakeFiles/km1-one.dir/User/comm/protocol/codec/protocol_codec.c.obj
                0x080043b2                proto_read_f32_le
 .text.proto_write_u32_le
                0x08004400       0x54 CMakeFiles/km1-one.dir/User/comm/protocol/codec/protocol_codec.c.obj
                0x08004400                proto_write_u32_le
 .text.proto_write_f32_le
                0x08004454       0x2a CMakeFiles/km1-one.dir/User/comm/protocol/codec/protocol_codec.c.obj
                0x08004454                proto_write_f32_le
 .text.proto_encode_cmd_frame
                0x0800447e       0x78 CMakeFiles/km1-one.dir/User/comm/protocol/codec/protocol_codec.c.obj
                0x0800447e                proto_encode_cmd_frame
 .text.proto_decode_servo_id_req
                0x080044f6       0x38 CMakeFiles/km1-one.dir/User/comm/protocol/codec/servo_codec.c.obj
                0x080044f6                proto_decode_servo_id_req
 .text.proto_decode_servo_set_pwm_req
                0x0800452e       0x62 CMakeFiles/km1-one.dir/User/comm/protocol/codec/servo_codec.c.obj
                0x0800452e                proto_decode_servo_set_pwm_req
 .text.proto_decode_servo_set_pos_req
                0x08004590       0x62 CMakeFiles/km1-one.dir/User/comm/protocol/codec/servo_codec.c.obj
                0x08004590                proto_decode_servo_set_pos_req
 .text.proto_decode_servo_home_req
                0x080045f2       0x36 CMakeFiles/km1-one.dir/User/comm/protocol/codec/servo_codec.c.obj
                0x080045f2                proto_decode_servo_home_req
 .text.proto_encode_servo_status_resp
                0x08004628       0x78 CMakeFiles/km1-one.dir/User/comm/protocol/codec/servo_codec.c.obj
                0x08004628                proto_encode_servo_status_resp
 .text.proto_decode_motion_start
                0x080046a0       0xc8 CMakeFiles/km1-one.dir/User/comm/protocol/codec/motion_codec.c.obj
                0x080046a0                proto_decode_motion_start
 .text.proto_decode_motion_id
                0x08004768       0x3a CMakeFiles/km1-one.dir/User/comm/protocol/codec/motion_codec.c.obj
                0x08004768                proto_decode_motion_id
 .text.proto_encode_motion_start_resp
                0x080047a2       0x44 CMakeFiles/km1-one.dir/User/comm/protocol/codec/motion_codec.c.obj
                0x080047a2                proto_encode_motion_start_resp
 .text.proto_encode_motion_status_resp
                0x080047e6       0x4e CMakeFiles/km1-one.dir/User/comm/protocol/codec/motion_codec.c.obj
                0x080047e6                proto_encode_motion_status_resp
 .text.proto_encode_motion_get_status_resp
                0x08004834       0x5c CMakeFiles/km1-one.dir/User/comm/protocol/codec/motion_codec.c.obj
                0x08004834                proto_encode_motion_get_status_resp
 .text.proto_decode_cycle_id
                0x08004890       0x3a CMakeFiles/km1-one.dir/User/comm/protocol/codec/cycle_codec.c.obj
                0x08004890                proto_decode_cycle_id
 .text.proto_decode_cycle_create
                0x080048ca      0x102 CMakeFiles/km1-one.dir/User/comm/protocol/codec/cycle_codec.c.obj
                0x080048ca                proto_decode_cycle_create
 .text.proto_encode_cycle_list_resp
                0x080049cc       0xfc CMakeFiles/km1-one.dir/User/comm/protocol/codec/cycle_codec.c.obj
                0x080049cc                proto_encode_cycle_list_resp
 .text.proto_encode_cycle_status_resp
                0x08004ac8       0x96 CMakeFiles/km1-one.dir/User/comm/protocol/codec/cycle_codec.c.obj
                0x08004ac8                proto_encode_cycle_status_resp
 .text.proto_encode_cycle_status_update_resp
                0x08004b5e       0x6a CMakeFiles/km1-one.dir/User/comm/protocol/codec/cycle_codec.c.obj
                0x08004b5e                proto_encode_cycle_status_update_resp
 .text.proto_decode_arm_home_req
                0x08004bc8       0x50 CMakeFiles/km1-one.dir/User/comm/protocol/codec/arm_codec.c.obj
                0x08004bc8                proto_decode_arm_home_req
 .text.proto_decode_arm_set_pose_req
                0x08004c18       0x64 CMakeFiles/km1-one.dir/User/comm/protocol/codec/arm_codec.c.obj
                0x08004c18                proto_decode_arm_set_pose_req
 .text.proto_encode_arm_status_resp
                0x08004c7c       0x3c CMakeFiles/km1-one.dir/User/comm/protocol/codec/arm_codec.c.obj
                0x08004c7c                proto_encode_arm_status_resp
 .text.process_without_ringbuffer
                0x08004cb8       0xb0 CMakeFiles/km1-one.dir/User/comm/drivers/uart_driver.c.obj
 .text.tx_queue_write
                0x08004d68       0xac CMakeFiles/km1-one.dir/User/comm/drivers/uart_driver.c.obj
 .text.tx_queue_read_linear
                0x08004e14       0x88 CMakeFiles/km1-one.dir/User/comm/drivers/uart_driver.c.obj
 .text.tx_queue_advance
                0x08004e9c       0x4c CMakeFiles/km1-one.dir/User/comm/drivers/uart_driver.c.obj
 .text.uart_driver_init
                0x08004ee8       0x64 CMakeFiles/km1-one.dir/User/comm/drivers/uart_driver.c.obj
                0x08004ee8                uart_driver_init
 .text.uart_driver_send
                0x08004f4c       0x48 CMakeFiles/km1-one.dir/User/comm/drivers/uart_driver.c.obj
                0x08004f4c                uart_driver_send
 .text.uart_driver_send_async
                0x08004f94       0xc8 CMakeFiles/km1-one.dir/User/comm/drivers/uart_driver.c.obj
                0x08004f94                uart_driver_send_async
 .text.uart_driver_poll
                0x0800505c        0xc CMakeFiles/km1-one.dir/User/comm/drivers/uart_driver.c.obj
                0x0800505c                uart_driver_poll
 .text.uart_driver_tx_complete_callback
                0x08005068       0x64 CMakeFiles/km1-one.dir/User/comm/drivers/uart_driver.c.obj
                0x08005068                uart_driver_tx_complete_callback
 .text.TF_WriteImpl
                0x080050cc       0x44 CMakeFiles/km1-one.dir/User/comm/transport/tf_uart_port.c.obj
                0x080050cc                TF_WriteImpl
 .text.tf_frame_listener
                0x08005110       0x44 CMakeFiles/km1-one.dir/User/comm/transport/tf_uart_port.c.obj
 .text.uart_rx_callback
                0x08005154       0x30 CMakeFiles/km1-one.dir/User/comm/transport/tf_uart_port.c.obj
 .text.tf_uart_port_init
                0x08005184       0x94 CMakeFiles/km1-one.dir/User/comm/transport/tf_uart_port.c.obj
                0x08005184                tf_uart_port_init
 .text.tf_uart_port_send_frame
                0x08005218       0x98 CMakeFiles/km1-one.dir/User/comm/transport/tf_uart_port.c.obj
                0x08005218                tf_uart_port_send_frame
 .text.tf_uart_port_poll
                0x080052b0        0xc CMakeFiles/km1-one.dir/User/comm/transport/tf_uart_port.c.obj
                0x080052b0                tf_uart_port_poll
 .text.tf_uart_port_tick_1ms
                0x080052bc       0x14 CMakeFiles/km1-one.dir/User/comm/transport/tf_uart_port.c.obj
                0x080052bc                tf_uart_port_tick_1ms
 .text.tf_uart_port_get_instance
                0x080052d0       0x14 CMakeFiles/km1-one.dir/User/comm/transport/tf_uart_port.c.obj
                0x080052d0                tf_uart_port_get_instance
 .text.TF_ClearMsg
                0x080052e4       0x1a CMakeFiles/km1-one.dir/User/comm/transport/TinyFrame/TinyFrame.c.obj
 *fill*         0x080052fe        0x2 
 .text.TF_ClaimTx
                0x08005300       0x34 CMakeFiles/km1-one.dir/User/comm/transport/TinyFrame/TinyFrame.c.obj
 .text.TF_ReleaseTx
                0x08005334       0x1a CMakeFiles/km1-one.dir/User/comm/transport/TinyFrame/TinyFrame.c.obj
 .text.TF_CksumStart
                0x0800534e        0xe CMakeFiles/km1-one.dir/User/comm/transport/TinyFrame/TinyFrame.c.obj
 .text.TF_CksumAdd
                0x0800535c       0x1c CMakeFiles/km1-one.dir/User/comm/transport/TinyFrame/TinyFrame.c.obj
 .text.TF_CksumEnd
                0x08005378       0x16 CMakeFiles/km1-one.dir/User/comm/transport/TinyFrame/TinyFrame.c.obj
 *fill*         0x0800538e        0x2 
 .text.TF_InitStatic
                0x08005390       0x54 CMakeFiles/km1-one.dir/User/comm/transport/TinyFrame/TinyFrame.c.obj
                0x08005390                TF_InitStatic
 .text.renew_id_listener
                0x080053e4       0x1a CMakeFiles/km1-one.dir/User/comm/transport/TinyFrame/TinyFrame.c.obj
 .text.cleanup_id_listener
                0x080053fe       0x78 CMakeFiles/km1-one.dir/User/comm/transport/TinyFrame/TinyFrame.c.obj
 .text.cleanup_type_listener
                0x08005476       0x3c CMakeFiles/km1-one.dir/User/comm/transport/TinyFrame/TinyFrame.c.obj
 .text.cleanup_generic_listener
                0x080054b2       0x3c CMakeFiles/km1-one.dir/User/comm/transport/TinyFrame/TinyFrame.c.obj
 *fill*         0x080054ee        0x2 
 .text.TF_AddIdListener
                0x080054f0       0xa0 CMakeFiles/km1-one.dir/User/comm/transport/TinyFrame/TinyFrame.c.obj
                0x080054f0                TF_AddIdListener
 .text.TF_AddTypeListener
                0x08005590       0x74 CMakeFiles/km1-one.dir/User/comm/transport/TinyFrame/TinyFrame.c.obj
                0x08005590                TF_AddTypeListener
 .text.TF_AddGenericListener
                0x08005604       0x6c CMakeFiles/km1-one.dir/User/comm/transport/TinyFrame/TinyFrame.c.obj
                0x08005604                TF_AddGenericListener
 .text.TF_HandleReceivedMessage
                0x08005670      0x1f4 CMakeFiles/km1-one.dir/User/comm/transport/TinyFrame/TinyFrame.c.obj
 .text.TF_Accept
                0x08005864       0x3a CMakeFiles/km1-one.dir/User/comm/transport/TinyFrame/TinyFrame.c.obj
                0x08005864                TF_Accept
 .text.TF_ResetParser
                0x0800589e       0x18 CMakeFiles/km1-one.dir/User/comm/transport/TinyFrame/TinyFrame.c.obj
                0x0800589e                TF_ResetParser
 .text.pars_begin_frame
                0x080058b6       0x4c CMakeFiles/km1-one.dir/User/comm/transport/TinyFrame/TinyFrame.c.obj
 *fill*         0x08005902        0x2 
 .text.TF_AcceptChar
                0x08005904      0x33c CMakeFiles/km1-one.dir/User/comm/transport/TinyFrame/TinyFrame.c.obj
                0x08005904                TF_AcceptChar
 .text.TF_ComposeHead
                0x08005c40      0x168 CMakeFiles/km1-one.dir/User/comm/transport/TinyFrame/TinyFrame.c.obj
 .text.TF_ComposeBody
                0x08005da8       0x68 CMakeFiles/km1-one.dir/User/comm/transport/TinyFrame/TinyFrame.c.obj
 .text.TF_ComposeTail
                0x08005e10       0x22 CMakeFiles/km1-one.dir/User/comm/transport/TinyFrame/TinyFrame.c.obj
 .text.TF_SendFrame_Begin
                0x08005e32       0x8c CMakeFiles/km1-one.dir/User/comm/transport/TinyFrame/TinyFrame.c.obj
 .text.TF_SendFrame_Chunk
                0x08005ebe       0xa4 CMakeFiles/km1-one.dir/User/comm/transport/TinyFrame/TinyFrame.c.obj
 .text.TF_SendFrame_End
                0x08005f62       0x88 CMakeFiles/km1-one.dir/User/comm/transport/TinyFrame/TinyFrame.c.obj
 .text.TF_SendFrame
                0x08005fea       0x5e CMakeFiles/km1-one.dir/User/comm/transport/TinyFrame/TinyFrame.c.obj
 .text.TF_Send  0x08006048       0x24 CMakeFiles/km1-one.dir/User/comm/transport/TinyFrame/TinyFrame.c.obj
                0x08006048                TF_Send
 .text.TF_Tick  0x0800606c       0xa8 CMakeFiles/km1-one.dir/User/comm/transport/TinyFrame/TinyFrame.c.obj
                0x0800606c                TF_Tick
 .text.dumpFrameInfo
                0x08006114       0x40 CMakeFiles/km1-one.dir/User/comm/transport/TinyFrame/utils.c.obj
                0x08006114                dumpFrameInfo
 .text.main     0x08006154       0x54 CMakeFiles/km1-one.dir/Core/Src/main.c.obj
                0x08006154                main
 .text.SystemClock_Config
                0x080061a8       0x8a CMakeFiles/km1-one.dir/Core/Src/main.c.obj
                0x080061a8                SystemClock_Config
 *fill*         0x08006232        0x2 
 .text.HAL_UART_TxCpltCallback
                0x08006234       0x24 CMakeFiles/km1-one.dir/Core/Src/main.c.obj
                0x08006234                HAL_UART_TxCpltCallback
 .text.HAL_TIM_PeriodElapsedCallback
                0x08006258       0x28 CMakeFiles/km1-one.dir/Core/Src/main.c.obj
                0x08006258                HAL_TIM_PeriodElapsedCallback
 .text.HAL_GPIO_EXTI_Callback
                0x08006280       0xb4 CMakeFiles/km1-one.dir/Core/Src/main.c.obj
                0x08006280                HAL_GPIO_EXTI_Callback
 .text.Error_Handler
                0x08006334        0xa CMakeFiles/km1-one.dir/Core/Src/main.c.obj
                0x08006334                Error_Handler
 *fill*         0x0800633e        0x2 
 .text.MX_GPIO_Init
                0x08006340       0xd8 CMakeFiles/km1-one.dir/Core/Src/gpio.c.obj
                0x08006340                MX_GPIO_Init
 .text.MX_DMA_Init
                0x08006418       0x6c CMakeFiles/km1-one.dir/Core/Src/dma.c.obj
                0x08006418                MX_DMA_Init
 .text.MX_TIM1_Init
                0x08006484       0xa0 CMakeFiles/km1-one.dir/Core/Src/tim.c.obj
                0x08006484                MX_TIM1_Init
 .text.MX_TIM2_Init
                0x08006524       0xb0 CMakeFiles/km1-one.dir/Core/Src/tim.c.obj
                0x08006524                MX_TIM2_Init
 .text.MX_TIM3_Init
                0x080065d4       0xb4 CMakeFiles/km1-one.dir/Core/Src/tim.c.obj
                0x080065d4                MX_TIM3_Init
 .text.MX_TIM4_Init
                0x08006688       0xf4 CMakeFiles/km1-one.dir/Core/Src/tim.c.obj
                0x08006688                MX_TIM4_Init
 .text.HAL_TIM_Base_MspInit
                0x0800677c       0x4c CMakeFiles/km1-one.dir/Core/Src/tim.c.obj
                0x0800677c                HAL_TIM_Base_MspInit
 .text.HAL_TIM_PWM_MspInit
                0x080067c8       0x88 CMakeFiles/km1-one.dir/Core/Src/tim.c.obj
                0x080067c8                HAL_TIM_PWM_MspInit
 .text.HAL_TIM_MspPostInit
                0x08006850      0x130 CMakeFiles/km1-one.dir/Core/Src/tim.c.obj
                0x08006850                HAL_TIM_MspPostInit
 .text.MX_USART1_UART_Init
                0x08006980       0x54 CMakeFiles/km1-one.dir/Core/Src/usart.c.obj
                0x08006980                MX_USART1_UART_Init
 .text.MX_USART3_UART_Init
                0x080069d4       0x54 CMakeFiles/km1-one.dir/Core/Src/usart.c.obj
                0x080069d4                MX_USART3_UART_Init
 .text.HAL_UART_MspInit
                0x08006a28      0x28c CMakeFiles/km1-one.dir/Core/Src/usart.c.obj
                0x08006a28                HAL_UART_MspInit
 .text._write   0x08006cb4       0x2c CMakeFiles/km1-one.dir/Core/Src/usart.c.obj
                0x08006cb4                _write
 .text.NMI_Handler
                0x08006ce0        0x6 CMakeFiles/km1-one.dir/Core/Src/stm32f1xx_it.c.obj
                0x08006ce0                NMI_Handler
 .text.HardFault_Handler
                0x08006ce6        0x6 CMakeFiles/km1-one.dir/Core/Src/stm32f1xx_it.c.obj
                0x08006ce6                HardFault_Handler
 .text.MemManage_Handler
                0x08006cec        0x6 CMakeFiles/km1-one.dir/Core/Src/stm32f1xx_it.c.obj
                0x08006cec                MemManage_Handler
 .text.BusFault_Handler
                0x08006cf2        0x6 CMakeFiles/km1-one.dir/Core/Src/stm32f1xx_it.c.obj
                0x08006cf2                BusFault_Handler
 .text.UsageFault_Handler
                0x08006cf8        0x6 CMakeFiles/km1-one.dir/Core/Src/stm32f1xx_it.c.obj
                0x08006cf8                UsageFault_Handler
 .text.SVC_Handler
                0x08006cfe        0xc CMakeFiles/km1-one.dir/Core/Src/stm32f1xx_it.c.obj
                0x08006cfe                SVC_Handler
 .text.DebugMon_Handler
                0x08006d0a        0xc CMakeFiles/km1-one.dir/Core/Src/stm32f1xx_it.c.obj
                0x08006d0a                DebugMon_Handler
 .text.PendSV_Handler
                0x08006d16        0xc CMakeFiles/km1-one.dir/Core/Src/stm32f1xx_it.c.obj
                0x08006d16                PendSV_Handler
 .text.SysTick_Handler
                0x08006d22        0xc CMakeFiles/km1-one.dir/Core/Src/stm32f1xx_it.c.obj
                0x08006d22                SysTick_Handler
 *fill*         0x08006d2e        0x2 
 .text.DMA1_Channel2_IRQHandler
                0x08006d30       0x14 CMakeFiles/km1-one.dir/Core/Src/stm32f1xx_it.c.obj
                0x08006d30                DMA1_Channel2_IRQHandler
 .text.DMA1_Channel3_IRQHandler
                0x08006d44       0x14 CMakeFiles/km1-one.dir/Core/Src/stm32f1xx_it.c.obj
                0x08006d44                DMA1_Channel3_IRQHandler
 .text.DMA1_Channel4_IRQHandler
                0x08006d58       0x14 CMakeFiles/km1-one.dir/Core/Src/stm32f1xx_it.c.obj
                0x08006d58                DMA1_Channel4_IRQHandler
 .text.DMA1_Channel5_IRQHandler
                0x08006d6c       0x14 CMakeFiles/km1-one.dir/Core/Src/stm32f1xx_it.c.obj
                0x08006d6c                DMA1_Channel5_IRQHandler
 .text.EXTI9_5_IRQHandler
                0x08006d80       0x10 CMakeFiles/km1-one.dir/Core/Src/stm32f1xx_it.c.obj
                0x08006d80                EXTI9_5_IRQHandler
 .text.TIM1_UP_IRQHandler
                0x08006d90       0x14 CMakeFiles/km1-one.dir/Core/Src/stm32f1xx_it.c.obj
                0x08006d90                TIM1_UP_IRQHandler
 .text.USART1_IRQHandler
                0x08006da4       0x14 CMakeFiles/km1-one.dir/Core/Src/stm32f1xx_it.c.obj
                0x08006da4                USART1_IRQHandler
 .text.USART3_IRQHandler
                0x08006db8       0x14 CMakeFiles/km1-one.dir/Core/Src/stm32f1xx_it.c.obj
                0x08006db8                USART3_IRQHandler
 .text.EXTI15_10_IRQHandler
                0x08006dcc       0x10 CMakeFiles/km1-one.dir/Core/Src/stm32f1xx_it.c.obj
                0x08006dcc                EXTI15_10_IRQHandler
 .text.HAL_MspInit
                0x08006ddc       0x64 CMakeFiles/km1-one.dir/Core/Src/stm32f1xx_hal_msp.c.obj
                0x08006ddc                HAL_MspInit
 .text.HAL_TIM_Base_Init
                0x08006e40       0x9e CMakeFiles/km1-one.dir/Drivers/STM32F1xx_HAL_Driver/Src/stm32f1xx_hal_tim.c.obj
                0x08006e40                HAL_TIM_Base_Init
 *fill*         0x08006ede        0x2 
 .text.HAL_TIM_Base_Start_IT
                0x08006ee0       0xa4 CMakeFiles/km1-one.dir/Drivers/STM32F1xx_HAL_Driver/Src/stm32f1xx_hal_tim.c.obj
                0x08006ee0                HAL_TIM_Base_Start_IT
 .text.HAL_TIM_PWM_Init
                0x08006f84       0x9e CMakeFiles/km1-one.dir/Drivers/STM32F1xx_HAL_Driver/Src/stm32f1xx_hal_tim.c.obj
                0x08006f84                HAL_TIM_PWM_Init
 *fill*         0x08007022        0x2 
 .text.HAL_TIM_PWM_Start
                0x08007024      0x144 CMakeFiles/km1-one.dir/Drivers/STM32F1xx_HAL_Driver/Src/stm32f1xx_hal_tim.c.obj
                0x08007024                HAL_TIM_PWM_Start
 .text.HAL_TIM_IRQHandler
                0x08007168      0x1e0 CMakeFiles/km1-one.dir/Drivers/STM32F1xx_HAL_Driver/Src/stm32f1xx_hal_tim.c.obj
                0x08007168                HAL_TIM_IRQHandler
 .text.HAL_TIM_PWM_ConfigChannel
                0x08007348      0x184 CMakeFiles/km1-one.dir/Drivers/STM32F1xx_HAL_Driver/Src/stm32f1xx_hal_tim.c.obj
                0x08007348                HAL_TIM_PWM_ConfigChannel
 .text.HAL_TIM_ConfigClockSource
                0x080074cc      0x18e CMakeFiles/km1-one.dir/Drivers/STM32F1xx_HAL_Driver/Src/stm32f1xx_hal_tim.c.obj
                0x080074cc                HAL_TIM_ConfigClockSource
 .text.HAL_TIM_OC_DelayElapsedCallback
                0x0800765a       0x12 CMakeFiles/km1-one.dir/Drivers/STM32F1xx_HAL_Driver/Src/stm32f1xx_hal_tim.c.obj
                0x0800765a                HAL_TIM_OC_DelayElapsedCallback
 .text.HAL_TIM_IC_CaptureCallback
                0x0800766c       0x12 CMakeFiles/km1-one.dir/Drivers/STM32F1xx_HAL_Driver/Src/stm32f1xx_hal_tim.c.obj
                0x0800766c                HAL_TIM_IC_CaptureCallback
 .text.HAL_TIM_PWM_PulseFinishedCallback
                0x0800767e       0x12 CMakeFiles/km1-one.dir/Drivers/STM32F1xx_HAL_Driver/Src/stm32f1xx_hal_tim.c.obj
                0x0800767e                HAL_TIM_PWM_PulseFinishedCallback
 .text.HAL_TIM_TriggerCallback
                0x08007690       0x12 CMakeFiles/km1-one.dir/Drivers/STM32F1xx_HAL_Driver/Src/stm32f1xx_hal_tim.c.obj
                0x08007690                HAL_TIM_TriggerCallback
 *fill*         0x080076a2        0x2 
 .text.TIM_Base_SetConfig
                0x080076a4       0xdc CMakeFiles/km1-one.dir/Drivers/STM32F1xx_HAL_Driver/Src/stm32f1xx_hal_tim.c.obj
                0x080076a4                TIM_Base_SetConfig
 .text.TIM_OC1_SetConfig
                0x08007780       0xcc CMakeFiles/km1-one.dir/Drivers/STM32F1xx_HAL_Driver/Src/stm32f1xx_hal_tim.c.obj
 .text.TIM_OC2_SetConfig
                0x0800784c       0xd4 CMakeFiles/km1-one.dir/Drivers/STM32F1xx_HAL_Driver/Src/stm32f1xx_hal_tim.c.obj
                0x0800784c                TIM_OC2_SetConfig
 .text.TIM_OC3_SetConfig
                0x08007920       0xd4 CMakeFiles/km1-one.dir/Drivers/STM32F1xx_HAL_Driver/Src/stm32f1xx_hal_tim.c.obj
 .text.TIM_OC4_SetConfig
                0x080079f4       0x9c CMakeFiles/km1-one.dir/Drivers/STM32F1xx_HAL_Driver/Src/stm32f1xx_hal_tim.c.obj
 .text.TIM_TI1_ConfigInputStage
                0x08007a90       0x5c CMakeFiles/km1-one.dir/Drivers/STM32F1xx_HAL_Driver/Src/stm32f1xx_hal_tim.c.obj
 .text.TIM_TI2_ConfigInputStage
                0x08007aec       0x5e CMakeFiles/km1-one.dir/Drivers/STM32F1xx_HAL_Driver/Src/stm32f1xx_hal_tim.c.obj
 .text.TIM_ITRx_SetConfig
                0x08007b4a       0x34 CMakeFiles/km1-one.dir/Drivers/STM32F1xx_HAL_Driver/Src/stm32f1xx_hal_tim.c.obj
 .text.TIM_ETR_SetConfig
                0x08007b7e       0x3e CMakeFiles/km1-one.dir/Drivers/STM32F1xx_HAL_Driver/Src/stm32f1xx_hal_tim.c.obj
                0x08007b7e                TIM_ETR_SetConfig
 .text.TIM_CCxChannelCmd
                0x08007bbc       0x48 CMakeFiles/km1-one.dir/Drivers/STM32F1xx_HAL_Driver/Src/stm32f1xx_hal_tim.c.obj
                0x08007bbc                TIM_CCxChannelCmd
 .text.HAL_TIMEx_MasterConfigSynchronization
                0x08007c04       0xbc CMakeFiles/km1-one.dir/Drivers/STM32F1xx_HAL_Driver/Src/stm32f1xx_hal_tim_ex.c.obj
                0x08007c04                HAL_TIMEx_MasterConfigSynchronization
 .text.HAL_TIMEx_CommutCallback
                0x08007cc0       0x12 CMakeFiles/km1-one.dir/Drivers/STM32F1xx_HAL_Driver/Src/stm32f1xx_hal_tim_ex.c.obj
                0x08007cc0                HAL_TIMEx_CommutCallback
 .text.HAL_TIMEx_BreakCallback
                0x08007cd2       0x12 CMakeFiles/km1-one.dir/Drivers/STM32F1xx_HAL_Driver/Src/stm32f1xx_hal_tim_ex.c.obj
                0x08007cd2                HAL_TIMEx_BreakCallback
 .text.HAL_Init
                0x08007ce4       0x2c CMakeFiles/km1-one.dir/Drivers/STM32F1xx_HAL_Driver/Src/stm32f1xx_hal.c.obj
                0x08007ce4                HAL_Init
 .text.HAL_InitTick
                0x08007d10       0x60 CMakeFiles/km1-one.dir/Drivers/STM32F1xx_HAL_Driver/Src/stm32f1xx_hal.c.obj
                0x08007d10                HAL_InitTick
 .text.HAL_IncTick
                0x08007d70       0x24 CMakeFiles/km1-one.dir/Drivers/STM32F1xx_HAL_Driver/Src/stm32f1xx_hal.c.obj
                0x08007d70                HAL_IncTick
 .text.HAL_GetTick
                0x08007d94       0x14 CMakeFiles/km1-one.dir/Drivers/STM32F1xx_HAL_Driver/Src/stm32f1xx_hal.c.obj
                0x08007d94                HAL_GetTick
 .text.HAL_RCC_OscConfig
                0x08007da8      0x504 CMakeFiles/km1-one.dir/Drivers/STM32F1xx_HAL_Driver/Src/stm32f1xx_hal_rcc.c.obj
                0x08007da8                HAL_RCC_OscConfig
 .text.HAL_RCC_ClockConfig
                0x080082ac      0x1d4 CMakeFiles/km1-one.dir/Drivers/STM32F1xx_HAL_Driver/Src/stm32f1xx_hal_rcc.c.obj
                0x080082ac                HAL_RCC_ClockConfig
 .text.HAL_RCC_GetSysClockFreq
                0x08008480       0xa8 CMakeFiles/km1-one.dir/Drivers/STM32F1xx_HAL_Driver/Src/stm32f1xx_hal_rcc.c.obj
                0x08008480                HAL_RCC_GetSysClockFreq
 .text.HAL_RCC_GetHCLKFreq
                0x08008528       0x14 CMakeFiles/km1-one.dir/Drivers/STM32F1xx_HAL_Driver/Src/stm32f1xx_hal_rcc.c.obj
                0x08008528                HAL_RCC_GetHCLKFreq
 .text.HAL_RCC_GetPCLK1Freq
                0x0800853c       0x28 CMakeFiles/km1-one.dir/Drivers/STM32F1xx_HAL_Driver/Src/stm32f1xx_hal_rcc.c.obj
                0x0800853c                HAL_RCC_GetPCLK1Freq
 .text.HAL_RCC_GetPCLK2Freq
                0x08008564       0x28 CMakeFiles/km1-one.dir/Drivers/STM32F1xx_HAL_Driver/Src/stm32f1xx_hal_rcc.c.obj
                0x08008564                HAL_RCC_GetPCLK2Freq
 .text.RCC_Delay
                0x0800858c       0x3c CMakeFiles/km1-one.dir/Drivers/STM32F1xx_HAL_Driver/Src/stm32f1xx_hal_rcc.c.obj
 .text.HAL_GPIO_Init
                0x080085c8      0x308 CMakeFiles/km1-one.dir/Drivers/STM32F1xx_HAL_Driver/Src/stm32f1xx_hal_gpio.c.obj
                0x080085c8                HAL_GPIO_Init
 .text.HAL_GPIO_WritePin
                0x080088d0       0x30 CMakeFiles/km1-one.dir/Drivers/STM32F1xx_HAL_Driver/Src/stm32f1xx_hal_gpio.c.obj
                0x080088d0                HAL_GPIO_WritePin
 .text.HAL_GPIO_EXTI_IRQHandler
                0x08008900       0x30 CMakeFiles/km1-one.dir/Drivers/STM32F1xx_HAL_Driver/Src/stm32f1xx_hal_gpio.c.obj
                0x08008900                HAL_GPIO_EXTI_IRQHandler
 .text.HAL_DMA_Init
                0x08008930       0xb4 CMakeFiles/km1-one.dir/Drivers/STM32F1xx_HAL_Driver/Src/stm32f1xx_hal_dma.c.obj
                0x08008930                HAL_DMA_Init
 .text.HAL_DMA_Start_IT
                0x080089e4       0xc0 CMakeFiles/km1-one.dir/Drivers/STM32F1xx_HAL_Driver/Src/stm32f1xx_hal_dma.c.obj
                0x080089e4                HAL_DMA_Start_IT
 .text.HAL_DMA_Abort
                0x08008aa4       0x76 CMakeFiles/km1-one.dir/Drivers/STM32F1xx_HAL_Driver/Src/stm32f1xx_hal_dma.c.obj
                0x08008aa4                HAL_DMA_Abort
 *fill*         0x08008b1a        0x2 
 .text.HAL_DMA_Abort_IT
                0x08008b1c       0xf0 CMakeFiles/km1-one.dir/Drivers/STM32F1xx_HAL_Driver/Src/stm32f1xx_hal_dma.c.obj
                0x08008b1c                HAL_DMA_Abort_IT
 .text.HAL_DMA_IRQHandler
                0x08008c0c      0x20c CMakeFiles/km1-one.dir/Drivers/STM32F1xx_HAL_Driver/Src/stm32f1xx_hal_dma.c.obj
                0x08008c0c                HAL_DMA_IRQHandler
 .text.DMA_SetConfig
                0x08008e18       0x5a CMakeFiles/km1-one.dir/Drivers/STM32F1xx_HAL_Driver/Src/stm32f1xx_hal_dma.c.obj
 *fill*         0x08008e72        0x2 
 .text.__NVIC_SetPriorityGrouping
                0x08008e74       0x48 CMakeFiles/km1-one.dir/Drivers/STM32F1xx_HAL_Driver/Src/stm32f1xx_hal_cortex.c.obj
 .text.__NVIC_GetPriorityGrouping
                0x08008ebc       0x1c CMakeFiles/km1-one.dir/Drivers/STM32F1xx_HAL_Driver/Src/stm32f1xx_hal_cortex.c.obj
 .text.__NVIC_EnableIRQ
                0x08008ed8       0x38 CMakeFiles/km1-one.dir/Drivers/STM32F1xx_HAL_Driver/Src/stm32f1xx_hal_cortex.c.obj
 .text.__NVIC_SetPriority
                0x08008f10       0x54 CMakeFiles/km1-one.dir/Drivers/STM32F1xx_HAL_Driver/Src/stm32f1xx_hal_cortex.c.obj
 .text.NVIC_EncodePriority
                0x08008f64       0x64 CMakeFiles/km1-one.dir/Drivers/STM32F1xx_HAL_Driver/Src/stm32f1xx_hal_cortex.c.obj
 .text.SysTick_Config
                0x08008fc8       0x44 CMakeFiles/km1-one.dir/Drivers/STM32F1xx_HAL_Driver/Src/stm32f1xx_hal_cortex.c.obj
 .text.HAL_NVIC_SetPriorityGrouping
                0x0800900c       0x16 CMakeFiles/km1-one.dir/Drivers/STM32F1xx_HAL_Driver/Src/stm32f1xx_hal_cortex.c.obj
                0x0800900c                HAL_NVIC_SetPriorityGrouping
 .text.HAL_NVIC_SetPriority
                0x08009022       0x38 CMakeFiles/km1-one.dir/Drivers/STM32F1xx_HAL_Driver/Src/stm32f1xx_hal_cortex.c.obj
                0x08009022                HAL_NVIC_SetPriority
 .text.HAL_NVIC_EnableIRQ
                0x0800905a       0x1c CMakeFiles/km1-one.dir/Drivers/STM32F1xx_HAL_Driver/Src/stm32f1xx_hal_cortex.c.obj
                0x0800905a                HAL_NVIC_EnableIRQ
 .text.HAL_SYSTICK_Config
                0x08009076       0x18 CMakeFiles/km1-one.dir/Drivers/STM32F1xx_HAL_Driver/Src/stm32f1xx_hal_cortex.c.obj
                0x08009076                HAL_SYSTICK_Config
 .text.HAL_UART_Init
                0x0800908e       0xa0 CMakeFiles/km1-one.dir/Drivers/STM32F1xx_HAL_Driver/Src/stm32f1xx_hal_uart.c.obj
                0x0800908e                HAL_UART_Init
 .text.HAL_UART_Transmit
                0x0800912e      0x116 CMakeFiles/km1-one.dir/Drivers/STM32F1xx_HAL_Driver/Src/stm32f1xx_hal_uart.c.obj
                0x0800912e                HAL_UART_Transmit
 .text.HAL_UART_Transmit_DMA
                0x08009244       0xe0 CMakeFiles/km1-one.dir/Drivers/STM32F1xx_HAL_Driver/Src/stm32f1xx_hal_uart.c.obj
                0x08009244                HAL_UART_Transmit_DMA
 .text.HAL_UART_Receive_DMA
                0x08009324       0x4a CMakeFiles/km1-one.dir/Drivers/STM32F1xx_HAL_Driver/Src/stm32f1xx_hal_uart.c.obj
                0x08009324                HAL_UART_Receive_DMA
 *fill*         0x0800936e        0x2 
 .text.HAL_UART_IRQHandler
                0x08009370      0x524 CMakeFiles/km1-one.dir/Drivers/STM32F1xx_HAL_Driver/Src/stm32f1xx_hal_uart.c.obj
                0x08009370                HAL_UART_IRQHandler
 .text.HAL_UART_TxHalfCpltCallback
                0x08009894       0x12 CMakeFiles/km1-one.dir/Drivers/STM32F1xx_HAL_Driver/Src/stm32f1xx_hal_uart.c.obj
                0x08009894                HAL_UART_TxHalfCpltCallback
 .text.HAL_UART_RxCpltCallback
                0x080098a6       0x12 CMakeFiles/km1-one.dir/Drivers/STM32F1xx_HAL_Driver/Src/stm32f1xx_hal_uart.c.obj
                0x080098a6                HAL_UART_RxCpltCallback
 .text.HAL_UART_RxHalfCpltCallback
                0x080098b8       0x12 CMakeFiles/km1-one.dir/Drivers/STM32F1xx_HAL_Driver/Src/stm32f1xx_hal_uart.c.obj
                0x080098b8                HAL_UART_RxHalfCpltCallback
 .text.HAL_UART_ErrorCallback
                0x080098ca       0x12 CMakeFiles/km1-one.dir/Drivers/STM32F1xx_HAL_Driver/Src/stm32f1xx_hal_uart.c.obj
                0x080098ca                HAL_UART_ErrorCallback
 .text.HAL_UARTEx_RxEventCallback
                0x080098dc       0x16 CMakeFiles/km1-one.dir/Drivers/STM32F1xx_HAL_Driver/Src/stm32f1xx_hal_uart.c.obj
                0x080098dc                HAL_UARTEx_RxEventCallback
 .text.UART_DMATransmitCplt
                0x080098f2       0x9a CMakeFiles/km1-one.dir/Drivers/STM32F1xx_HAL_Driver/Src/stm32f1xx_hal_uart.c.obj
 .text.UART_DMATxHalfCplt
                0x0800998c       0x1c CMakeFiles/km1-one.dir/Drivers/STM32F1xx_HAL_Driver/Src/stm32f1xx_hal_uart.c.obj
 .text.UART_DMAReceiveCplt
                0x080099a8      0x12c CMakeFiles/km1-one.dir/Drivers/STM32F1xx_HAL_Driver/Src/stm32f1xx_hal_uart.c.obj
 .text.UART_DMARxHalfCplt
                0x08009ad4       0x3c CMakeFiles/km1-one.dir/Drivers/STM32F1xx_HAL_Driver/Src/stm32f1xx_hal_uart.c.obj
 .text.UART_DMAError
                0x08009b10       0x94 CMakeFiles/km1-one.dir/Drivers/STM32F1xx_HAL_Driver/Src/stm32f1xx_hal_uart.c.obj
 .text.UART_WaitOnFlagUntilTimeout
                0x08009ba4       0xb2 CMakeFiles/km1-one.dir/Drivers/STM32F1xx_HAL_Driver/Src/stm32f1xx_hal_uart.c.obj
 *fill*         0x08009c56        0x2 
 .text.UART_Start_Receive_DMA
                0x08009c58      0x134 CMakeFiles/km1-one.dir/Drivers/STM32F1xx_HAL_Driver/Src/stm32f1xx_hal_uart.c.obj
                0x08009c58                UART_Start_Receive_DMA
 .text.UART_EndTxTransfer
                0x08009d8c       0x4e CMakeFiles/km1-one.dir/Drivers/STM32F1xx_HAL_Driver/Src/stm32f1xx_hal_uart.c.obj
 .text.UART_EndRxTransfer
                0x08009dda       0xc4 CMakeFiles/km1-one.dir/Drivers/STM32F1xx_HAL_Driver/Src/stm32f1xx_hal_uart.c.obj
 .text.UART_DMAAbortOnError
                0x08009e9e       0x28 CMakeFiles/km1-one.dir/Drivers/STM32F1xx_HAL_Driver/Src/stm32f1xx_hal_uart.c.obj
 .text.UART_Transmit_IT
                0x08009ec6       0x9e CMakeFiles/km1-one.dir/Drivers/STM32F1xx_HAL_Driver/Src/stm32f1xx_hal_uart.c.obj
 .text.UART_EndTransmit_IT
                0x08009f64       0x30 CMakeFiles/km1-one.dir/Drivers/STM32F1xx_HAL_Driver/Src/stm32f1xx_hal_uart.c.obj
 .text.UART_Receive_IT
                0x08009f94      0x17c CMakeFiles/km1-one.dir/Drivers/STM32F1xx_HAL_Driver/Src/stm32f1xx_hal_uart.c.obj
 .text.UART_SetConfig
                0x0800a110      0x11c CMakeFiles/km1-one.dir/Drivers/STM32F1xx_HAL_Driver/Src/stm32f1xx_hal_uart.c.obj
 .text.SystemInit
                0x0800a22c        0xc CMakeFiles/km1-one.dir/Core/Src/system_stm32f1xx.c.obj
                0x0800a22c                SystemInit
 .text._sbrk    0x0800a238       0x6c CMakeFiles/km1-one.dir/Core/Src/sysmem.c.obj
                0x0800a238                _sbrk
 .text._read    0x0800a2a4       0x3a CMakeFiles/km1-one.dir/Core/Src/syscalls.c.obj
                0x0800a2a4                _read
 .text._close   0x0800a2de       0x16 CMakeFiles/km1-one.dir/Core/Src/syscalls.c.obj
                0x0800a2de                _close
 .text._fstat   0x0800a2f4       0x1e CMakeFiles/km1-one.dir/Core/Src/syscalls.c.obj
                0x0800a2f4                _fstat
 .text._isatty  0x0800a312       0x14 CMakeFiles/km1-one.dir/Core/Src/syscalls.c.obj
                0x0800a312                _isatty
 .text._lseek   0x0800a326       0x18 CMakeFiles/km1-one.dir/Core/Src/syscalls.c.obj
                0x0800a326                _lseek
 *fill*         0x0800a33e        0x2 
 .text.Reset_Handler
                0x0800a340       0x48 CMakeFiles/km1-one.dir/startup_stm32f103xb.s.obj
                0x0800a340                Reset_Handler
 .text.Default_Handler
                0x0800a388        0x2 CMakeFiles/km1-one.dir/startup_stm32f103xb.s.obj
                0x0800a388                RTC_Alarm_IRQHandler
                0x0800a388                EXTI2_IRQHandler
                0x0800a388                TIM1_CC_IRQHandler
                0x0800a388                PVD_IRQHandler
                0x0800a388                EXTI3_IRQHandler
                0x0800a388                EXTI0_IRQHandler
                0x0800a388                I2C2_EV_IRQHandler
                0x0800a388                ADC1_2_IRQHandler
                0x0800a388                SPI1_IRQHandler
                0x0800a388                TAMPER_IRQHandler
                0x0800a388                RTC_IRQHandler
                0x0800a388                DMA1_Channel7_IRQHandler
                0x0800a388                CAN1_RX1_IRQHandler
                0x0800a388                TIM4_IRQHandler
                0x0800a388                I2C1_EV_IRQHandler
                0x0800a388                DMA1_Channel6_IRQHandler
                0x0800a388                TIM3_IRQHandler
                0x0800a388                RCC_IRQHandler
                0x0800a388                TIM1_TRG_COM_IRQHandler
                0x0800a388                DMA1_Channel1_IRQHandler
                0x0800a388                Default_Handler
                0x0800a388                SPI2_IRQHandler
                0x0800a388                EXTI4_IRQHandler
                0x0800a388                USB_LP_CAN1_RX0_IRQHandler
                0x0800a388                USB_HP_CAN1_TX_IRQHandler
                0x0800a388                WWDG_IRQHandler
                0x0800a388                TIM2_IRQHandler
                0x0800a388                TIM1_BRK_IRQHandler
                0x0800a388                EXTI1_IRQHandler
                0x0800a388                USART2_IRQHandler
                0x0800a388                I2C2_ER_IRQHandler
                0x0800a388                CAN1_SCE_IRQHandler
                0x0800a388                FLASH_IRQHandler
                0x0800a388                I2C1_ER_IRQHandler
                0x0800a388                USBWakeUp_IRQHandler
 *fill*         0x0800a38a        0x2 
 .text.__errno  0x0800a38c        0xc d:/progra~1/gnuarm~1/102021~1.10/bin/../lib/gcc/arm-none-eabi/10.3.1/../../../../arm-none-eabi/lib/thumb/v7-m/nofp\libg_nano.a(lib_a-errno.o)
                0x0800a38c                __errno
 .text.memcpy   0x0800a398       0x1c d:/progra~1/gnuarm~1/102021~1.10/bin/../lib/gcc/arm-none-eabi/10.3.1/../../../../arm-none-eabi/lib/thumb/v7-m/nofp\libg_nano.a(lib_a-memcpy-stub.o)
                0x0800a398                memcpy
 .text._free_r  0x0800a3b4       0x90 d:/progra~1/gnuarm~1/102021~1.10/bin/../lib/gcc/arm-none-eabi/10.3.1/../../../../arm-none-eabi/lib/thumb/v7-m/nofp\libg_nano.a(lib_a-nano-freer.o)
                0x0800a3b4                _free_r
 .text.sbrk_aligned
                0x0800a444       0x40 d:/progra~1/gnuarm~1/102021~1.10/bin/../lib/gcc/arm-none-eabi/10.3.1/../../../../arm-none-eabi/lib/thumb/v7-m/nofp\libg_nano.a(lib_a-nano-mallocr.o)
 .text._malloc_r
                0x0800a484       0xe8 d:/progra~1/gnuarm~1/102021~1.10/bin/../lib/gcc/arm-none-eabi/10.3.1/../../../../arm-none-eabi/lib/thumb/v7-m/nofp\libg_nano.a(lib_a-nano-mallocr.o)
                0x0800a484                _malloc_r
 .text.printf   0x0800a56c       0x30 d:/progra~1/gnuarm~1/102021~1.10/bin/../lib/gcc/arm-none-eabi/10.3.1/../../../../arm-none-eabi/lib/thumb/v7-m/nofp\libg_nano.a(lib_a-printf.o)
                0x0800a56c                iprintf
                0x0800a56c                printf
 .text.putchar  0x0800a59c       0x28 d:/progra~1/gnuarm~1/102021~1.10/bin/../lib/gcc/arm-none-eabi/10.3.1/../../../../arm-none-eabi/lib/thumb/v7-m/nofp\libg_nano.a(lib_a-putchar.o)
                0x0800a59c                putchar
 .text._puts_r  0x0800a5c4       0xdc d:/progra~1/gnuarm~1/102021~1.10/bin/../lib/gcc/arm-none-eabi/10.3.1/../../../../arm-none-eabi/lib/thumb/v7-m/nofp\libg_nano.a(lib_a-puts.o)
                0x0800a5c4                _puts_r
 .text.puts     0x0800a6a0       0x10 d:/progra~1/gnuarm~1/102021~1.10/bin/../lib/gcc/arm-none-eabi/10.3.1/../../../../arm-none-eabi/lib/thumb/v7-m/nofp\libg_nano.a(lib_a-puts.o)
                0x0800a6a0                puts
 .text._sbrk_r  0x0800a6b0       0x20 d:/progra~1/gnuarm~1/102021~1.10/bin/../lib/gcc/arm-none-eabi/10.3.1/../../../../arm-none-eabi/lib/thumb/v7-m/nofp\libg_nano.a(lib_a-sbrkr.o)
                0x0800a6b0                _sbrk_r
 .text.__swbuf_r
                0x0800a6d0       0xa4 d:/progra~1/gnuarm~1/102021~1.10/bin/../lib/gcc/arm-none-eabi/10.3.1/../../../../arm-none-eabi/lib/thumb/v7-m/nofp\libg_nano.a(lib_a-wbuf.o)
                0x0800a6d0                __swbuf_r
 .text.__swsetup_r
                0x0800a774       0xdc d:/progra~1/gnuarm~1/102021~1.10/bin/../lib/gcc/arm-none-eabi/10.3.1/../../../../arm-none-eabi/lib/thumb/v7-m/nofp\libg_nano.a(lib_a-wsetup.o)
                0x0800a774                __swsetup_r
 .text.__sflush_r
                0x0800a850      0x104 d:/progra~1/gnuarm~1/102021~1.10/bin/../lib/gcc/arm-none-eabi/10.3.1/../../../../arm-none-eabi/lib/thumb/v7-m/nofp\libg_nano.a(lib_a-fflush.o)
                0x0800a850                __sflush_r
 .text._fflush_r
                0x0800a954       0x78 d:/progra~1/gnuarm~1/102021~1.10/bin/../lib/gcc/arm-none-eabi/10.3.1/../../../../arm-none-eabi/lib/thumb/v7-m/nofp\libg_nano.a(lib_a-fflush.o)
                0x0800a954                _fflush_r
 .text.std      0x0800a9cc       0x48 d:/progra~1/gnuarm~1/102021~1.10/bin/../lib/gcc/arm-none-eabi/10.3.1/../../../../arm-none-eabi/lib/thumb/v7-m/nofp\libg_nano.a(lib_a-findfp.o)
 .text._cleanup_r
                0x0800aa14        0xc d:/progra~1/gnuarm~1/102021~1.10/bin/../lib/gcc/arm-none-eabi/10.3.1/../../../../arm-none-eabi/lib/thumb/v7-m/nofp\libg_nano.a(lib_a-findfp.o)
                0x0800aa14                _cleanup_r
 .text.__sfmoreglue
                0x0800aa20       0x2c d:/progra~1/gnuarm~1/102021~1.10/bin/../lib/gcc/arm-none-eabi/10.3.1/../../../../arm-none-eabi/lib/thumb/v7-m/nofp\libg_nano.a(lib_a-findfp.o)
                0x0800aa20                __sfmoreglue
 .text.__sfp_lock_acquire
                0x0800aa4c        0xc d:/progra~1/gnuarm~1/102021~1.10/bin/../lib/gcc/arm-none-eabi/10.3.1/../../../../arm-none-eabi/lib/thumb/v7-m/nofp\libg_nano.a(lib_a-findfp.o)
                0x0800aa4c                __sfp_lock_acquire
 .text.__sfp_lock_release
                0x0800aa58        0xc d:/progra~1/gnuarm~1/102021~1.10/bin/../lib/gcc/arm-none-eabi/10.3.1/../../../../arm-none-eabi/lib/thumb/v7-m/nofp\libg_nano.a(lib_a-findfp.o)
                0x0800aa58                __sfp_lock_release
 .text.__sinit_lock_acquire
                0x0800aa64        0xc d:/progra~1/gnuarm~1/102021~1.10/bin/../lib/gcc/arm-none-eabi/10.3.1/../../../../arm-none-eabi/lib/thumb/v7-m/nofp\libg_nano.a(lib_a-findfp.o)
                0x0800aa64                __sinit_lock_acquire
 .text.__sinit_lock_release
                0x0800aa70        0xc d:/progra~1/gnuarm~1/102021~1.10/bin/../lib/gcc/arm-none-eabi/10.3.1/../../../../arm-none-eabi/lib/thumb/v7-m/nofp\libg_nano.a(lib_a-findfp.o)
                0x0800aa70                __sinit_lock_release
 .text.__sinit  0x0800aa7c       0x70 d:/progra~1/gnuarm~1/102021~1.10/bin/../lib/gcc/arm-none-eabi/10.3.1/../../../../arm-none-eabi/lib/thumb/v7-m/nofp\libg_nano.a(lib_a-findfp.o)
                0x0800aa7c                __sinit
 .text.__sfp    0x0800aaec       0x8c d:/progra~1/gnuarm~1/102021~1.10/bin/../lib/gcc/arm-none-eabi/10.3.1/../../../../arm-none-eabi/lib/thumb/v7-m/nofp\libg_nano.a(lib_a-findfp.o)
                0x0800aaec                __sfp
 .text._fwalk_reent
                0x0800ab78       0x3e d:/progra~1/gnuarm~1/102021~1.10/bin/../lib/gcc/arm-none-eabi/10.3.1/../../../../arm-none-eabi/lib/thumb/v7-m/nofp\libg_nano.a(lib_a-fwalk.o)
                0x0800ab78                _fwalk_reent
 .text.__retarget_lock_init_recursive
                0x0800abb6        0x2 d:/progra~1/gnuarm~1/102021~1.10/bin/../lib/gcc/arm-none-eabi/10.3.1/../../../../arm-none-eabi/lib/thumb/v7-m/nofp\libg_nano.a(lib_a-lock.o)
                0x0800abb6                __retarget_lock_init_recursive
 .text.__retarget_lock_acquire_recursive
                0x0800abb8        0x2 d:/progra~1/gnuarm~1/102021~1.10/bin/../lib/gcc/arm-none-eabi/10.3.1/../../../../arm-none-eabi/lib/thumb/v7-m/nofp\libg_nano.a(lib_a-lock.o)
                0x0800abb8                __retarget_lock_acquire_recursive
 .text.__retarget_lock_release_recursive
                0x0800abba        0x2 d:/progra~1/gnuarm~1/102021~1.10/bin/../lib/gcc/arm-none-eabi/10.3.1/../../../../arm-none-eabi/lib/thumb/v7-m/nofp\libg_nano.a(lib_a-lock.o)
                0x0800abba                __retarget_lock_release_recursive
 .text.__swhatbuf_r
                0x0800abbc       0x4a d:/progra~1/gnuarm~1/102021~1.10/bin/../lib/gcc/arm-none-eabi/10.3.1/../../../../arm-none-eabi/lib/thumb/v7-m/nofp\libg_nano.a(lib_a-makebuf.o)
                0x0800abbc                __swhatbuf_r
 *fill*         0x0800ac06        0x2 
 .text.__smakebuf_r
                0x0800ac08       0x80 d:/progra~1/gnuarm~1/102021~1.10/bin/../lib/gcc/arm-none-eabi/10.3.1/../../../../arm-none-eabi/lib/thumb/v7-m/nofp\libg_nano.a(lib_a-makebuf.o)
                0x0800ac08                __smakebuf_r
 .text.__malloc_lock
                0x0800ac88        0xc d:/progra~1/gnuarm~1/102021~1.10/bin/../lib/gcc/arm-none-eabi/10.3.1/../../../../arm-none-eabi/lib/thumb/v7-m/nofp\libg_nano.a(lib_a-mlock.o)
                0x0800ac88                __malloc_lock
 .text.__malloc_unlock
                0x0800ac94        0xc d:/progra~1/gnuarm~1/102021~1.10/bin/../lib/gcc/arm-none-eabi/10.3.1/../../../../arm-none-eabi/lib/thumb/v7-m/nofp\libg_nano.a(lib_a-mlock.o)
                0x0800ac94                __malloc_unlock
 .text.__sfputc_r
                0x0800aca0       0x2a d:/progra~1/gnuarm~1/102021~1.10/bin/../lib/gcc/arm-none-eabi/10.3.1/../../../../arm-none-eabi/lib/thumb/v7-m/nofp\libg_nano.a(lib_a-nano-vfprintf.o)
 .text.__sfputs_r
                0x0800acca       0x24 d:/progra~1/gnuarm~1/102021~1.10/bin/../lib/gcc/arm-none-eabi/10.3.1/../../../../arm-none-eabi/lib/thumb/v7-m/nofp\libg_nano.a(lib_a-nano-vfprintf.o)
                0x0800acca                __sfputs_r
 *fill*         0x0800acee        0x2 
 .text._vfprintf_r
                0x0800acf0      0x260 d:/progra~1/gnuarm~1/102021~1.10/bin/../lib/gcc/arm-none-eabi/10.3.1/../../../../arm-none-eabi/lib/thumb/v7-m/nofp\libg_nano.a(lib_a-nano-vfprintf.o)
                0x0800acf0                _vfprintf_r
                0x0800acf0                _vfiprintf_r
 .text._printf_common
                0x0800af50       0xde d:/progra~1/gnuarm~1/102021~1.10/bin/../lib/gcc/arm-none-eabi/10.3.1/../../../../arm-none-eabi/lib/thumb/v7-m/nofp\libg_nano.a(lib_a-nano-vfprintf_i.o)
                0x0800af50                _printf_common
 *fill*         0x0800b02e        0x2 
 .text._printf_i
                0x0800b030      0x24c d:/progra~1/gnuarm~1/102021~1.10/bin/../lib/gcc/arm-none-eabi/10.3.1/../../../../arm-none-eabi/lib/thumb/v7-m/nofp\libg_nano.a(lib_a-nano-vfprintf_i.o)
                0x0800b030                _printf_i
 .text._putc_r  0x0800b27c       0x90 d:/progra~1/gnuarm~1/102021~1.10/bin/../lib/gcc/arm-none-eabi/10.3.1/../../../../arm-none-eabi/lib/thumb/v7-m/nofp\libg_nano.a(lib_a-putc.o)
                0x0800b27c                _putc_r
 .text.__sread  0x0800b30c       0x22 d:/progra~1/gnuarm~1/102021~1.10/bin/../lib/gcc/arm-none-eabi/10.3.1/../../../../arm-none-eabi/lib/thumb/v7-m/nofp\libg_nano.a(lib_a-stdio.o)
                0x0800b30c                __sread
 .text.__swrite
                0x0800b32e       0x38 d:/progra~1/gnuarm~1/102021~1.10/bin/../lib/gcc/arm-none-eabi/10.3.1/../../../../arm-none-eabi/lib/thumb/v7-m/nofp\libg_nano.a(lib_a-stdio.o)
                0x0800b32e                __swrite
 .text.__sseek  0x0800b366       0x24 d:/progra~1/gnuarm~1/102021~1.10/bin/../lib/gcc/arm-none-eabi/10.3.1/../../../../arm-none-eabi/lib/thumb/v7-m/nofp\libg_nano.a(lib_a-stdio.o)
                0x0800b366                __sseek
 .text.__sclose
                0x0800b38a        0x8 d:/progra~1/gnuarm~1/102021~1.10/bin/../lib/gcc/arm-none-eabi/10.3.1/../../../../arm-none-eabi/lib/thumb/v7-m/nofp\libg_nano.a(lib_a-stdio.o)
                0x0800b38a                __sclose
 *fill*         0x0800b392        0x2 
 .text._write_r
                0x0800b394       0x24 d:/progra~1/gnuarm~1/102021~1.10/bin/../lib/gcc/arm-none-eabi/10.3.1/../../../../arm-none-eabi/lib/thumb/v7-m/nofp\libg_nano.a(lib_a-writer.o)
                0x0800b394                _write_r
 .text._close_r
                0x0800b3b8       0x20 d:/progra~1/gnuarm~1/102021~1.10/bin/../lib/gcc/arm-none-eabi/10.3.1/../../../../arm-none-eabi/lib/thumb/v7-m/nofp\libg_nano.a(lib_a-closer.o)
                0x0800b3b8                _close_r
 .text._fstat_r
                0x0800b3d8       0x24 d:/progra~1/gnuarm~1/102021~1.10/bin/../lib/gcc/arm-none-eabi/10.3.1/../../../../arm-none-eabi/lib/thumb/v7-m/nofp\libg_nano.a(lib_a-fstatr.o)
                0x0800b3d8                _fstat_r
 .text._isatty_r
                0x0800b3fc       0x20 d:/progra~1/gnuarm~1/102021~1.10/bin/../lib/gcc/arm-none-eabi/10.3.1/../../../../arm-none-eabi/lib/thumb/v7-m/nofp\libg_nano.a(lib_a-isattyr.o)
                0x0800b3fc                _isatty_r
 .text._lseek_r
                0x0800b41c       0x24 d:/progra~1/gnuarm~1/102021~1.10/bin/../lib/gcc/arm-none-eabi/10.3.1/../../../../arm-none-eabi/lib/thumb/v7-m/nofp\libg_nano.a(lib_a-lseekr.o)
                0x0800b41c                _lseek_r
 .text.memchr   0x0800b440       0x1c d:/progra~1/gnuarm~1/102021~1.10/bin/../lib/gcc/arm-none-eabi/10.3.1/../../../../arm-none-eabi/lib/thumb/v7-m/nofp\libg_nano.a(lib_a-memchr-stub.o)
                0x0800b440                memchr
 .text._read_r  0x0800b45c       0x24 d:/progra~1/gnuarm~1/102021~1.10/bin/../lib/gcc/arm-none-eabi/10.3.1/../../../../arm-none-eabi/lib/thumb/v7-m/nofp\libg_nano.a(lib_a-readr.o)
                0x0800b45c                _read_r
 .text.powf     0x0800b480       0xa8 d:/progra~1/gnuarm~1/102021~1.10/bin/../lib/gcc/arm-none-eabi/10.3.1/../../../../arm-none-eabi/lib/thumb/v7-m/nofp\libm.a(lib_a-wf_pow.o)
                0x0800b480                powf
 .text.__ieee754_powf
                0x0800b528      0x73c d:/progra~1/gnuarm~1/102021~1.10/bin/../lib/gcc/arm-none-eabi/10.3.1/../../../../arm-none-eabi/lib/thumb/v7-m/nofp\libm.a(lib_a-ef_pow.o)
                0x0800b528                __ieee754_powf
 .text.__ieee754_sqrtf
                0x0800bc64       0xb0 d:/progra~1/gnuarm~1/102021~1.10/bin/../lib/gcc/arm-none-eabi/10.3.1/../../../../arm-none-eabi/lib/thumb/v7-m/nofp\libm.a(lib_a-ef_sqrt.o)
                0x0800bc64                __ieee754_sqrtf
 .text.with_errnof
                0x0800bd14       0x14 d:/progra~1/gnuarm~1/102021~1.10/bin/../lib/gcc/arm-none-eabi/10.3.1/../../../../arm-none-eabi/lib/thumb/v7-m/nofp\libm.a(lib_a-math_errf.o)
 .text.xflowf   0x0800bd28       0x28 d:/progra~1/gnuarm~1/102021~1.10/bin/../lib/gcc/arm-none-eabi/10.3.1/../../../../arm-none-eabi/lib/thumb/v7-m/nofp\libm.a(lib_a-math_errf.o)
 .text.__math_uflowf
                0x0800bd50        0x8 d:/progra~1/gnuarm~1/102021~1.10/bin/../lib/gcc/arm-none-eabi/10.3.1/../../../../arm-none-eabi/lib/thumb/v7-m/nofp\libm.a(lib_a-math_errf.o)
                0x0800bd50                __math_uflowf
 .text.__math_oflowf
                0x0800bd58        0x8 d:/progra~1/gnuarm~1/102021~1.10/bin/../lib/gcc/arm-none-eabi/10.3.1/../../../../arm-none-eabi/lib/thumb/v7-m/nofp\libm.a(lib_a-math_errf.o)
                0x0800bd58                __math_oflowf
 .text.fabsf    0x0800bd60        0x8 d:/progra~1/gnuarm~1/102021~1.10/bin/../lib/gcc/arm-none-eabi/10.3.1/../../../../arm-none-eabi/lib/thumb/v7-m/nofp\libm.a(lib_a-sf_fabs.o)
                0x0800bd60                fabsf
 .text.finitef  0x0800bd68       0x10 d:/progra~1/gnuarm~1/102021~1.10/bin/../lib/gcc/arm-none-eabi/10.3.1/../../../../arm-none-eabi/lib/thumb/v7-m/nofp\libm.a(lib_a-sf_finite.o)
                0x0800bd68                finitef
 .text.scalbnf  0x0800bd78       0xbc d:/progra~1/gnuarm~1/102021~1.10/bin/../lib/gcc/arm-none-eabi/10.3.1/../../../../arm-none-eabi/lib/thumb/v7-m/nofp\libm.a(lib_a-sf_scalbn.o)
                0x0800bd78                scalbnf
 *(.glue_7)
 .glue_7        0x0800be34        0x0 linker stubs
 *(.glue_7t)
 .glue_7t       0x0800be34        0x0 linker stubs
 *(.eh_frame)
 .eh_frame      0x0800be34        0x0 d:/progra~1/gnuarm~1/102021~1.10/bin/../lib/gcc/arm-none-eabi/10.3.1/thumb/v7-m/nofp/crtbegin.o
 *(.init)
 .init          0x0800be34        0x4 d:/progra~1/gnuarm~1/102021~1.10/bin/../lib/gcc/arm-none-eabi/10.3.1/thumb/v7-m/nofp/crti.o
                0x0800be34                _init
 .init          0x0800be38        0x8 d:/progra~1/gnuarm~1/102021~1.10/bin/../lib/gcc/arm-none-eabi/10.3.1/thumb/v7-m/nofp/crtn.o
 *(.fini)
 .fini          0x0800be40        0x4 d:/progra~1/gnuarm~1/102021~1.10/bin/../lib/gcc/arm-none-eabi/10.3.1/thumb/v7-m/nofp/crti.o
                0x0800be40                _fini
 .fini          0x0800be44        0x8 d:/progra~1/gnuarm~1/102021~1.10/bin/../lib/gcc/arm-none-eabi/10.3.1/thumb/v7-m/nofp/crtn.o
                0x0800be4c                . = ALIGN (0x4)
                0x0800be4c                _etext = .

.vfp11_veneer   0x0800be4c        0x0
 .vfp11_veneer  0x0800be4c        0x0 linker stubs

.v4_bx          0x0800be4c        0x0
 .v4_bx         0x0800be4c        0x0 linker stubs

.iplt           0x0800be4c        0x0
 .iplt          0x0800be4c        0x0 d:/progra~1/gnuarm~1/102021~1.10/bin/../lib/gcc/arm-none-eabi/10.3.1/thumb/v7-m/nofp/crtbegin.o

.rodata         0x0800be4c      0xd5c
                0x0800be4c                . = ALIGN (0x4)
 *(.rodata)
 .rodata        0x0800be4c       0x18 CMakeFiles/km1-one.dir/User/servo/motion/motion_engine.c.obj
 .rodata        0x0800be64        0x8 CMakeFiles/km1-one.dir/User/comm/protocol/listener/sys_listener.c.obj
 .rodata        0x0800be6c      0x113 CMakeFiles/km1-one.dir/User/comm/protocol/listener/servo_listener.c.obj
 *fill*         0x0800bf7f        0x1 
 .rodata        0x0800bf80      0x144 CMakeFiles/km1-one.dir/User/comm/protocol/listener/motion_listener.c.obj
 .rodata        0x0800c0c4      0x5c3 CMakeFiles/km1-one.dir/User/comm/protocol/listener/cycle_listener.c.obj
 *fill*         0x0800c687        0x1 
 .rodata        0x0800c688      0x18e CMakeFiles/km1-one.dir/User/comm/transport/tf_uart_port.c.obj
 *fill*         0x0800c816        0x2 
 .rodata        0x0800c818      0x219 CMakeFiles/km1-one.dir/User/comm/transport/TinyFrame/TinyFrame.c.obj
 *fill*         0x0800ca31        0x3 
 .rodata        0x0800ca34       0x86 CMakeFiles/km1-one.dir/User/comm/transport/TinyFrame/utils.c.obj
 *fill*         0x0800caba        0x2 
 .rodata        0x0800cabc       0x27 CMakeFiles/km1-one.dir/Core/Src/main.c.obj
 *(.rodata*)
 *fill*         0x0800cae3        0x1 
 .rodata._global_impure_ptr
                0x0800cae4        0x4 d:/progra~1/gnuarm~1/102021~1.10/bin/../lib/gcc/arm-none-eabi/10.3.1/../../../../arm-none-eabi/lib/thumb/v7-m/nofp\libc_nano.a(lib_a-impure.o)
                0x0800cae4                _global_impure_ptr
 .rodata.aPLLMULFactorTable.1
                0x0800cae8       0x10 CMakeFiles/km1-one.dir/Drivers/STM32F1xx_HAL_Driver/Src/stm32f1xx_hal_rcc.c.obj
 .rodata.aPredivFactorTable.0
                0x0800caf8        0x2 CMakeFiles/km1-one.dir/Drivers/STM32F1xx_HAL_Driver/Src/stm32f1xx_hal_rcc.c.obj
 *fill*         0x0800cafa        0x2 
 .rodata.AHBPrescTable
                0x0800cafc       0x10 CMakeFiles/km1-one.dir/Core/Src/system_stm32f1xx.c.obj
                0x0800cafc                AHBPrescTable
 .rodata.APBPrescTable
                0x0800cb0c        0x8 CMakeFiles/km1-one.dir/Core/Src/system_stm32f1xx.c.obj
                0x0800cb0c                APBPrescTable
 .rodata.__sf_fake_stderr
                0x0800cb14       0x20 d:/progra~1/gnuarm~1/102021~1.10/bin/../lib/gcc/arm-none-eabi/10.3.1/../../../../arm-none-eabi/lib/thumb/v7-m/nofp\libg_nano.a(lib_a-findfp.o)
                0x0800cb14                __sf_fake_stderr
 .rodata.__sf_fake_stdin
                0x0800cb34       0x20 d:/progra~1/gnuarm~1/102021~1.10/bin/../lib/gcc/arm-none-eabi/10.3.1/../../../../arm-none-eabi/lib/thumb/v7-m/nofp\libg_nano.a(lib_a-findfp.o)
                0x0800cb34                __sf_fake_stdin
 .rodata.__sf_fake_stdout
                0x0800cb54       0x20 d:/progra~1/gnuarm~1/102021~1.10/bin/../lib/gcc/arm-none-eabi/10.3.1/../../../../arm-none-eabi/lib/thumb/v7-m/nofp\libg_nano.a(lib_a-findfp.o)
                0x0800cb54                __sf_fake_stdout
 .rodata._vfprintf_r.str1.1
                0x0800cb74       0x11 d:/progra~1/gnuarm~1/102021~1.10/bin/../lib/gcc/arm-none-eabi/10.3.1/../../../../arm-none-eabi/lib/thumb/v7-m/nofp\libg_nano.a(lib_a-nano-vfprintf.o)
 .rodata._printf_i.str1.1
                0x0800cb85       0x22 d:/progra~1/gnuarm~1/102021~1.10/bin/../lib/gcc/arm-none-eabi/10.3.1/../../../../arm-none-eabi/lib/thumb/v7-m/nofp\libg_nano.a(lib_a-nano-vfprintf_i.o)
                0x0800cba8                . = ALIGN (0x4)
 *fill*         0x0800cba7        0x1 

.rel.dyn        0x0800cba8        0x0
 .rel.iplt      0x0800cba8        0x0 d:/progra~1/gnuarm~1/102021~1.10/bin/../lib/gcc/arm-none-eabi/10.3.1/thumb/v7-m/nofp/crtbegin.o

.ARM.extab
 *(.ARM.extab* .gnu.linkonce.armextab.*)

.ARM            0x0800cba8        0x0
                0x0800cba8                __exidx_start = .
 *(.ARM.exidx*)
                0x0800cba8                __exidx_end = .

.preinit_array  0x0800cba8        0x0
                0x0800cba8                PROVIDE (__preinit_array_start = .)
 *(.preinit_array*)
                0x0800cba8                PROVIDE (__preinit_array_end = .)

.init_array     0x0800cba8        0x4
                0x0800cba8                PROVIDE (__init_array_start = .)
 *(SORT_BY_NAME(.init_array.*))
 *(.init_array*)
 .init_array    0x0800cba8        0x4 d:/progra~1/gnuarm~1/102021~1.10/bin/../lib/gcc/arm-none-eabi/10.3.1/thumb/v7-m/nofp/crtbegin.o
                0x0800cbac                PROVIDE (__init_array_end = .)

.fini_array     0x0800cbac        0x4
                [!provide]                PROVIDE (__fini_array_start = .)
 *(SORT_BY_NAME(.fini_array.*))
 *(.fini_array*)
 .fini_array    0x0800cbac        0x4 d:/progra~1/gnuarm~1/102021~1.10/bin/../lib/gcc/arm-none-eabi/10.3.1/thumb/v7-m/nofp/crtbegin.o
                [!provide]                PROVIDE (__fini_array_end = .)
                0x0800cbb0                _sidata = LOADADDR (.data)

.data           0x20000000       0xa4 load address 0x0800cbb0
                0x20000000                . = ALIGN (0x4)
                0x20000000                _sdata = .
 *(.data)
 *(.data*)
 .data._impure_ptr
                0x20000000        0x4 d:/progra~1/gnuarm~1/102021~1.10/bin/../lib/gcc/arm-none-eabi/10.3.1/../../../../arm-none-eabi/lib/thumb/v7-m/nofp\libc_nano.a(lib_a-impure.o)
                0x20000000                _impure_ptr
 .data.impure_data
                0x20000004       0x60 d:/progra~1/gnuarm~1/102021~1.10/bin/../lib/gcc/arm-none-eabi/10.3.1/../../../../arm-none-eabi/lib/thumb/v7-m/nofp\libc_nano.a(lib_a-impure.o)
 .data.servo_hw_map
                0x20000064       0x30 CMakeFiles/km1-one.dir/User/servo/drivers/servo_hal.c.obj
 .data.next_group_id
                0x20000094        0x4 CMakeFiles/km1-one.dir/User/servo/motion/motion_sync.c.obj
 .data.uwTickPrio
                0x20000098        0x4 CMakeFiles/km1-one.dir/Drivers/STM32F1xx_HAL_Driver/Src/stm32f1xx_hal.c.obj
                0x20000098                uwTickPrio
 .data.uwTickFreq
                0x2000009c        0x1 CMakeFiles/km1-one.dir/Drivers/STM32F1xx_HAL_Driver/Src/stm32f1xx_hal.c.obj
                0x2000009c                uwTickFreq
 *fill*         0x2000009d        0x3 
 .data.SystemCoreClock
                0x200000a0        0x4 CMakeFiles/km1-one.dir/Core/Src/system_stm32f1xx.c.obj
                0x200000a0                SystemCoreClock
                0x200000a4                . = ALIGN (0x4)
                0x200000a4                _edata = .

.igot.plt       0x200000a4        0x0 load address 0x0800cc54
 .igot.plt      0x200000a4        0x0 d:/progra~1/gnuarm~1/102021~1.10/bin/../lib/gcc/arm-none-eabi/10.3.1/thumb/v7-m/nofp/crtbegin.o
                0x200000a4                . = ALIGN (0x4)

.bss            0x200000a4     0x1d0c load address 0x0800cc54
                0x200000a4                _sbss = .
                0x200000a4                __bss_start__ = _sbss
 *(.bss)
 .bss           0x200000a4       0x1c d:/progra~1/gnuarm~1/102021~1.10/bin/../lib/gcc/arm-none-eabi/10.3.1/thumb/v7-m/nofp/crtbegin.o
 *(.bss*)
 .bss.servo_motions
                0x200000c0      0x138 CMakeFiles/km1-one.dir/User/servo/motion/motion_engine.c.obj
 .bss.global_moving_mask
                0x200001f8        0x4 CMakeFiles/km1-one.dir/User/servo/motion/motion_engine.c.obj
 .bss.global_complete_callback
                0x200001fc        0x4 CMakeFiles/km1-one.dir/User/servo/motion/motion_engine.c.obj
 .bss.servo_usage
                0x20000200       0x18 CMakeFiles/km1-one.dir/User/servo/motion/motion_sync.c.obj
 .bss.sync_groups
                0x20000218       0xa0 CMakeFiles/km1-one.dir/User/servo/motion/motion_sync.c.obj
 .bss.cycle     0x200002b8      0x138 CMakeFiles/km1-one.dir/User/servo/motion/motion_cycle.c.obj
 .bss.s_servo_notify_mask
                0x200003f0        0x4 CMakeFiles/km1-one.dir/User/comm/protocol/listener/servo_listener.c.obj
 .bss.s_proto_cycle_data
                0x200003f4      0x738 CMakeFiles/km1-one.dir/User/comm/protocol/listener/cycle_listener.c.obj
 .bss.s_cycle_notify_mask
                0x20000b2c        0x4 CMakeFiles/km1-one.dir/User/comm/protocol/listener/cycle_listener.c.obj
 .bss.dma_rx_buffer
                0x20000b30      0x400 CMakeFiles/km1-one.dir/User/comm/drivers/uart_driver.c.obj
 .bss.last_dma_pos
                0x20000f30        0x2 CMakeFiles/km1-one.dir/User/comm/drivers/uart_driver.c.obj
 *fill*         0x20000f32        0x2 
 .bss.tx_in_progress
                0x20000f34        0x4 CMakeFiles/km1-one.dir/User/comm/drivers/uart_driver.c.obj
 .bss.user_rx_callback
                0x20000f38        0x4 CMakeFiles/km1-one.dir/User/comm/drivers/uart_driver.c.obj
 .bss.tx_buffer
                0x20000f3c      0x200 CMakeFiles/km1-one.dir/User/comm/drivers/uart_driver.c.obj
 .bss.tx_wr_idx
                0x2000113c        0x2 CMakeFiles/km1-one.dir/User/comm/drivers/uart_driver.c.obj
 .bss.tx_rd_idx
                0x2000113e        0x2 CMakeFiles/km1-one.dir/User/comm/drivers/uart_driver.c.obj
 .bss.tx_current_len
                0x20001140        0x4 CMakeFiles/km1-one.dir/User/comm/drivers/uart_driver.c.obj
 .bss.tf_instance
                0x20001144      0x97c CMakeFiles/km1-one.dir/User/comm/transport/tf_uart_port.c.obj
 .bss.user_callback
                0x20001ac0        0x4 CMakeFiles/km1-one.dir/User/comm/transport/tf_uart_port.c.obj
 .bss.tf_uart_inited
                0x20001ac4        0x1 CMakeFiles/km1-one.dir/User/comm/transport/tf_uart_port.c.obj
 .bss.button1_flag
                0x20001ac5        0x1 CMakeFiles/km1-one.dir/Core/Src/main.c.obj
                0x20001ac5                button1_flag
 .bss.button2_flag
                0x20001ac6        0x1 CMakeFiles/km1-one.dir/Core/Src/main.c.obj
                0x20001ac6                button2_flag
 *fill*         0x20001ac7        0x1 
 .bss.last_press_time1
                0x20001ac8        0x4 CMakeFiles/km1-one.dir/Core/Src/main.c.obj
                0x20001ac8                last_press_time1
 .bss.last_press_time2
                0x20001acc        0x4 CMakeFiles/km1-one.dir/Core/Src/main.c.obj
                0x20001acc                last_press_time2
 .bss.idx1      0x20001ad0        0x4 CMakeFiles/km1-one.dir/Core/Src/main.c.obj
                0x20001ad0                idx1
 .bss.idx2      0x20001ad4        0x4 CMakeFiles/km1-one.dir/Core/Src/main.c.obj
                0x20001ad4                idx2
 .bss.htim1     0x20001ad8       0x48 CMakeFiles/km1-one.dir/Core/Src/tim.c.obj
                0x20001ad8                htim1
 .bss.htim2     0x20001b20       0x48 CMakeFiles/km1-one.dir/Core/Src/tim.c.obj
                0x20001b20                htim2
 .bss.htim3     0x20001b68       0x48 CMakeFiles/km1-one.dir/Core/Src/tim.c.obj
                0x20001b68                htim3
 .bss.htim4     0x20001bb0       0x48 CMakeFiles/km1-one.dir/Core/Src/tim.c.obj
                0x20001bb0                htim4
 .bss.huart1    0x20001bf8       0x48 CMakeFiles/km1-one.dir/Core/Src/usart.c.obj
                0x20001bf8                huart1
 .bss.huart3    0x20001c40       0x48 CMakeFiles/km1-one.dir/Core/Src/usart.c.obj
                0x20001c40                huart3
 .bss.hdma_usart1_rx
                0x20001c88       0x44 CMakeFiles/km1-one.dir/Core/Src/usart.c.obj
                0x20001c88                hdma_usart1_rx
 .bss.hdma_usart1_tx
                0x20001ccc       0x44 CMakeFiles/km1-one.dir/Core/Src/usart.c.obj
                0x20001ccc                hdma_usart1_tx
 .bss.hdma_usart3_rx
                0x20001d10       0x44 CMakeFiles/km1-one.dir/Core/Src/usart.c.obj
                0x20001d10                hdma_usart3_rx
 .bss.hdma_usart3_tx
                0x20001d54       0x44 CMakeFiles/km1-one.dir/Core/Src/usart.c.obj
                0x20001d54                hdma_usart3_tx
 .bss.uwTick    0x20001d98        0x4 CMakeFiles/km1-one.dir/Drivers/STM32F1xx_HAL_Driver/Src/stm32f1xx_hal.c.obj
                0x20001d98                uwTick
 .bss.__sbrk_heap_end
                0x20001d9c        0x4 CMakeFiles/km1-one.dir/Core/Src/sysmem.c.obj
 .bss.__malloc_free_list
                0x20001da0        0x4 d:/progra~1/gnuarm~1/102021~1.10/bin/../lib/gcc/arm-none-eabi/10.3.1/../../../../arm-none-eabi/lib/thumb/v7-m/nofp\libg_nano.a(lib_a-nano-mallocr.o)
                0x20001da0                __malloc_free_list
 .bss.__malloc_sbrk_start
                0x20001da4        0x4 d:/progra~1/gnuarm~1/102021~1.10/bin/../lib/gcc/arm-none-eabi/10.3.1/../../../../arm-none-eabi/lib/thumb/v7-m/nofp\libg_nano.a(lib_a-nano-mallocr.o)
                0x20001da4                __malloc_sbrk_start
 .bss.__lock___malloc_recursive_mutex
                0x20001da8        0x1 d:/progra~1/gnuarm~1/102021~1.10/bin/../lib/gcc/arm-none-eabi/10.3.1/../../../../arm-none-eabi/lib/thumb/v7-m/nofp\libg_nano.a(lib_a-lock.o)
                0x20001da8                __lock___malloc_recursive_mutex
 .bss.__lock___sfp_recursive_mutex
                0x20001da9        0x1 d:/progra~1/gnuarm~1/102021~1.10/bin/../lib/gcc/arm-none-eabi/10.3.1/../../../../arm-none-eabi/lib/thumb/v7-m/nofp\libg_nano.a(lib_a-lock.o)
                0x20001da9                __lock___sfp_recursive_mutex
 .bss.__lock___sinit_recursive_mutex
                0x20001daa        0x1 d:/progra~1/gnuarm~1/102021~1.10/bin/../lib/gcc/arm-none-eabi/10.3.1/../../../../arm-none-eabi/lib/thumb/v7-m/nofp\libg_nano.a(lib_a-lock.o)
                0x20001daa                __lock___sinit_recursive_mutex
 *fill*         0x20001dab        0x1 
 .bss.errno     0x20001dac        0x4 d:/progra~1/gnuarm~1/102021~1.10/bin/../lib/gcc/arm-none-eabi/10.3.1/../../../../arm-none-eabi/lib/thumb/v7-m/nofp\libg_nano.a(lib_a-reent.o)
                0x20001dac                errno
 *(COMMON)
                0x20001db0                . = ALIGN (0x4)
                0x20001db0                _ebss = .
                0x20001db0                __bss_end__ = _ebss

._user_heap_stack
                0x20001db0     0x1400 load address 0x0800cc54
                0x20001db0                . = ALIGN (0x8)
                [!provide]                PROVIDE (end = .)
                0x20001db0                PROVIDE (_end = .)
                0x200021b0                . = (. + _Min_Heap_Size)
 *fill*         0x20001db0      0x400 
                0x200031b0                . = (. + _Min_Stack_Size)
 *fill*         0x200021b0     0x1000 
                0x200031b0                . = ALIGN (0x8)

/DISCARD/
 libc.a(*)
 libm.a(*)
 libgcc.a(*)

.ARM.attributes
                0x00000000       0x29
 *(.ARM.attributes)
 .ARM.attributes
                0x00000000       0x1d d:/progra~1/gnuarm~1/102021~1.10/bin/../lib/gcc/arm-none-eabi/10.3.1/thumb/v7-m/nofp/crti.o
 .ARM.attributes
                0x0000001d       0x2d d:/progra~1/gnuarm~1/102021~1.10/bin/../lib/gcc/arm-none-eabi/10.3.1/thumb/v7-m/nofp/crtbegin.o
 .ARM.attributes
                0x0000004a       0x2d d:/progra~1/gnuarm~1/102021~1.10/bin/../lib/gcc/arm-none-eabi/10.3.1/../../../../arm-none-eabi/lib/thumb/v7-m/nofp\libc_nano.a(lib_a-impure.o)
 .ARM.attributes
                0x00000077       0x2d d:/progra~1/gnuarm~1/102021~1.10/bin/../lib/gcc/arm-none-eabi/10.3.1/../../../../arm-none-eabi/lib/thumb/v7-m/nofp\libc_nano.a(lib_a-init.o)
 .ARM.attributes
                0x000000a4       0x2d d:/progra~1/gnuarm~1/102021~1.10/bin/../lib/gcc/arm-none-eabi/10.3.1/../../../../arm-none-eabi/lib/thumb/v7-m/nofp\libc_nano.a(lib_a-memset.o)
 .ARM.attributes
                0x000000d1       0x2d CMakeFiles/km1-one.dir/User/servo/drivers/servo_hal.c.obj
 .ARM.attributes
                0x000000fe       0x2d CMakeFiles/km1-one.dir/User/servo/motion/motion_engine.c.obj
 .ARM.attributes
                0x0000012b       0x2d CMakeFiles/km1-one.dir/User/servo/motion/motion_sync.c.obj
 .ARM.attributes
                0x00000158       0x2d CMakeFiles/km1-one.dir/User/servo/motion/motion_cycle.c.obj
 .ARM.attributes
                0x00000185       0x2d CMakeFiles/km1-one.dir/User/comm/protocol/protocol.c.obj
 .ARM.attributes
                0x000001b2       0x2d CMakeFiles/km1-one.dir/User/comm/protocol/state_sender.c.obj
 .ARM.attributes
                0x000001df       0x2d CMakeFiles/km1-one.dir/User/comm/protocol/listener/sys_listener.c.obj
 .ARM.attributes
                0x0000020c       0x2d CMakeFiles/km1-one.dir/User/comm/protocol/listener/servo_listener.c.obj
 .ARM.attributes
                0x00000239       0x2d CMakeFiles/km1-one.dir/User/comm/protocol/listener/motion_listener.c.obj
 .ARM.attributes
                0x00000266       0x2d CMakeFiles/km1-one.dir/User/comm/protocol/listener/cycle_listener.c.obj
 .ARM.attributes
                0x00000293       0x2d CMakeFiles/km1-one.dir/User/comm/protocol/listener/arm_listener.c.obj
 .ARM.attributes
                0x000002c0       0x2d CMakeFiles/km1-one.dir/User/comm/protocol/listener/config_listener.c.obj
 .ARM.attributes
                0x000002ed       0x2d CMakeFiles/km1-one.dir/User/comm/protocol/codec/protocol_codec.c.obj
 .ARM.attributes
                0x0000031a       0x2d CMakeFiles/km1-one.dir/User/comm/protocol/codec/servo_codec.c.obj
 .ARM.attributes
                0x00000347       0x2d CMakeFiles/km1-one.dir/User/comm/protocol/codec/motion_codec.c.obj
 .ARM.attributes
                0x00000374       0x2d CMakeFiles/km1-one.dir/User/comm/protocol/codec/cycle_codec.c.obj
 .ARM.attributes
                0x000003a1       0x2d CMakeFiles/km1-one.dir/User/comm/protocol/codec/arm_codec.c.obj
 .ARM.attributes
                0x000003ce       0x2d CMakeFiles/km1-one.dir/User/comm/drivers/uart_driver.c.obj
 .ARM.attributes
                0x000003fb       0x2d CMakeFiles/km1-one.dir/User/comm/transport/tf_uart_port.c.obj
 .ARM.attributes
                0x00000428       0x2d CMakeFiles/km1-one.dir/User/comm/transport/TinyFrame/TinyFrame.c.obj
 .ARM.attributes