Archive member included to satisfy reference by file (symbol)

d:/progra~1/gnuarm~1/102021~1.10/bin/../lib/gcc/arm-none-eabi/10.3.1/../../../../arm-none-eabi/lib/thumb/v7-m/nofp\libc_nano.a(lib_a-exit.o)
                              d:/progra~1/gnuarm~1/102021~1.10/bin/../lib/gcc/arm-none-eabi/10.3.1/../../../../arm-none-eabi/lib/thumb/v7-m/nofp/crt0.o (exit)
d:/progra~1/gnuarm~1/102021~1.10/bin/../lib/gcc/arm-none-eabi/10.3.1/../../../../arm-none-eabi/lib/thumb/v7-m/nofp\libc_nano.a(lib_a-impure.o)
                              d:/progra~1/gnuarm~1/102021~1.10/bin/../lib/gcc/arm-none-eabi/10.3.1/../../../../arm-none-eabi/lib/thumb/v7-m/nofp\libc_nano.a(lib_a-exit.o) (_global_impure_ptr)
d:/progra~1/gnuarm~1/102021~1.10/bin/../lib/gcc/arm-none-eabi/10.3.1/../../../../arm-none-eabi/lib/thumb/v7-m/nofp\libc_nano.a(lib_a-init.o)
                              d:/progra~1/gnuarm~1/102021~1.10/bin/../lib/gcc/arm-none-eabi/10.3.1/../../../../arm-none-eabi/lib/thumb/v7-m/nofp/crt0.o (__libc_init_array)
d:/progra~1/gnuarm~1/102021~1.10/bin/../lib/gcc/arm-none-eabi/10.3.1/../../../../arm-none-eabi/lib/thumb/v7-m/nofp\libc_nano.a(lib_a-memset.o)
                              d:/progra~1/gnuarm~1/102021~1.10/bin/../lib/gcc/arm-none-eabi/10.3.1/../../../../arm-none-eabi/lib/thumb/v7-m/nofp/crt0.o (memset)
d:/progra~1/gnuarm~1/102021~1.10/bin/../lib/gcc/arm-none-eabi/10.3.1/thumb/v7-m/nofp\libgcc.a(_arm_mulsf3.o)
                              CMakeFiles/km1-one.dir/User/servo/motion/motion_engine.c.obj (__aeabi_fmul)
d:/progra~1/gnuarm~1/102021~1.10/bin/../lib/gcc/arm-none-eabi/10.3.1/thumb/v7-m/nofp\libgcc.a(_arm_addsubdf3.o)
                              CMakeFiles/km1-one.dir/User/comm/protocol/servo_listener.c.obj (__aeabi_f2d)
d:/progra~1/gnuarm~1/102021~1.10/bin/../lib/gcc/arm-none-eabi/10.3.1/thumb/v7-m/nofp\libgcc.a(_arm_addsubsf3.o)
                              CMakeFiles/km1-one.dir/User/servo/motion/motion_engine.c.obj (__aeabi_fsub)
d:/progra~1/gnuarm~1/102021~1.10/bin/../lib/gcc/arm-none-eabi/10.3.1/thumb/v7-m/nofp\libgcc.a(_arm_muldivsf3.o)
                              CMakeFiles/km1-one.dir/User/servo/motion/motion_engine.c.obj (__aeabi_fdiv)
d:/progra~1/gnuarm~1/102021~1.10/bin/../lib/gcc/arm-none-eabi/10.3.1/thumb/v7-m/nofp\libgcc.a(_arm_cmpsf2.o)
                              CMakeFiles/km1-one.dir/User/servo/motion/motion_engine.c.obj (__aeabi_fcmplt)
d:/progra~1/gnuarm~1/102021~1.10/bin/../lib/gcc/arm-none-eabi/10.3.1/thumb/v7-m/nofp\libgcc.a(_arm_fixsfsi.o)
                              CMakeFiles/km1-one.dir/User/servo/motion/motion_engine.c.obj (__aeabi_f2iz)
d:/progra~1/gnuarm~1/102021~1.10/bin/../lib/gcc/arm-none-eabi/10.3.1/thumb/v7-m/nofp\libgcc.a(_arm_fixunssfsi.o)
                              CMakeFiles/km1-one.dir/User/servo/motion/motion_engine.c.obj (__aeabi_f2uiz)
d:/progra~1/gnuarm~1/102021~1.10/bin/../lib/gcc/arm-none-eabi/10.3.1/../../../../arm-none-eabi/lib/thumb/v7-m/nofp\libg_nano.a(lib_a-errno.o)
                              CMakeFiles/km1-one.dir/Core/Src/sysmem.c.obj (__errno)
d:/progra~1/gnuarm~1/102021~1.10/bin/../lib/gcc/arm-none-eabi/10.3.1/../../../../arm-none-eabi/lib/thumb/v7-m/nofp\libg_nano.a(lib_a-malloc.o)
                              CMakeFiles/km1-one.dir/User/comm/transport/TinyFrame/TinyFrame.c.obj (malloc)
d:/progra~1/gnuarm~1/102021~1.10/bin/../lib/gcc/arm-none-eabi/10.3.1/../../../../arm-none-eabi/lib/thumb/v7-m/nofp\libg_nano.a(lib_a-memcpy-stub.o)
                              CMakeFiles/km1-one.dir/User/utils/ringbuffer.c.obj (memcpy)
d:/progra~1/gnuarm~1/102021~1.10/bin/../lib/gcc/arm-none-eabi/10.3.1/../../../../arm-none-eabi/lib/thumb/v7-m/nofp\libg_nano.a(lib_a-nano-freer.o)
                              d:/progra~1/gnuarm~1/102021~1.10/bin/../lib/gcc/arm-none-eabi/10.3.1/../../../../arm-none-eabi/lib/thumb/v7-m/nofp\libg_nano.a(lib_a-malloc.o) (_free_r)
d:/progra~1/gnuarm~1/102021~1.10/bin/../lib/gcc/arm-none-eabi/10.3.1/../../../../arm-none-eabi/lib/thumb/v7-m/nofp\libg_nano.a(lib_a-nano-mallocr.o)
                              d:/progra~1/gnuarm~1/102021~1.10/bin/../lib/gcc/arm-none-eabi/10.3.1/../../../../arm-none-eabi/lib/thumb/v7-m/nofp\libg_nano.a(lib_a-malloc.o) (_malloc_r)
d:/progra~1/gnuarm~1/102021~1.10/bin/../lib/gcc/arm-none-eabi/10.3.1/../../../../arm-none-eabi/lib/thumb/v7-m/nofp\libg_nano.a(lib_a-printf.o)
                              CMakeFiles/km1-one.dir/User/comm/protocol/servo_listener.c.obj (printf)
d:/progra~1/gnuarm~1/102021~1.10/bin/../lib/gcc/arm-none-eabi/10.3.1/../../../../arm-none-eabi/lib/thumb/v7-m/nofp\libg_nano.a(lib_a-putchar.o)
                              CMakeFiles/km1-one.dir/User/comm/protocol/servo_listener.c.obj (putchar)
d:/progra~1/gnuarm~1/102021~1.10/bin/../lib/gcc/arm-none-eabi/10.3.1/../../../../arm-none-eabi/lib/thumb/v7-m/nofp\libg_nano.a(lib_a-puts.o)
                              CMakeFiles/km1-one.dir/User/comm/protocol/servo_listener.c.obj (puts)
[...]
Memory Configuration

Name             Origin             Length             Attributes
RAM              0x20000000         0x00005000         xrw
FLASH            0x08000000         0x00010000         xr
*default*        0x00000000         0xffffffff

Linker script and memory map

LOAD d:/progra~1/gnuarm~1/102021~1.10/bin/../lib/gcc/arm-none-eabi/10.3.1/thumb/v7-m/nofp/crti.o
LOAD d:/progra~1/gnuarm~1/102021~1.10/bin/../lib/gcc/arm-none-eabi/10.3.1/thumb/v7-m/nofp/crtbegin.o
LOAD d:/progra~1/gnuarm~1/102021~1.10/bin/../lib/gcc/arm-none-eabi/10.3.1/../../../../arm-none-eabi/lib/thumb/v7-m/nofp/crt0.o
START GROUP
LOAD d:/progra~1/gnuarm~1/102021~1.10/bin/../lib/gcc/arm-none-eabi/10.3.1/../../../../arm-none-eabi/lib/thumb/v7-m/nofp\libc_nano.a
LOAD d:/progra~1/gnuarm~1/102021~1.10/bin/../lib/gcc/arm-none-eabi/10.3.1/../../../../arm-none-eabi/lib/thumb/v7-m/nofp\libm.a
END GROUP
LOAD CMakeFiles/km1-one.dir/User/utils/ringbuffer.c.obj
LOAD CMakeFiles/km1-one.dir/User/servo/drivers/servo_hal.c.obj
LOAD CMakeFiles/km1-one.dir/User/servo/motion/motion_engine.c.obj
LOAD CMakeFiles/km1-one.dir/User/servo/motion/motion_sync.c.obj
LOAD CMakeFiles/km1-one.dir/User/servo/motion/motion_cycle.c.obj
LOAD CMakeFiles/km1-one.dir/User/servo/control/robot_arm_control.c.obj
LOAD CMakeFiles/km1-one.dir/User/comm/protocol/protocol.c.obj
LOAD CMakeFiles/km1-one.dir/User/comm/protocol/sys_listener.c.obj
LOAD CMakeFiles/km1-one.dir/User/comm/protocol/servo_listener.c.obj
LOAD CMakeFiles/km1-one.dir/User/comm/protocol/motion_listener.c.obj
LOAD CMakeFiles/km1-one.dir/User/comm/protocol/arm_listener.c.obj
LOAD CMakeFiles/km1-one.dir/User/comm/protocol/config_listener.c.obj
LOAD CMakeFiles/km1-one.dir/User/comm/protocol/state_sender.c.obj
LOAD CMakeFiles/km1-one.dir/User/comm/drivers/uart_driver.c.obj
LOAD CMakeFiles/km1-one.dir/User/comm/transport/tf_uart_port.c.obj
LOAD CMakeFiles/km1-one.dir/User/comm/transport/TinyFrame/TinyFrame.c.obj
LOAD CMakeFiles/km1-one.dir/User/comm/transport/TinyFrame/utils.c.obj
LOAD CMakeFiles/km1-one.dir/Core/Src/main.c.obj
LOAD CMakeFiles/km1-one.dir/Core/Src/gpio.c.obj
LOAD CMakeFiles/km1-one.dir/Core/Src/dma.c.obj
LOAD CMakeFiles/km1-one.dir/Core/Src/tim.c.obj
LOAD CMakeFiles/km1-one.dir/Core/Src/usart.c.obj
LOAD CMakeFiles/km1-one.dir/Core/Src/stm32f1xx_it.c.obj
LOAD CMakeFiles/km1-one.dir/Core/Src/stm32f1xx_hal_msp.c.obj
LOAD CMakeFiles/km1-one.dir/Drivers/STM32F1xx_HAL_Driver/Src/stm32f1xx_hal_gpio_ex.c.obj
LOAD CMakeFiles/km1-one.dir/Drivers/STM32F1xx_HAL_Driver/Src/stm32f1xx_hal_tim.c.obj
LOAD CMakeFiles/km1-one.dir/Drivers/STM32F1xx_HAL_Driver/Src/stm32f1xx_hal_tim_ex.c.obj
LOAD CMakeFiles/km1-one.dir/Drivers/STM32F1xx_HAL_Driver/Src/stm32f1xx_hal.c.obj
LOAD CMakeFiles/km1-one.dir/Drivers/STM32F1xx_HAL_Driver/Src/stm32f1xx_hal_rcc.c.obj
LOAD CMakeFiles/km1-one.dir/Drivers/STM32F1xx_HAL_Driver/Src/stm32f1xx_hal_rcc_ex.c.obj
LOAD CMakeFiles/km1-one.dir/Drivers/STM32F1xx_HAL_Driver/Src/stm32f1xx_hal_gpio.c.obj
LOAD CMakeFiles/km1-one.dir/Drivers/STM32F1xx_HAL_Driver/Src/stm32f1xx_hal_dma.c.obj
LOAD CMakeFiles/km1-one.dir/Drivers/STM32F1xx_HAL_Driver/Src/stm32f1xx_hal_cortex.c.obj
LOAD CMakeFiles/km1-one.dir/Drivers/STM32F1xx_HAL_Driver/Src/stm32f1xx_hal_pwr.c.obj
LOAD CMakeFiles/km1-one.dir/Drivers/STM32F1xx_HAL_Driver/Src/stm32f1xx_hal_flash.c.obj
LOAD CMakeFiles/km1-one.dir/Drivers/STM32F1xx_HAL_Driver/Src/stm32f1xx_hal_flash_ex.c.obj
LOAD CMakeFiles/km1-one.dir/Drivers/STM32F1xx_HAL_Driver/Src/stm32f1xx_hal_exti.c.obj
LOAD CMakeFiles/km1-one.dir/Drivers/STM32F1xx_HAL_Driver/Src/stm32f1xx_hal_uart.c.obj
LOAD CMakeFiles/km1-one.dir/Core/Src/system_stm32f1xx.c.obj
LOAD CMakeFiles/km1-one.dir/Core/Src/sysmem.c.obj
LOAD CMakeFiles/km1-one.dir/Core/Src/syscalls.c.obj
LOAD CMakeFiles/km1-one.dir/startup_stm32f103xb.s.obj
START GROUP
LOAD d:/progra~1/gnuarm~1/102021~1.10/bin/../lib/gcc/arm-none-eabi/10.3.1/thumb/v7-m/nofp\libgcc.a
LOAD d:/progra~1/gnuarm~1/102021~1.10/bin/../lib/gcc/arm-none-eabi/10.3.1/../../../../arm-none-eabi/lib/thumb/v7-m/nofp\libg_nano.a
LOAD d:/progra~1/gnuarm~1/102021~1.10/bin/../lib/gcc/arm-none-eabi/10.3.1/../../../../arm-none-eabi/lib/thumb/v7-m/nofp\libc_nano.a
END GROUP
START GROUP
LOAD d:/progra~1/gnuarm~1/102021~1.10/bin/../lib/gcc/arm-none-eabi/10.3.1/thumb/v7-m/nofp\libgcc.a
LOAD d:/progra~1/gnuarm~1/102021~1.10/bin/../lib/gcc/arm-none-eabi/10.3.1/../../../../arm-none-eabi/lib/thumb/v7-m/nofp\libc_nano.a
END GROUP
LOAD d:/progra~1/gnuarm~1/102021~1.10/bin/../lib/gcc/arm-none-eabi/10.3.1/thumb/v7-m/nofp/crtend.o
LOAD d:/progra~1/gnuarm~1/102021~1.10/bin/../lib/gcc/arm-none-eabi/10.3.1/thumb/v7-m/nofp/crtn.o
                0x20005000                _estack = (ORIGIN (RAM) + LENGTH (RAM))
                0x00000400                _Min_Heap_Size = 0x400
                0x00001000                _Min_Stack_Size = 0x1000

.isr_vector     0x08000000      0x10c
                0x08000000                . = ALIGN (0x4)
 *(.isr_vector)
 .isr_vector    0x08000000      0x10c CMakeFiles/km1-one.dir/startup_stm32f103xb.s.obj
                0x08000000                g_pfnVectors
                0x0800010c                . = ALIGN (0x4)

.text           0x0800010c     0xbe80
                0x0800010c                . = ALIGN (0x4)
 *(.text)
 .text          0x0800010c       0x40 d:/progra~1/gnuarm~1/102021~1.10/bin/../lib/gcc/arm-none-eabi/10.3.1/thumb/v7-m/nofp/crtbegin.o
 .text          0x0800014c      0x378 d:/progra~1/gnuarm~1/102021~1.10/bin/../lib/gcc/arm-none-eabi/10.3.1/thumb/v7-m/nofp\libgcc.a(_arm_addsubdf3.o)
                0x0800014c                __aeabi_drsub
                0x08000154                __aeabi_dsub
                0x08000154                __subdf3
                0x08000158                __aeabi_dadd
                0x08000158                __adddf3
                0x080003d0                __floatunsidf
                0x080003d0                __aeabi_ui2d
                0x080003f0                __floatsidf
                0x080003f0                __aeabi_i2d
                0x08000414                __aeabi_f2d
                0x08000414                __extendsfdf2
                0x08000458                __floatundidf
                0x08000458                __aeabi_ul2d
                0x08000468                __floatdidf
                0x08000468                __aeabi_l2d
 .text          0x080004c4      0x21c d:/progra~1/gnuarm~1/102021~1.10/bin/../lib/gcc/arm-none-eabi/10.3.1/thumb/v7-m/nofp\libgcc.a(_arm_addsubsf3.o)
                0x080004c4                __aeabi_frsub
                0x080004cc                __subsf3
                0x080004cc                __aeabi_fsub
                0x080004d0                __aeabi_fadd
                0x080004d0                __addsf3
                0x08000630                __aeabi_ui2f
                0x08000630                __floatunsisf
                0x08000638                __aeabi_i2f
                0x08000638                __floatsisf
                0x08000654                __aeabi_ul2f
                0x08000654                __floatundisf
                0x08000664                __aeabi_l2f
                0x08000664                __floatdisf
 .text          0x080006e0      0x2a0 d:/progra~1/gnuarm~1/102021~1.10/bin/../lib/gcc/arm-none-eabi/10.3.1/thumb/v7-m/nofp\libgcc.a(_arm_muldivsf3.o)
                0x080006e0                __mulsf3
                0x080006e0                __aeabi_fmul
                0x08000848                __aeabi_fdiv
                0x08000848                __divsf3
 .text          0x08000980       0xec d:/progra~1/gnuarm~1/102021~1.10/bin/../lib/gcc/arm-none-eabi/10.3.1/thumb/v7-m/nofp\libgcc.a(_arm_cmpsf2.o)
                0x08000980                __gesf2
                0x08000980                __gtsf2
                0x08000988                __lesf2
                0x08000988                __ltsf2
                0x08000990                __nesf2
                0x08000990                __eqsf2
                0x08000990                __cmpsf2
                0x080009f0                __aeabi_cfrcmple
                0x080009f8                __aeabi_cfcmpeq
                0x080009f8                __aeabi_cfcmple
                0x08000a08                __aeabi_fcmpeq
                0x08000a1c                __aeabi_fcmplt
                0x08000a30                __aeabi_fcmple
                0x08000a44                __aeabi_fcmpge
                0x08000a58                __aeabi_fcmpgt
 .text          0x08000a6c       0x4c d:/progra~1/gnuarm~1/102021~1.10/bin/../lib/gcc/arm-none-eabi/10.3.1/thumb/v7-m/nofp\libgcc.a(_arm_fixsfsi.o)
                0x08000a6c                __aeabi_f2iz
                0x08000a6c                __fixsfsi
 .text          0x08000ab8       0x40 d:/progra~1/gnuarm~1/102021~1.10/bin/../lib/gcc/arm-none-eabi/10.3.1/thumb/v7-m/nofp\libgcc.a(_arm_fixunssfsi.o)
                0x08000ab8                __fixunssfsi
                0x08000ab8                __aeabi_f2uiz
 .text          0x08000af8       0x2c d:/progra~1/gnuarm~1/102021~1.10/bin/../lib/gcc/arm-none-eabi/10.3.1/thumb/v7-m/nofp\libgcc.a(_arm_unordsf2.o)
                0x08000af8                __unordsf2
                0x08000af8                __aeabi_fcmpun
 *(.text*)
 .text.__libc_init_array
                0x08000b24       0x48 d:/progra~1/gnuarm~1/102021~1.10/bin/../lib/gcc/arm-none-eabi/10.3.1/../../../../arm-none-eabi/lib/thumb/v7-m/nofp\libc_nano.a(lib_a-init.o)
                0x08000b24                __libc_init_array
 .text.memset   0x08000b6c       0x10 d:/progra~1/gnuarm~1/102021~1.10/bin/../lib/gcc/arm-none-eabi/10.3.1/../../../../arm-none-eabi/lib/thumb/v7-m/nofp\libc_nano.a(lib_a-memset.o)
                0x08000b6c                memset
 .text.servo_hal_init
                0x08000b7c       0x40 CMakeFiles/km1-one.dir/User/servo/drivers/servo_hal.c.obj
                0x08000b7c                servo_hal_init
 .text.servo_hal_set_pwm
                0x08000bbc       0x70 CMakeFiles/km1-one.dir/User/servo/drivers/servo_hal.c.obj
                0x08000bbc                servo_hal_set_pwm
 .text.on_servo_complete
                0x08000c2c       0x6c CMakeFiles/km1-one.dir/User/servo/motion/motion_engine.c.obj
 .text.servo_motion_init
                0x08000c98       0x9c CMakeFiles/km1-one.dir/User/servo/motion/motion_engine.c.obj
                0x08000c98                servo_motion_init
 .text.servo_motion_set_global_complete_callback
                0x08000d34       0x1c CMakeFiles/km1-one.dir/User/servo/motion/motion_engine.c.obj
                0x08000d34                servo_motion_set_global_complete_callback
 .text.angle_to_pwm
                0x08000d50      0x10c CMakeFiles/km1-one.dir/User/servo/motion/motion_engine.c.obj
                0x08000d50                angle_to_pwm
 .text.pwm_to_angle
                0x08000e5c       0xd0 CMakeFiles/km1-one.dir/User/servo/motion/motion_engine.c.obj
                0x08000e5c                pwm_to_angle
 .text.servo_move_pwm
                0x08000f2c       0xb4 CMakeFiles/km1-one.dir/User/servo/motion/motion_engine.c.obj
                0x08000f2c                servo_move_pwm
 .text.servo_move_angle
                0x08000fe0       0x38 CMakeFiles/km1-one.dir/User/servo/motion/motion_engine.c.obj
                0x08000fe0                servo_move_angle
 .text.servo_move_home
                0x08001018       0x40 CMakeFiles/km1-one.dir/User/servo/motion/motion_engine.c.obj
                0x08001018                servo_move_home
 .text.servo_sync_to_hardware
                0x08001058       0x44 CMakeFiles/km1-one.dir/User/servo/motion/motion_engine.c.obj
                0x08001058                servo_sync_to_hardware
 .text.servo_move_angle_multiple
                0x0800109c       0x5a CMakeFiles/km1-one.dir/User/servo/motion/motion_engine.c.obj
                0x0800109c                servo_move_angle_multiple
 *fill*         0x080010f6        0x2 
 .text.servo_stop
                0x080010f8       0x4c CMakeFiles/km1-one.dir/User/servo/motion/motion_engine.c.obj
                0x080010f8                servo_stop
 .text.servo_pause
                0x08001144       0x40 CMakeFiles/km1-one.dir/User/servo/motion/motion_engine.c.obj
                0x08001144                servo_pause
 .text.servo_restart
                0x08001184       0x48 CMakeFiles/km1-one.dir/User/servo/motion/motion_engine.c.obj
                0x08001184                servo_restart
 .text.servo_stop_all
                0x080011cc       0x2a CMakeFiles/km1-one.dir/User/servo/motion/motion_engine.c.obj
                0x080011cc                servo_stop_all
 *fill*         0x080011f6        0x2 
 .text.servo_emergency_stop
                0x080011f8       0x58 CMakeFiles/km1-one.dir/User/servo/motion/motion_engine.c.obj
                0x080011f8                servo_emergency_stop
 .text.servo_is_moving
                0x08001250       0x34 CMakeFiles/km1-one.dir/User/servo/motion/motion_engine.c.obj
                0x08001250                servo_is_moving
 .text.servo_get_moving_mask
                0x08001284       0x14 CMakeFiles/km1-one.dir/User/servo/motion/motion_engine.c.obj
                0x08001284                servo_get_moving_mask
 .text.servo_get_current_pwm
                0x08001298       0x34 CMakeFiles/km1-one.dir/User/servo/motion/motion_engine.c.obj
                0x08001298                servo_get_current_pwm
 .text.servo_get_target_angle
                0x080012cc       0x40 CMakeFiles/km1-one.dir/User/servo/motion/motion_engine.c.obj
                0x080012cc                servo_get_target_angle
 .text.servo_get_remaining_time
                0x0800130c       0x34 CMakeFiles/km1-one.dir/User/servo/motion/motion_engine.c.obj
                0x0800130c                servo_get_remaining_time
 .text.ease_in_out_cubic
                0x08001340       0x4c CMakeFiles/km1-one.dir/User/servo/motion/motion_engine.c.obj
 .text.servo_motion_update_1ms
                0x0800138c      0x118 CMakeFiles/km1-one.dir/User/servo/motion/motion_engine.c.obj
                0x0800138c                servo_motion_update_1ms
 .text.motion_sync_init
                0x080014a4       0x38 CMakeFiles/km1-one.dir/User/servo/motion/motion_sync.c.obj
                0x080014a4                motion_sync_init
 .text.find_free_group
                0x080014dc       0x54 CMakeFiles/km1-one.dir/User/servo/motion/motion_sync.c.obj
 .text.find_group
                0x08001530       0x68 CMakeFiles/km1-one.dir/User/servo/motion/motion_sync.c.obj
 .text.on_servo_motion_complete
                0x08001598       0x94 CMakeFiles/km1-one.dir/User/servo/motion/motion_sync.c.obj
 .text.motion_sync_is_servo_available
                0x0800162c       0x34 CMakeFiles/km1-one.dir/User/servo/motion/motion_sync.c.obj
                0x0800162c                motion_sync_is_servo_available
 .text.motion_sync_start_group
                0x08001660       0xe0 CMakeFiles/km1-one.dir/User/servo/motion/motion_sync.c.obj
                0x08001660                motion_sync_start_group
 .text.motion_sync_release_group
                0x08001740       0x64 CMakeFiles/km1-one.dir/User/servo/motion/motion_sync.c.obj
                0x08001740                motion_sync_release_group
 .text.motion_sync_restart_group
                0x080017a4       0x50 CMakeFiles/km1-one.dir/User/servo/motion/motion_sync.c.obj
                0x080017a4                motion_sync_restart_group
 .text.motion_sync_pause_group
                0x080017f4       0x50 CMakeFiles/km1-one.dir/User/servo/motion/motion_sync.c.obj
                0x080017f4                motion_sync_pause_group
 .text.motion_sync_is_group_complete
                0x08001844       0x38 CMakeFiles/km1-one.dir/User/servo/motion/motion_sync.c.obj
                0x08001844                motion_sync_is_group_complete
 .text.motion_sync_get_group_mask
                0x0800187c       0x26 CMakeFiles/km1-one.dir/User/servo/motion/motion_sync.c.obj
                0x0800187c                motion_sync_get_group_mask
 .text.motion_sync_move_angle
                0x080018a2       0x72 CMakeFiles/km1-one.dir/User/servo/motion/motion_sync.c.obj
                0x080018a2                motion_sync_move_angle
 .text.motion_sync_move_pwm
                0x08001914       0x72 CMakeFiles/km1-one.dir/User/servo/motion/motion_sync.c.obj
                0x08001914                motion_sync_move_pwm
 *fill*         0x08001986        0x2 
 .text.find_cycle_by_group
                0x08001988       0x78 CMakeFiles/km1-one.dir/User/servo/motion/motion_cycle.c.obj
 .text.find_free_cycle
                0x08001a00       0x48 CMakeFiles/km1-one.dir/User/servo/motion/motion_cycle.c.obj
 .text.motion_cycle_on_group_done
                0x08001a48       0xec CMakeFiles/km1-one.dir/User/servo/motion/motion_cycle.c.obj
 .text.motion_cycle_play_pose
                0x08001b34       0x9c CMakeFiles/km1-one.dir/User/servo/motion/motion_cycle.c.obj
 .text.motion_cycle_create
                0x08001bd0       0xa4 CMakeFiles/km1-one.dir/User/servo/motion/motion_cycle.c.obj
                0x08001bd0                motion_cycle_create
 .text.motion_cycle_start
                0x08001c74       0x8c CMakeFiles/km1-one.dir/User/servo/motion/motion_cycle.c.obj
                0x08001c74                motion_cycle_start
 .text.motion_cycle_restart
                0x08001d00       0x9c CMakeFiles/km1-one.dir/User/servo/motion/motion_cycle.c.obj
                0x08001d00                motion_cycle_restart
 .text.motion_cycle_pause
                0x08001d9c       0x84 CMakeFiles/km1-one.dir/User/servo/motion/motion_cycle.c.obj
                0x08001d9c                motion_cycle_pause
 .text.motion_cycle_release
                0x08001e20       0x8c CMakeFiles/km1-one.dir/User/servo/motion/motion_cycle.c.obj
                0x08001e20                motion_cycle_release
 .text.motion_cycle_get_status
                0x08001eac       0x90 CMakeFiles/km1-one.dir/User/servo/motion/motion_cycle.c.obj
                0x08001eac                motion_cycle_get_status
 .text.motion_cycle_set_user_data
                0x08001f3c       0x4c CMakeFiles/km1-one.dir/User/servo/motion/motion_cycle.c.obj
                0x08001f3c                motion_cycle_set_user_data
 .text.motion_cycle_get_user_data
                0x08001f88       0x48 CMakeFiles/km1-one.dir/User/servo/motion/motion_cycle.c.obj
                0x08001f88                motion_cycle_get_user_data
 .text.protocol_init
                0x08001fd0       0xc4 CMakeFiles/km1-one.dir/User/comm/protocol/protocol.c.obj
                0x08001fd0                protocol_init
 .text.proto_parse_cmd
                0x08002094       0x60 CMakeFiles/km1-one.dir/User/comm/protocol/sys_listener.c.obj
 .text.protocol_sys_listener
                0x080020f4       0x4e CMakeFiles/km1-one.dir/User/comm/protocol/sys_listener.c.obj
                0x080020f4                protocol_sys_listener
 *fill*         0x08002142        0x2 
 .text.protocol_sys_handle
                0x08002144      0x1b8 CMakeFiles/km1-one.dir/User/comm/protocol/sys_listener.c.obj
                0x08002144                protocol_sys_handle
 .text.proto_parse_cmd
                0x080022fc       0x60 CMakeFiles/km1-one.dir/User/comm/protocol/servo_listener.c.obj
 .text.proto_read_u32_le
                0x0800235c       0x76 CMakeFiles/km1-one.dir/User/comm/protocol/servo_listener.c.obj
 .text.proto_read_f32_le
                0x080023d2       0x52 CMakeFiles/km1-one.dir/User/comm/protocol/servo_listener.c.obj
 .text.proto_write_u32_le
                0x08002424       0x54 CMakeFiles/km1-one.dir/User/comm/protocol/servo_listener.c.obj
 .text.proto_write_f32_le
                0x08002478       0x2a CMakeFiles/km1-one.dir/User/comm/protocol/servo_listener.c.obj
 *fill*         0x080024a2        0x2 
 .text.protocol_servo_complete_cb
                0x080024a4       0xc0 CMakeFiles/km1-one.dir/User/comm/protocol/servo_listener.c.obj
 .text.protocol_servo_listener
                0x08002564       0x4e CMakeFiles/km1-one.dir/User/comm/protocol/servo_listener.c.obj
                0x08002564                protocol_servo_listener
 *fill*         0x080025b2        0x2 
 .text.protocol_servo_handle
                0x080025b4      0x424 CMakeFiles/km1-one.dir/User/comm/protocol/servo_listener.c.obj
                0x080025b4                protocol_servo_handle
 .text.proto_parse_cmd
                0x080029d8       0x60 CMakeFiles/km1-one.dir/User/comm/protocol/motion_listener.c.obj
 .text.proto_read_u32_le
                0x08002a38       0x76 CMakeFiles/km1-one.dir/User/comm/protocol/motion_listener.c.obj
 .text.proto_read_f32_le
                0x08002aae       0x52 CMakeFiles/km1-one.dir/User/comm/protocol/motion_listener.c.obj
 .text.proto_write_u32_le
                0x08002b00       0x54 CMakeFiles/km1-one.dir/User/comm/protocol/motion_listener.c.obj
 .text.find_free_proto_cycle_data
                0x08002b54       0x48 CMakeFiles/km1-one.dir/User/comm/protocol/motion_listener.c.obj
 .text.release_proto_cycle_data
                0x08002b9c       0x38 CMakeFiles/km1-one.dir/User/comm/protocol/motion_listener.c.obj
 .text.protocol_cycle_status_cb
                0x08002bd4       0xf8 CMakeFiles/km1-one.dir/User/comm/protocol/motion_listener.c.obj
 .text.protocol_motion_group_done
                0x08002ccc       0x34 CMakeFiles/km1-one.dir/User/comm/protocol/motion_listener.c.obj
 .text.protocol_motion_listener
                0x08002d00       0x4e CMakeFiles/km1-one.dir/User/comm/protocol/motion_listener.c.obj
                0x08002d00                protocol_motion_listener
 *fill*         0x08002d4e        0x2 
 .text.protocol_motion_handle
                0x08002d50     0x1b98 CMakeFiles/km1-one.dir/User/comm/protocol/motion_listener.c.obj
                0x08002d50                protocol_motion_handle
 .text.proto_parse_cmd
                0x080048e8       0x60 CMakeFiles/km1-one.dir/User/comm/protocol/arm_listener.c.obj
 .text.proto_read_u32_le
                0x08004948       0x76 CMakeFiles/km1-one.dir/User/comm/protocol/arm_listener.c.obj
 .text.proto_read_f32_le
                0x080049be       0x52 CMakeFiles/km1-one.dir/User/comm/protocol/arm_listener.c.obj
 .text.proto_write_u32_le
                0x08004a10       0x54 CMakeFiles/km1-one.dir/User/comm/protocol/arm_listener.c.obj
 .text.protocol_arm_listener
                0x08004a64       0x4e CMakeFiles/km1-one.dir/User/comm/protocol/arm_listener.c.obj
                0x08004a64                protocol_arm_listener
 *fill*         0x08004ab2        0x2 
 .text.protocol_arm_handle
                0x08004ab4      0x190 CMakeFiles/km1-one.dir/User/comm/protocol/arm_listener.c.obj
                0x08004ab4                protocol_arm_handle
 .text.proto_parse_cmd
                0x08004c44       0x60 CMakeFiles/km1-one.dir/User/comm/protocol/config_listener.c.obj
 .text.protocol_config_listener
                0x08004ca4       0x4e CMakeFiles/km1-one.dir/User/comm/protocol/config_listener.c.obj
                0x08004ca4                protocol_config_listener
 *fill*         0x08004cf2        0x2 
 .text.protocol_config_handle
                0x08004cf4       0x5c CMakeFiles/km1-one.dir/User/comm/protocol/config_listener.c.obj
                0x08004cf4                protocol_config_handle
 .text.protocol_send_state
                0x08004d50       0xda CMakeFiles/km1-one.dir/User/comm/protocol/state_sender.c.obj
                0x08004d50                protocol_send_state
 *fill*         0x08004e2a        0x2 
 .text.process_without_ringbuffer
                0x08004e2c       0xb0 CMakeFiles/km1-one.dir/User/comm/drivers/uart_driver.c.obj
 .text.uart_driver_init
                0x08004edc       0x44 CMakeFiles/km1-one.dir/User/comm/drivers/uart_driver.c.obj
                0x08004edc                uart_driver_init
 .text.uart_driver_send
                0x08004f20       0x48 CMakeFiles/km1-one.dir/User/comm/drivers/uart_driver.c.obj
                0x08004f20                uart_driver_send
 .text.uart_driver_send_async
                0x08004f68       0x60 CMakeFiles/km1-one.dir/User/comm/drivers/uart_driver.c.obj
                0x08004f68                uart_driver_send_async
 .text.uart_driver_poll
                0x08004fc8        0xc CMakeFiles/km1-one.dir/User/comm/drivers/uart_driver.c.obj
                0x08004fc8                uart_driver_poll
 .text.uart_driver_tx_complete_callback
                0x08004fd4       0x18 CMakeFiles/km1-one.dir/User/comm/drivers/uart_driver.c.obj
                0x08004fd4                uart_driver_tx_complete_callback
 .text.TF_WriteImpl
                0x08004fec       0x44 CMakeFiles/km1-one.dir/User/comm/transport/tf_uart_port.c.obj
                0x08004fec                TF_WriteImpl
 .text.tf_frame_listener
                0x08005030       0x44 CMakeFiles/km1-one.dir/User/comm/transport/tf_uart_port.c.obj
 .text.uart_rx_callback
                0x08005074       0x30 CMakeFiles/km1-one.dir/User/comm/transport/tf_uart_port.c.obj
 .text.tf_uart_port_init
                0x080050a4       0x94 CMakeFiles/km1-one.dir/User/comm/transport/tf_uart_port.c.obj
                0x080050a4                tf_uart_port_init
 .text.tf_uart_port_send_frame
                0x08005138       0x98 CMakeFiles/km1-one.dir/User/comm/transport/tf_uart_port.c.obj
                0x08005138                tf_uart_port_send_frame
 .text.tf_uart_port_poll
                0x080051d0        0xc CMakeFiles/km1-one.dir/User/comm/transport/tf_uart_port.c.obj
                0x080051d0                tf_uart_port_poll
 .text.tf_uart_port_tick_1ms
                0x080051dc       0x14 CMakeFiles/km1-one.dir/User/comm/transport/tf_uart_port.c.obj
                0x080051dc                tf_uart_port_tick_1ms
 .text.tf_uart_port_get_instance
                0x080051f0       0x14 CMakeFiles/km1-one.dir/User/comm/transport/tf_uart_port.c.obj
                0x080051f0                tf_uart_port_get_instance
 .text.TF_ClearMsg
                0x08005204       0x1a CMakeFiles/km1-one.dir/User/comm/transport/TinyFrame/TinyFrame.c.obj
 *fill*         0x0800521e        0x2 
 .text.TF_ClaimTx
                0x08005220       0x34 CMakeFiles/km1-one.dir/User/comm/transport/TinyFrame/TinyFrame.c.obj
 .text.TF_ReleaseTx
                0x08005254       0x1a CMakeFiles/km1-one.dir/User/comm/transport/TinyFrame/TinyFrame.c.obj
 .text.TF_CksumStart
                0x0800526e        0xe CMakeFiles/km1-one.dir/User/comm/transport/TinyFrame/TinyFrame.c.obj
 .text.TF_CksumAdd
                0x0800527c       0x1c CMakeFiles/km1-one.dir/User/comm/transport/TinyFrame/TinyFrame.c.obj
 .text.TF_CksumEnd
                0x08005298       0x16 CMakeFiles/km1-one.dir/User/comm/transport/TinyFrame/TinyFrame.c.obj
 *fill*         0x080052ae        0x2 
 .text.TF_InitStatic
                0x080052b0       0x54 CMakeFiles/km1-one.dir/User/comm/transport/TinyFrame/TinyFrame.c.obj
                0x080052b0                TF_InitStatic
 .text.renew_id_listener
                0x08005304       0x1a CMakeFiles/km1-one.dir/User/comm/transport/TinyFrame/TinyFrame.c.obj
 .text.cleanup_id_listener
                0x0800531e       0x78 CMakeFiles/km1-one.dir/User/comm/transport/TinyFrame/TinyFrame.c.obj
 .text.cleanup_type_listener
                0x08005396       0x3c CMakeFiles/km1-one.dir/User/comm/transport/TinyFrame/TinyFrame.c.obj
 .text.cleanup_generic_listener
                0x080053d2       0x3c CMakeFiles/km1-one.dir/User/comm/transport/TinyFrame/TinyFrame.c.obj
 *fill*         0x0800540e        0x2 
 .text.TF_AddIdListener
                0x08005410       0xa0 CMakeFiles/km1-one.dir/User/comm/transport/TinyFrame/TinyFrame.c.obj
                0x08005410                TF_AddIdListener
 .text.TF_AddTypeListener
                0x080054b0       0x74 CMakeFiles/km1-one.dir/User/comm/transport/TinyFrame/TinyFrame.c.obj
                0x080054b0                TF_AddTypeListener
 .text.TF_AddGenericListener
                0x08005524       0x6c CMakeFiles/km1-one.dir/User/comm/transport/TinyFrame/TinyFrame.c.obj
                0x08005524                TF_AddGenericListener
 .text.TF_HandleReceivedMessage
                0x08005590      0x1f4 CMakeFiles/km1-one.dir/User/comm/transport/TinyFrame/TinyFrame.c.obj
 .text.TF_Accept
                0x08005784       0x3a CMakeFiles/km1-one.dir/User/comm/transport/TinyFrame/TinyFrame.c.obj
                0x08005784                TF_Accept
 .text.TF_ResetParser
                0x080057be       0x18 CMakeFiles/km1-one.dir/User/comm/transport/TinyFrame/TinyFrame.c.obj
                0x080057be                TF_ResetParser
 .text.pars_begin_frame
                0x080057d6       0x4c CMakeFiles/km1-one.dir/User/comm/transport/TinyFrame/TinyFrame.c.obj
 *fill*         0x08005822        0x2 
 .text.TF_AcceptChar
                0x08005824      0x33c CMakeFiles/km1-one.dir/User/comm/transport/TinyFrame/TinyFrame.c.obj
                0x08005824                TF_AcceptChar
 .text.TF_ComposeHead
                0x08005b60      0x168 CMakeFiles/km1-one.dir/User/comm/transport/TinyFrame/TinyFrame.c.obj
 .text.TF_ComposeBody
                0x08005cc8       0x68 CMakeFiles/km1-one.dir/User/comm/transport/TinyFrame/TinyFrame.c.obj
 .text.TF_ComposeTail
                0x08005d30       0x22 CMakeFiles/km1-one.dir/User/comm/transport/TinyFrame/TinyFrame.c.obj
 .text.TF_SendFrame_Begin
                0x08005d52       0x8c CMakeFiles/km1-one.dir/User/comm/transport/TinyFrame/TinyFrame.c.obj
 .text.TF_SendFrame_Chunk
                0x08005dde       0xa4 CMakeFiles/km1-one.dir/User/comm/transport/TinyFrame/TinyFrame.c.obj
 .text.TF_SendFrame_End
                0x08005e82       0x88 CMakeFiles/km1-one.dir/User/comm/transport/TinyFrame/TinyFrame.c.obj
 .text.TF_SendFrame
                0x08005f0a       0x5e CMakeFiles/km1-one.dir/User/comm/transport/TinyFrame/TinyFrame.c.obj
 .text.TF_Send  0x08005f68       0x24 CMakeFiles/km1-one.dir/User/comm/transport/TinyFrame/TinyFrame.c.obj
                0x08005f68                TF_Send
 .text.TF_Tick  0x08005f8c       0xa8 CMakeFiles/km1-one.dir/User/comm/transport/TinyFrame/TinyFrame.c.obj
                0x08005f8c                TF_Tick
 .text.dumpFrameInfo
                0x08006034       0x40 CMakeFiles/km1-one.dir/User/comm/transport/TinyFrame/utils.c.obj
                0x08006034                dumpFrameInfo
 .text.start_pose_loop
                0x08006074       0x68 CMakeFiles/km1-one.dir/Core/Src/main.c.obj
                0x08006074                start_pose_loop
 .text.start_pose_loop1
                0x080060dc       0x68 CMakeFiles/km1-one.dir/Core/Src/main.c.obj
                0x080060dc                start_pose_loop1
 .text.main     0x08006144       0x64 CMakeFiles/km1-one.dir/Core/Src/main.c.obj
                0x08006144                main
 .text.SystemClock_Config
                0x080061a8       0x8a CMakeFiles/km1-one.dir/Core/Src/main.c.obj
                0x080061a8                SystemClock_Config
 *fill*         0x08006232        0x2 
 .text.HAL_UART_TxCpltCallback
                0x08006234       0x24 CMakeFiles/km1-one.dir/Core/Src/main.c.obj
                0x08006234                HAL_UART_TxCpltCallback
 .text.HAL_TIM_PeriodElapsedCallback
                0x08006258       0x28 CMakeFiles/km1-one.dir/Core/Src/main.c.obj
                0x08006258                HAL_TIM_PeriodElapsedCallback
 .text.HAL_GPIO_EXTI_Callback
                0x08006280       0xb4 CMakeFiles/km1-one.dir/Core/Src/main.c.obj
                0x08006280                HAL_GPIO_EXTI_Callback
 .text.Error_Handler
                0x08006334        0xa CMakeFiles/km1-one.dir/Core/Src/main.c.obj
                0x08006334                Error_Handler
 *fill*         0x0800633e        0x2 
 .text.MX_GPIO_Init
                0x08006340       0xd8 CMakeFiles/km1-one.dir/Core/Src/gpio.c.obj
                0x08006340                MX_GPIO_Init
 .text.MX_DMA_Init
                0x08006418       0x6c CMakeFiles/km1-one.dir/Core/Src/dma.c.obj
                0x08006418                MX_DMA_Init
 .text.MX_TIM1_Init
                0x08006484       0xa0 CMakeFiles/km1-one.dir/Core/Src/tim.c.obj
                0x08006484                MX_TIM1_Init
 .text.MX_TIM2_Init
                0x08006524       0xb0 CMakeFiles/km1-one.dir/Core/Src/tim.c.obj
                0x08006524                MX_TIM2_Init
 .text.MX_TIM3_Init
                0x080065d4       0xb4 CMakeFiles/km1-one.dir/Core/Src/tim.c.obj
                0x080065d4                MX_TIM3_Init
 .text.MX_TIM4_Init
                0x08006688       0xf4 CMakeFiles/km1-one.dir/Core/Src/tim.c.obj
                0x08006688                MX_TIM4_Init
 .text.HAL_TIM_Base_MspInit
                0x0800677c       0x4c CMakeFiles/km1-one.dir/Core/Src/tim.c.obj
                0x0800677c                HAL_TIM_Base_MspInit
 .text.HAL_TIM_PWM_MspInit
                0x080067c8       0x88 CMakeFiles/km1-one.dir/Core/Src/tim.c.obj
                0x080067c8                HAL_TIM_PWM_MspInit
 .text.HAL_TIM_MspPostInit
                0x08006850      0x130 CMakeFiles/km1-one.dir/Core/Src/tim.c.obj
                0x08006850                HAL_TIM_MspPostInit
 .text.MX_USART1_UART_Init
                0x08006980       0x54 CMakeFiles/km1-one.dir/Core/Src/usart.c.obj
                0x08006980                MX_USART1_UART_Init
 .text.MX_USART3_UART_Init
                0x080069d4       0x54 CMakeFiles/km1-one.dir/Core/Src/usart.c.obj
                0x080069d4                MX_USART3_UART_Init
 .text.HAL_UART_MspInit
                0x08006a28      0x28c CMakeFiles/km1-one.dir/Core/Src/usart.c.obj
                0x08006a28                HAL_UART_MspInit
 .text._write   0x08006cb4       0x2c CMakeFiles/km1-one.dir/Core/Src/usart.c.obj
                0x08006cb4                _write
 .text.fault_dump
                0x08006ce0      0x118 CMakeFiles/km1-one.dir/Core/Src/stm32f1xx_it.c.obj
 .text.NMI_Handler
                0x08006df8        0x6 CMakeFiles/km1-one.dir/Core/Src/stm32f1xx_it.c.obj
                0x08006df8                NMI_Handler
 *fill*         0x08006dfe        0x2 
 .text.HardFault_Handler
                0x08006e00       0x10 CMakeFiles/km1-one.dir/Core/Src/stm32f1xx_it.c.obj
                0x08006e00                HardFault_Handler
 .text.MemManage_Handler
                0x08006e10       0x10 CMakeFiles/km1-one.dir/Core/Src/stm32f1xx_it.c.obj
                0x08006e10                MemManage_Handler
 .text.BusFault_Handler
                0x08006e20       0x10 CMakeFiles/km1-one.dir/Core/Src/stm32f1xx_it.c.obj
                0x08006e20                BusFault_Handler
 .text.UsageFault_Handler
                0x08006e30       0x10 CMakeFiles/km1-one.dir/Core/Src/stm32f1xx_it.c.obj
                0x08006e30                UsageFault_Handler
 .text.SVC_Handler
                0x08006e40        0xc CMakeFiles/km1-one.dir/Core/Src/stm32f1xx_it.c.obj
                0x08006e40                SVC_Handler
 .text.DebugMon_Handler
                0x08006e4c        0xc CMakeFiles/km1-one.dir/Core/Src/stm32f1xx_it.c.obj
                0x08006e4c                DebugMon_Handler
 .text.PendSV_Handler
                0x08006e58        0xc CMakeFiles/km1-one.dir/Core/Src/stm32f1xx_it.c.obj
                0x08006e58                PendSV_Handler
 .text.SysTick_Handler
                0x08006e64        0xc CMakeFiles/km1-one.dir/Core/Src/stm32f1xx_it.c.obj
                0x08006e64                SysTick_Handler
 .text.DMA1_Channel2_IRQHandler
                0x08006e70       0x14 CMakeFiles/km1-one.dir/Core/Src/stm32f1xx_it.c.obj
                0x08006e70                DMA1_Channel2_IRQHandler
 .text.DMA1_Channel3_IRQHandler
                0x08006e84       0x14 CMakeFiles/km1-one.dir/Core/Src/stm32f1xx_it.c.obj
                0x08006e84                DMA1_Channel3_IRQHandler
 .text.DMA1_Channel4_IRQHandler
                0x08006e98       0x14 CMakeFiles/km1-one.dir/Core/Src/stm32f1xx_it.c.obj
                0x08006e98                DMA1_Channel4_IRQHandler
 .text.DMA1_Channel5_IRQHandler
                0x08006eac       0x14 CMakeFiles/km1-one.dir/Core/Src/stm32f1xx_it.c.obj
                0x08006eac                DMA1_Channel5_IRQHandler
 .text.EXTI9_5_IRQHandler
                0x08006ec0       0x10 CMakeFiles/km1-one.dir/Core/Src/stm32f1xx_it.c.obj
                0x08006ec0                EXTI9_5_IRQHandler
 .text.TIM1_UP_IRQHandler
                0x08006ed0       0x14 CMakeFiles/km1-one.dir/Core/Src/stm32f1xx_it.c.obj
                0x08006ed0                TIM1_UP_IRQHandler
 .text.USART1_IRQHandler
                0x08006ee4       0x14 CMakeFiles/km1-one.dir/Core/Src/stm32f1xx_it.c.obj
                0x08006ee4                USART1_IRQHandler
 .text.USART3_IRQHandler
                0x08006ef8       0x14 CMakeFiles/km1-one.dir/Core/Src/stm32f1xx_it.c.obj
                0x08006ef8                USART3_IRQHandler
 .text.EXTI15_10_IRQHandler
                0x08006f0c       0x10 CMakeFiles/km1-one.dir/Core/Src/stm32f1xx_it.c.obj
                0x08006f0c                EXTI15_10_IRQHandler
 .text.HAL_MspInit
                0x08006f1c       0x64 CMakeFiles/km1-one.dir/Core/Src/stm32f1xx_hal_msp.c.obj
                0x08006f1c                HAL_MspInit
 .text.HAL_TIM_Base_Init
                0x08006f80       0x9e CMakeFiles/km1-one.dir/Drivers/STM32F1xx_HAL_Driver/Src/stm32f1xx_hal_tim.c.obj
                0x08006f80                HAL_TIM_Base_Init
 *fill*         0x0800701e        0x2 
 .text.HAL_TIM_Base_Start_IT
                0x08007020       0xa4 CMakeFiles/km1-one.dir/Drivers/STM32F1xx_HAL_Driver/Src/stm32f1xx_hal_tim.c.obj
                0x08007020                HAL_TIM_Base_Start_IT
 .text.HAL_TIM_PWM_Init
                0x080070c4       0x9e CMakeFiles/km1-one.dir/Drivers/STM32F1xx_HAL_Driver/Src/stm32f1xx_hal_tim.c.obj
                0x080070c4                HAL_TIM_PWM_Init
 *fill*         0x08007162        0x2 
 .text.HAL_TIM_PWM_Start
                0x08007164      0x144 CMakeFiles/km1-one.dir/Drivers/STM32F1xx_HAL_Driver/Src/stm32f1xx_hal_tim.c.obj
                0x08007164                HAL_TIM_PWM_Start
 .text.HAL_TIM_IRQHandler
                0x080072a8      0x1e0 CMakeFiles/km1-one.dir/Drivers/STM32F1xx_HAL_Driver/Src/stm32f1xx_hal_tim.c.obj
                0x080072a8                HAL_TIM_IRQHandler
 .text.HAL_TIM_PWM_ConfigChannel
                0x08007488      0x184 CMakeFiles/km1-one.dir/Drivers/STM32F1xx_HAL_Driver/Src/stm32f1xx_hal_tim.c.obj
                0x08007488                HAL_TIM_PWM_ConfigChannel
 .text.HAL_TIM_ConfigClockSource
                0x0800760c      0x18e CMakeFiles/km1-one.dir/Drivers/STM32F1xx_HAL_Driver/Src/stm32f1xx_hal_tim.c.obj
                0x0800760c                HAL_TIM_ConfigClockSource
 .text.HAL_TIM_OC_DelayElapsedCallback
                0x0800779a       0x12 CMakeFiles/km1-one.dir/Drivers/STM32F1xx_HAL_Driver/Src/stm32f1xx_hal_tim.c.obj
                0x0800779a                HAL_TIM_OC_DelayElapsedCallback
 .text.HAL_TIM_IC_CaptureCallback
                0x080077ac       0x12 CMakeFiles/km1-one.dir/Drivers/STM32F1xx_HAL_Driver/Src/stm32f1xx_hal_tim.c.obj
                0x080077ac                HAL_TIM_IC_CaptureCallback
 .text.HAL_TIM_PWM_PulseFinishedCallback
                0x080077be       0x12 CMakeFiles/km1-one.dir/Drivers/STM32F1xx_HAL_Driver/Src/stm32f1xx_hal_tim.c.obj
                0x080077be                HAL_TIM_PWM_PulseFinishedCallback
 .text.HAL_TIM_TriggerCallback
                0x080077d0       0x12 CMakeFiles/km1-one.dir/Drivers/STM32F1xx_HAL_Driver/Src/stm32f1xx_hal_tim.c.obj
                0x080077d0                HAL_TIM_TriggerCallback
 *fill*         0x080077e2        0x2 
 .text.TIM_Base_SetConfig
                0x080077e4       0xdc CMakeFiles/km1-one.dir/Drivers/STM32F1xx_HAL_Driver/Src/stm32f1xx_hal_tim.c.obj
                0x080077e4                TIM_Base_SetConfig
 .text.TIM_OC1_SetConfig
                0x080078c0       0xcc CMakeFiles/km1-one.dir/Drivers/STM32F1xx_HAL_Driver/Src/stm32f1xx_hal_tim.c.obj
 .text.TIM_OC2_SetConfig
                0x0800798c       0xd4 CMakeFiles/km1-one.dir/Drivers/STM32F1xx_HAL_Driver/Src/stm32f1xx_hal_tim.c.obj
                0x0800798c                TIM_OC2_SetConfig
 .text.TIM_OC3_SetConfig
                0x08007a60       0xd4 CMakeFiles/km1-one.dir/Drivers/STM32F1xx_HAL_Driver/Src/stm32f1xx_hal_tim.c.obj
 .text.TIM_OC4_SetConfig
                0x08007b34       0x9c CMakeFiles/km1-one.dir/Drivers/STM32F1xx_HAL_Driver/Src/stm32f1xx_hal_tim.c.obj
 .text.TIM_TI1_ConfigInputStage
                0x08007bd0       0x5c CMakeFiles/km1-one.dir/Drivers/STM32F1xx_HAL_Driver/Src/stm32f1xx_hal_tim.c.obj
 .text.TIM_TI2_ConfigInputStage
                0x08007c2c       0x5e CMakeFiles/km1-one.dir/Drivers/STM32F1xx_HAL_Driver/Src/stm32f1xx_hal_tim.c.obj
 .text.TIM_ITRx_SetConfig
                0x08007c8a       0x34 CMakeFiles/km1-one.dir/Drivers/STM32F1xx_HAL_Driver/Src/stm32f1xx_hal_tim.c.obj
 .text.TIM_ETR_SetConfig
                0x08007cbe       0x3e CMakeFiles/km1-one.dir/Drivers/STM32F1xx_HAL_Driver/Src/stm32f1xx_hal_tim.c.obj
                0x08007cbe                TIM_ETR_SetConfig
 .text.TIM_CCxChannelCmd
                0x08007cfc       0x48 CMakeFiles/km1-one.dir/Drivers/STM32F1xx_HAL_Driver/Src/stm32f1xx_hal_tim.c.obj
                0x08007cfc                TIM_CCxChannelCmd
 .text.HAL_TIMEx_MasterConfigSynchronization
                0x08007d44       0xbc CMakeFiles/km1-one.dir/Drivers/STM32F1xx_HAL_Driver/Src/stm32f1xx_hal_tim_ex.c.obj
                0x08007d44                HAL_TIMEx_MasterConfigSynchronization
 .text.HAL_TIMEx_CommutCallback
                0x08007e00       0x12 CMakeFiles/km1-one.dir/Drivers/STM32F1xx_HAL_Driver/Src/stm32f1xx_hal_tim_ex.c.obj
                0x08007e00                HAL_TIMEx_CommutCallback
 .text.HAL_TIMEx_BreakCallback
                0x08007e12       0x12 CMakeFiles/km1-one.dir/Drivers/STM32F1xx_HAL_Driver/Src/stm32f1xx_hal_tim_ex.c.obj
                0x08007e12                HAL_TIMEx_BreakCallback
 .text.HAL_Init
                0x08007e24       0x2c CMakeFiles/km1-one.dir/Drivers/STM32F1xx_HAL_Driver/Src/stm32f1xx_hal.c.obj
                0x08007e24                HAL_Init
 .text.HAL_InitTick
                0x08007e50       0x60 CMakeFiles/km1-one.dir/Drivers/STM32F1xx_HAL_Driver/Src/stm32f1xx_hal.c.obj
                0x08007e50                HAL_InitTick
 .text.HAL_IncTick
                0x08007eb0       0x24 CMakeFiles/km1-one.dir/Drivers/STM32F1xx_HAL_Driver/Src/stm32f1xx_hal.c.obj
                0x08007eb0                HAL_IncTick
 .text.HAL_GetTick
                0x08007ed4       0x14 CMakeFiles/km1-one.dir/Drivers/STM32F1xx_HAL_Driver/Src/stm32f1xx_hal.c.obj
                0x08007ed4                HAL_GetTick
 .text.HAL_RCC_OscConfig
                0x08007ee8      0x504 CMakeFiles/km1-one.dir/Drivers/STM32F1xx_HAL_Driver/Src/stm32f1xx_hal_rcc.c.obj
                0x08007ee8                HAL_RCC_OscConfig
 .text.HAL_RCC_ClockConfig
                0x080083ec      0x1d4 CMakeFiles/km1-one.dir/Drivers/STM32F1xx_HAL_Driver/Src/stm32f1xx_hal_rcc.c.obj
                0x080083ec                HAL_RCC_ClockConfig
 .text.HAL_RCC_GetSysClockFreq
                0x080085c0       0xa8 CMakeFiles/km1-one.dir/Drivers/STM32F1xx_HAL_Driver/Src/stm32f1xx_hal_rcc.c.obj
                0x080085c0                HAL_RCC_GetSysClockFreq
 .text.HAL_RCC_GetHCLKFreq
                0x08008668       0x14 CMakeFiles/km1-one.dir/Drivers/STM32F1xx_HAL_Driver/Src/stm32f1xx_hal_rcc.c.obj
                0x08008668                HAL_RCC_GetHCLKFreq
 .text.HAL_RCC_GetPCLK1Freq
                0x0800867c       0x28 CMakeFiles/km1-one.dir/Drivers/STM32F1xx_HAL_Driver/Src/stm32f1xx_hal_rcc.c.obj
                0x0800867c                HAL_RCC_GetPCLK1Freq
 .text.HAL_RCC_GetPCLK2Freq
                0x080086a4       0x28 CMakeFiles/km1-one.dir/Drivers/STM32F1xx_HAL_Driver/Src/stm32f1xx_hal_rcc.c.obj
                0x080086a4                HAL_RCC_GetPCLK2Freq
 .text.RCC_Delay
                0x080086cc       0x3c CMakeFiles/km1-one.dir/Drivers/STM32F1xx_HAL_Driver/Src/stm32f1xx_hal_rcc.c.obj
 .text.HAL_GPIO_Init
                0x08008708      0x308 CMakeFiles/km1-one.dir/Drivers/STM32F1xx_HAL_Driver/Src/stm32f1xx_hal_gpio.c.obj
                0x08008708                HAL_GPIO_Init
 .text.HAL_GPIO_WritePin
                0x08008a10       0x30 CMakeFiles/km1-one.dir/Drivers/STM32F1xx_HAL_Driver/Src/stm32f1xx_hal_gpio.c.obj
                0x08008a10                HAL_GPIO_WritePin
 .text.HAL_GPIO_EXTI_IRQHandler
                0x08008a40       0x30 CMakeFiles/km1-one.dir/Drivers/STM32F1xx_HAL_Driver/Src/stm32f1xx_hal_gpio.c.obj
                0x08008a40                HAL_GPIO_EXTI_IRQHandler
 .text.HAL_DMA_Init
                0x08008a70       0xb4 CMakeFiles/km1-one.dir/Drivers/STM32F1xx_HAL_Driver/Src/stm32f1xx_hal_dma.c.obj
                0x08008a70                HAL_DMA_Init
 .text.HAL_DMA_Start_IT
                0x08008b24       0xc0 CMakeFiles/km1-one.dir/Drivers/STM32F1xx_HAL_Driver/Src/stm32f1xx_hal_dma.c.obj
                0x08008b24                HAL_DMA_Start_IT
 .text.HAL_DMA_Abort
                0x08008be4       0x76 CMakeFiles/km1-one.dir/Drivers/STM32F1xx_HAL_Driver/Src/stm32f1xx_hal_dma.c.obj
                0x08008be4                HAL_DMA_Abort
 *fill*         0x08008c5a        0x2 
 .text.HAL_DMA_Abort_IT
                0x08008c5c       0xf0 CMakeFiles/km1-one.dir/Drivers/STM32F1xx_HAL_Driver/Src/stm32f1xx_hal_dma.c.obj
                0x08008c5c                HAL_DMA_Abort_IT
 .text.HAL_DMA_IRQHandler
                0x08008d4c      0x20c CMakeFiles/km1-one.dir/Drivers/STM32F1xx_HAL_Driver/Src/stm32f1xx_hal_dma.c.obj
                0x08008d4c                HAL_DMA_IRQHandler
 .text.DMA_SetConfig
                0x08008f58       0x5a CMakeFiles/km1-one.dir/Drivers/STM32F1xx_HAL_Driver/Src/stm32f1xx_hal_dma.c.obj
 *fill*         0x08008fb2        0x2 
 .text.__NVIC_SetPriorityGrouping
                0x08008fb4       0x48 CMakeFiles/km1-one.dir/Drivers/STM32F1xx_HAL_Driver/Src/stm32f1xx_hal_cortex.c.obj
 .text.__NVIC_GetPriorityGrouping
                0x08008ffc       0x1c CMakeFiles/km1-one.dir/Drivers/STM32F1xx_HAL_Driver/Src/stm32f1xx_hal_cortex.c.obj
 .text.__NVIC_EnableIRQ
                0x08009018       0x38 CMakeFiles/km1-one.dir/Drivers/STM32F1xx_HAL_Driver/Src/stm32f1xx_hal_cortex.c.obj
 .text.__NVIC_SetPriority
                0x08009050       0x54 CMakeFiles/km1-one.dir/Drivers/STM32F1xx_HAL_Driver/Src/stm32f1xx_hal_cortex.c.obj
 .text.NVIC_EncodePriority
                0x080090a4       0x64 CMakeFiles/km1-one.dir/Drivers/STM32F1xx_HAL_Driver/Src/stm32f1xx_hal_cortex.c.obj
 .text.SysTick_Config
                0x08009108       0x44 CMakeFiles/km1-one.dir/Drivers/STM32F1xx_HAL_Driver/Src/stm32f1xx_hal_cortex.c.obj
 .text.HAL_NVIC_SetPriorityGrouping
                0x0800914c       0x16 CMakeFiles/km1-one.dir/Drivers/STM32F1xx_HAL_Driver/Src/stm32f1xx_hal_cortex.c.obj
                0x0800914c                HAL_NVIC_SetPriorityGrouping
 .text.HAL_NVIC_SetPriority
                0x08009162       0x38 CMakeFiles/km1-one.dir/Drivers/STM32F1xx_HAL_Driver/Src/stm32f1xx_hal_cortex.c.obj
                0x08009162                HAL_NVIC_SetPriority
 .text.HAL_NVIC_EnableIRQ
                0x0800919a       0x1c CMakeFiles/km1-one.dir/Drivers/STM32F1xx_HAL_Driver/Src/stm32f1xx_hal_cortex.c.obj
                0x0800919a                HAL_NVIC_EnableIRQ
 .text.HAL_SYSTICK_Config
                0x080091b6       0x18 CMakeFiles/km1-one.dir/Drivers/STM32F1xx_HAL_Driver/Src/stm32f1xx_hal_cortex.c.obj
                0x080091b6                HAL_SYSTICK_Config
 .text.HAL_UART_Init
                0x080091ce       0xa0 CMakeFiles/km1-one.dir/Drivers/STM32F1xx_HAL_Driver/Src/stm32f1xx_hal_uart.c.obj
                0x080091ce                HAL_UART_Init
 .text.HAL_UART_Transmit
                0x0800926e      0x116 CMakeFiles/km1-one.dir/Drivers/STM32F1xx_HAL_Driver/Src/stm32f1xx_hal_uart.c.obj
                0x0800926e                HAL_UART_Transmit
 .text.HAL_UART_Transmit_DMA
                0x08009384       0xe0 CMakeFiles/km1-one.dir/Drivers/STM32F1xx_HAL_Driver/Src/stm32f1xx_hal_uart.c.obj
                0x08009384                HAL_UART_Transmit_DMA
 .text.HAL_UART_Receive_DMA
                0x08009464       0x4a CMakeFiles/km1-one.dir/Drivers/STM32F1xx_HAL_Driver/Src/stm32f1xx_hal_uart.c.obj
                0x08009464                HAL_UART_Receive_DMA
 *fill*         0x080094ae        0x2 
 .text.HAL_UART_IRQHandler
                0x080094b0      0x524 CMakeFiles/km1-one.dir/Drivers/STM32F1xx_HAL_Driver/Src/stm32f1xx_hal_uart.c.obj
                0x080094b0                HAL_UART_IRQHandler
 .text.HAL_UART_TxHalfCpltCallback
                0x080099d4       0x12 CMakeFiles/km1-one.dir/Drivers/STM32F1xx_HAL_Driver/Src/stm32f1xx_hal_uart.c.obj
                0x080099d4                HAL_UART_TxHalfCpltCallback
 .text.HAL_UART_RxCpltCallback
                0x080099e6       0x12 CMakeFiles/km1-one.dir/Drivers/STM32F1xx_HAL_Driver/Src/stm32f1xx_hal_uart.c.obj
                0x080099e6                HAL_UART_RxCpltCallback
 .text.HAL_UART_RxHalfCpltCallback
                0x080099f8       0x12 CMakeFiles/km1-one.dir/Drivers/STM32F1xx_HAL_Driver/Src/stm32f1xx_hal_uart.c.obj
                0x080099f8                HAL_UART_RxHalfCpltCallback
 .text.HAL_UART_ErrorCallback
                0x08009a0a       0x12 CMakeFiles/km1-one.dir/Drivers/STM32F1xx_HAL_Driver/Src/stm32f1xx_hal_uart.c.obj
                0x08009a0a                HAL_UART_ErrorCallback
 .text.HAL_UARTEx_RxEventCallback
                0x08009a1c       0x16 CMakeFiles/km1-one.dir/Drivers/STM32F1xx_HAL_Driver/Src/stm32f1xx_hal_uart.c.obj
                0x08009a1c                HAL_UARTEx_RxEventCallback
 .text.UART_DMATransmitCplt
                0x08009a32       0x9a CMakeFiles/km1-one.dir/Drivers/STM32F1xx_HAL_Driver/Src/stm32f1xx_hal_uart.c.obj
 .text.UART_DMATxHalfCplt
                0x08009acc       0x1c CMakeFiles/km1-one.dir/Drivers/STM32F1xx_HAL_Driver/Src/stm32f1xx_hal_uart.c.obj
 .text.UART_DMAReceiveCplt
                0x08009ae8      0x12c CMakeFiles/km1-one.dir/Drivers/STM32F1xx_HAL_Driver/Src/stm32f1xx_hal_uart.c.obj
 .text.UART_DMARxHalfCplt
                0x08009c14       0x3c CMakeFiles/km1-one.dir/Drivers/STM32F1xx_HAL_Driver/Src/stm32f1xx_hal_uart.c.obj
 .text.UART_DMAError
                0x08009c50       0x94 CMakeFiles/km1-one.dir/Drivers/STM32F1xx_HAL_Driver/Src/stm32f1xx_hal_uart.c.obj
 .text.UART_WaitOnFlagUntilTimeout
                0x08009ce4       0xb2 CMakeFiles/km1-one.dir/Drivers/STM32F1xx_HAL_Driver/Src/stm32f1xx_hal_uart.c.obj
 *fill*         0x08009d96        0x2 
 .text.UART_Start_Receive_DMA
                0x08009d98      0x134 CMakeFiles/km1-one.dir/Drivers/STM32F1xx_HAL_Driver/Src/stm32f1xx_hal_uart.c.obj
                0x08009d98                UART_Start_Receive_DMA
 .text.UART_EndTxTransfer
                0x08009ecc       0x4e CMakeFiles/km1-one.dir/Drivers/STM32F1xx_HAL_Driver/Src/stm32f1xx_hal_uart.c.obj
 .text.UART_EndRxTransfer
                0x08009f1a       0xc4 CMakeFiles/km1-one.dir/Drivers/STM32F1xx_HAL_Driver/Src/stm32f1xx_hal_uart.c.obj
 .text.UART_DMAAbortOnError
                0x08009fde       0x28 CMakeFiles/km1-one.dir/Drivers/STM32F1xx_HAL_Driver/Src/stm32f1xx_hal_uart.c.obj
 .text.UART_Transmit_IT
                0x0800a006       0x9e CMakeFiles/km1-one.dir/Drivers/STM32F1xx_HAL_Driver/Src/stm32f1xx_hal_uart.c.obj
 .text.UART_EndTransmit_IT
                0x0800a0a4       0x30 CMakeFiles/km1-one.dir/Drivers/STM32F1xx_HAL_Driver/Src/stm32f1xx_hal_uart.c.obj
 .text.UART_Receive_IT
                0x0800a0d4      0x17c CMakeFiles/km1-one.dir/Drivers/STM32F1xx_HAL_Driver/Src/stm32f1xx_hal_uart.c.obj
 .text.UART_SetConfig
                0x0800a250      0x11c CMakeFiles/km1-one.dir/Drivers/STM32F1xx_HAL_Driver/Src/stm32f1xx_hal_uart.c.obj
 .text.SystemInit
                0x0800a36c        0xc CMakeFiles/km1-one.dir/Core/Src/system_stm32f1xx.c.obj
                0x0800a36c                SystemInit
 .text._sbrk    0x0800a378       0x6c CMakeFiles/km1-one.dir/Core/Src/sysmem.c.obj
                0x0800a378                _sbrk
 .text._read    0x0800a3e4       0x3a CMakeFiles/km1-one.dir/Core/Src/syscalls.c.obj
                0x0800a3e4                _read
 .text._close   0x0800a41e       0x16 CMakeFiles/km1-one.dir/Core/Src/syscalls.c.obj
                0x0800a41e                _close
 .text._fstat   0x0800a434       0x1e CMakeFiles/km1-one.dir/Core/Src/syscalls.c.obj
                0x0800a434                _fstat
 .text._isatty  0x0800a452       0x14 CMakeFiles/km1-one.dir/Core/Src/syscalls.c.obj
                0x0800a452                _isatty
 .text._lseek   0x0800a466       0x18 CMakeFiles/km1-one.dir/Core/Src/syscalls.c.obj
                0x0800a466                _lseek
 *fill*         0x0800a47e        0x2 
 .text.Reset_Handler
                0x0800a480       0x48 CMakeFiles/km1-one.dir/startup_stm32f103xb.s.obj
                0x0800a480                Reset_Handler
 .text.Default_Handler
                0x0800a4c8        0x2 CMakeFiles/km1-one.dir/startup_stm32f103xb.s.obj
                0x0800a4c8                RTC_Alarm_IRQHandler
                0x0800a4c8                EXTI2_IRQHandler
                0x0800a4c8                TIM1_CC_IRQHandler
                0x0800a4c8                PVD_IRQHandler
                0x0800a4c8                EXTI3_IRQHandler
                0x0800a4c8                EXTI0_IRQHandler
                0x0800a4c8                I2C2_EV_IRQHandler
                0x0800a4c8                ADC1_2_IRQHandler
                0x0800a4c8                SPI1_IRQHandler
                0x0800a4c8                TAMPER_IRQHandler
                0x0800a4c8                RTC_IRQHandler
                0x0800a4c8                DMA1_Channel7_IRQHandler
                0x0800a4c8                CAN1_RX1_IRQHandler
                0x0800a4c8                TIM4_IRQHandler
                0x0800a4c8                I2C1_EV_IRQHandler
                0x0800a4c8                DMA1_Channel6_IRQHandler
                0x0800a4c8                TIM3_IRQHandler
                0x0800a4c8                RCC_IRQHandler
                0x0800a4c8                TIM1_TRG_COM_IRQHandler
                0x0800a4c8                DMA1_Channel1_IRQHandler
                0x0800a4c8                Default_Handler
                0x0800a4c8                SPI2_IRQHandler
                0x0800a4c8                EXTI4_IRQHandler
                0x0800a4c8                USB_LP_CAN1_RX0_IRQHandler
                0x0800a4c8                USB_HP_CAN1_TX_IRQHandler
                0x0800a4c8                WWDG_IRQHandler
                0x0800a4c8                TIM2_IRQHandler
                0x0800a4c8                TIM1_BRK_IRQHandler
                0x0800a4c8                EXTI1_IRQHandler
                0x0800a4c8                USART2_IRQHandler
                0x0800a4c8                I2C2_ER_IRQHandler
                0x0800a4c8                CAN1_SCE_IRQHandler
                0x0800a4c8                FLASH_IRQHandler
                0x0800a4c8                I2C1_ER_IRQHandler
                0x0800a4c8                USBWakeUp_IRQHandler
 *fill*         0x0800a4ca        0x2 
 .text.__errno  0x0800a4cc        0xc d:/progra~1/gnuarm~1/102021~1.10/bin/../lib/gcc/arm-none-eabi/10.3.1/../../../../arm-none-eabi/lib/thumb/v7-m/nofp\libg_nano.a(lib_a-errno.o)
                0x0800a4cc                __errno
 .text.memcpy   0x0800a4d8       0x1c d:/progra~1/gnuarm~1/102021~1.10/bin/../lib/gcc/arm-none-eabi/10.3.1/../../../../arm-none-eabi/lib/thumb/v7-m/nofp\libg_nano.a(lib_a-memcpy-stub.o)
                0x0800a4d8                memcpy
 .text._free_r  0x0800a4f4       0x90 d:/progra~1/gnuarm~1/102021~1.10/bin/../lib/gcc/arm-none-eabi/10.3.1/../../../../arm-none-eabi/lib/thumb/v7-m/nofp\libg_nano.a(lib_a-nano-freer.o)
                0x0800a4f4                _free_r
 .text.sbrk_aligned
                0x0800a584       0x40 d:/progra~1/gnuarm~1/102021~1.10/bin/../lib/gcc/arm-none-eabi/10.3.1/../../../../arm-none-eabi/lib/thumb/v7-m/nofp\libg_nano.a(lib_a-nano-mallocr.o)
 .text._malloc_r
                0x0800a5c4       0xe8 d:/progra~1/gnuarm~1/102021~1.10/bin/../lib/gcc/arm-none-eabi/10.3.1/../../../../arm-none-eabi/lib/thumb/v7-m/nofp\libg_nano.a(lib_a-nano-mallocr.o)
                0x0800a5c4                _malloc_r
 .text.printf   0x0800a6ac       0x30 d:/progra~1/gnuarm~1/102021~1.10/bin/../lib/gcc/arm-none-eabi/10.3.1/../../../../arm-none-eabi/lib/thumb/v7-m/nofp\libg_nano.a(lib_a-printf.o)
                0x0800a6ac                iprintf
                0x0800a6ac                printf
 .text.putchar  0x0800a6dc       0x28 d:/progra~1/gnuarm~1/102021~1.10/bin/../lib/gcc/arm-none-eabi/10.3.1/../../../../arm-none-eabi/lib/thumb/v7-m/nofp\libg_nano.a(lib_a-putchar.o)
                0x0800a6dc                putchar
 .text._puts_r  0x0800a704       0xdc d:/progra~1/gnuarm~1/102021~1.10/bin/../lib/gcc/arm-none-eabi/10.3.1/../../../../arm-none-eabi/lib/thumb/v7-m/nofp\libg_nano.a(lib_a-puts.o)
                0x0800a704                _puts_r
 .text.puts     0x0800a7e0       0x10 d:/progra~1/gnuarm~1/102021~1.10/bin/../lib/gcc/arm-none-eabi/10.3.1/../../../../arm-none-eabi/lib/thumb/v7-m/nofp\libg_nano.a(lib_a-puts.o)
                0x0800a7e0                puts
 .text._sbrk_r  0x0800a7f0       0x20 d:/progra~1/gnuarm~1/102021~1.10/bin/../lib/gcc/arm-none-eabi/10.3.1/../../../../arm-none-eabi/lib/thumb/v7-m/nofp\libg_nano.a(lib_a-sbrkr.o)
                0x0800a7f0                _sbrk_r
 .text.__swbuf_r
                0x0800a810       0xa4 d:/progra~1/gnuarm~1/102021~1.10/bin/../lib/gcc/arm-none-eabi/10.3.1/../../../../arm-none-eabi/lib/thumb/v7-m/nofp\libg_nano.a(lib_a-wbuf.o)
                0x0800a810                __swbuf_r
 .text.__swsetup_r
                0x0800a8b4       0xdc d:/progra~1/gnuarm~1/102021~1.10/bin/../lib/gcc/arm-none-eabi/10.3.1/../../../../arm-none-eabi/lib/thumb/v7-m/nofp\libg_nano.a(lib_a-wsetup.o)
                0x0800a8b4                __swsetup_r
 .text.__sflush_r
                0x0800a990      0x104 d:/progra~1/gnuarm~1/102021~1.10/bin/../lib/gcc/arm-none-eabi/10.3.1/../../../../arm-none-eabi/lib/thumb/v7-m/nofp\libg_nano.a(lib_a-fflush.o)
                0x0800a990                __sflush_r
 .text._fflush_r
                0x0800aa94       0x78 d:/progra~1/gnuarm~1/102021~1.10/bin/../lib/gcc/arm-none-eabi/10.3.1/../../../../arm-none-eabi/lib/thumb/v7-m/nofp\libg_nano.a(lib_a-fflush.o)
                0x0800aa94                _fflush_r
 .text.std      0x0800ab0c       0x48 d:/progra~1/gnuarm~1/102021~1.10/bin/../lib/gcc/arm-none-eabi/10.3.1/../../../../arm-none-eabi/lib/thumb/v7-m/nofp\libg_nano.a(lib_a-findfp.o)
 .text._cleanup_r
                0x0800ab54        0xc d:/progra~1/gnuarm~1/102021~1.10/bin/../lib/gcc/arm-none-eabi/10.3.1/../../../../arm-none-eabi/lib/thumb/v7-m/nofp\libg_nano.a(lib_a-findfp.o)
                0x0800ab54                _cleanup_r
 .text.__sfmoreglue
                0x0800ab60       0x2c d:/progra~1/gnuarm~1/102021~1.10/bin/../lib/gcc/arm-none-eabi/10.3.1/../../../../arm-none-eabi/lib/thumb/v7-m/nofp\libg_nano.a(lib_a-findfp.o)
                0x0800ab60                __sfmoreglue
 .text.__sfp_lock_acquire
                0x0800ab8c        0xc d:/progra~1/gnuarm~1/102021~1.10/bin/../lib/gcc/arm-none-eabi/10.3.1/../../../../arm-none-eabi/lib/thumb/v7-m/nofp\libg_nano.a(lib_a-findfp.o)
                0x0800ab8c                __sfp_lock_acquire
 .text.__sfp_lock_release
                0x0800ab98        0xc d:/progra~1/gnuarm~1/102021~1.10/bin/../lib/gcc/arm-none-eabi/10.3.1/../../../../arm-none-eabi/lib/thumb/v7-m/nofp\libg_nano.a(lib_a-findfp.o)
                0x0800ab98                __sfp_lock_release
 .text.__sinit_lock_acquire
                0x0800aba4        0xc d:/progra~1/gnuarm~1/102021~1.10/bin/../lib/gcc/arm-none-eabi/10.3.1/../../../../arm-none-eabi/lib/thumb/v7-m/nofp\libg_nano.a(lib_a-findfp.o)
                0x0800aba4                __sinit_lock_acquire
 .text.__sinit_lock_release
                0x0800abb0        0xc d:/progra~1/gnuarm~1/102021~1.10/bin/../lib/gcc/arm-none-eabi/10.3.1/../../../../arm-none-eabi/lib/thumb/v7-m/nofp\libg_nano.a(lib_a-findfp.o)
                0x0800abb0                __sinit_lock_release
 .text.__sinit  0x0800abbc       0x70 d:/progra~1/gnuarm~1/102021~1.10/bin/../lib/gcc/arm-none-eabi/10.3.1/../../../../arm-none-eabi/lib/thumb/v7-m/nofp\libg_nano.a(lib_a-findfp.o)
                0x0800abbc                __sinit
 .text.__sfp    0x0800ac2c       0x8c d:/progra~1/gnuarm~1/102021~1.10/bin/../lib/gcc/arm-none-eabi/10.3.1/../../../../arm-none-eabi/lib/thumb/v7-m/nofp\libg_nano.a(lib_a-findfp.o)
                0x0800ac2c                __sfp
 .text._fwalk_reent
                0x0800acb8       0x3e d:/progra~1/gnuarm~1/102021~1.10/bin/../lib/gcc/arm-none-eabi/10.3.1/../../../../arm-none-eabi/lib/thumb/v7-m/nofp\libg_nano.a(lib_a-fwalk.o)
                0x0800acb8                _fwalk_reent
 .text.__retarget_lock_init_recursive
                0x0800acf6        0x2 d:/progra~1/gnuarm~1/102021~1.10/bin/../lib/gcc/arm-none-eabi/10.3.1/../../../../arm-none-eabi/lib/thumb/v7-m/nofp\libg_nano.a(lib_a-lock.o)
                0x0800acf6                __retarget_lock_init_recursive
 .text.__retarget_lock_acquire_recursive
                0x0800acf8        0x2 d:/progra~1/gnuarm~1/102021~1.10/bin/../lib/gcc/arm-none-eabi/10.3.1/../../../../arm-none-eabi/lib/thumb/v7-m/nofp\libg_nano.a(lib_a-lock.o)
                0x0800acf8                __retarget_lock_acquire_recursive
 .text.__retarget_lock_release_recursive
                0x0800acfa        0x2 d:/progra~1/gnuarm~1/102021~1.10/bin/../lib/gcc/arm-none-eabi/10.3.1/../../../../arm-none-eabi/lib/thumb/v7-m/nofp\libg_nano.a(lib_a-lock.o)
                0x0800acfa                __retarget_lock_release_recursive
 .text.__swhatbuf_r
                0x0800acfc       0x4a d:/progra~1/gnuarm~1/102021~1.10/bin/../lib/gcc/arm-none-eabi/10.3.1/../../../../arm-none-eabi/lib/thumb/v7-m/nofp\libg_nano.a(lib_a-makebuf.o)
                0x0800acfc                __swhatbuf_r
 *fill*         0x0800ad46        0x2 
 .text.__smakebuf_r
                0x0800ad48       0x80 d:/progra~1/gnuarm~1/102021~1.10/bin/../lib/gcc/arm-none-eabi/10.3.1/../../../../arm-none-eabi/lib/thumb/v7-m/nofp\libg_nano.a(lib_a-makebuf.o)
                0x0800ad48                __smakebuf_r
 .text.__malloc_lock
                0x0800adc8        0xc d:/progra~1/gnuarm~1/102021~1.10/bin/../lib/gcc/arm-none-eabi/10.3.1/../../../../arm-none-eabi/lib/thumb/v7-m/nofp\libg_nano.a(lib_a-mlock.o)
                0x0800adc8                __malloc_lock
 .text.__malloc_unlock
                0x0800add4        0xc d:/progra~1/gnuarm~1/102021~1.10/bin/../lib/gcc/arm-none-eabi/10.3.1/../../../../arm-none-eabi/lib/thumb/v7-m/nofp\libg_nano.a(lib_a-mlock.o)
                0x0800add4                __malloc_unlock
 .text.__sfputc_r
                0x0800ade0       0x2a d:/progra~1/gnuarm~1/102021~1.10/bin/../lib/gcc/arm-none-eabi/10.3.1/../../../../arm-none-eabi/lib/thumb/v7-m/nofp\libg_nano.a(lib_a-nano-vfprintf.o)
 .text.__sfputs_r
                0x0800ae0a       0x24 d:/progra~1/gnuarm~1/102021~1.10/bin/../lib/gcc/arm-none-eabi/10.3.1/../../../../arm-none-eabi/lib/thumb/v7-m/nofp\libg_nano.a(lib_a-nano-vfprintf.o)
                0x0800ae0a                __sfputs_r
 *fill*         0x0800ae2e        0x2 
 .text._vfprintf_r
                0x0800ae30      0x260 d:/progra~1/gnuarm~1/102021~1.10/bin/../lib/gcc/arm-none-eabi/10.3.1/../../../../arm-none-eabi/lib/thumb/v7-m/nofp\libg_nano.a(lib_a-nano-vfprintf.o)
                0x0800ae30                _vfprintf_r
                0x0800ae30                _vfiprintf_r
 .text._printf_common
                0x0800b090       0xde d:/progra~1/gnuarm~1/102021~1.10/bin/../lib/gcc/arm-none-eabi/10.3.1/../../../../arm-none-eabi/lib/thumb/v7-m/nofp\libg_nano.a(lib_a-nano-vfprintf_i.o)
                0x0800b090                _printf_common
 *fill*         0x0800b16e        0x2 
 .text._printf_i
                0x0800b170      0x24c d:/progra~1/gnuarm~1/102021~1.10/bin/../lib/gcc/arm-none-eabi/10.3.1/../../../../arm-none-eabi/lib/thumb/v7-m/nofp\libg_nano.a(lib_a-nano-vfprintf_i.o)
                0x0800b170                _printf_i
 .text._putc_r  0x0800b3bc       0x90 d:/progra~1/gnuarm~1/102021~1.10/bin/../lib/gcc/arm-none-eabi/10.3.1/../../../../arm-none-eabi/lib/thumb/v7-m/nofp\libg_nano.a(lib_a-putc.o)
                0x0800b3bc                _putc_r
 .text.__sread  0x0800b44c       0x22 d:/progra~1/gnuarm~1/102021~1.10/bin/../lib/gcc/arm-none-eabi/10.3.1/../../../../arm-none-eabi/lib/thumb/v7-m/nofp\libg_nano.a(lib_a-stdio.o)
                0x0800b44c                __sread
 .text.__swrite
                0x0800b46e       0x38 d:/progra~1/gnuarm~1/102021~1.10/bin/../lib/gcc/arm-none-eabi/10.3.1/../../../../arm-none-eabi/lib/thumb/v7-m/nofp\libg_nano.a(lib_a-stdio.o)
                0x0800b46e                __swrite
 .text.__sseek  0x0800b4a6       0x24 d:/progra~1/gnuarm~1/102021~1.10/bin/../lib/gcc/arm-none-eabi/10.3.1/../../../../arm-none-eabi/lib/thumb/v7-m/nofp\libg_nano.a(lib_a-stdio.o)
                0x0800b4a6                __sseek
 .text.__sclose
                0x0800b4ca        0x8 d:/progra~1/gnuarm~1/102021~1.10/bin/../lib/gcc/arm-none-eabi/10.3.1/../../../../arm-none-eabi/lib/thumb/v7-m/nofp\libg_nano.a(lib_a-stdio.o)
                0x0800b4ca                __sclose
 *fill*         0x0800b4d2        0x2 
 .text._write_r
                0x0800b4d4       0x24 d:/progra~1/gnuarm~1/102021~1.10/bin/../lib/gcc/arm-none-eabi/10.3.1/../../../../arm-none-eabi/lib/thumb/v7-m/nofp\libg_nano.a(lib_a-writer.o)
                0x0800b4d4                _write_r
 .text._close_r
                0x0800b4f8       0x20 d:/progra~1/gnuarm~1/102021~1.10/bin/../lib/gcc/arm-none-eabi/10.3.1/../../../../arm-none-eabi/lib/thumb/v7-m/nofp\libg_nano.a(lib_a-closer.o)
                0x0800b4f8                _close_r
 .text._fstat_r
                0x0800b518       0x24 d:/progra~1/gnuarm~1/102021~1.10/bin/../lib/gcc/arm-none-eabi/10.3.1/../../../../arm-none-eabi/lib/thumb/v7-m/nofp\libg_nano.a(lib_a-fstatr.o)
                0x0800b518                _fstat_r
 .text._isatty_r
                0x0800b53c       0x20 d:/progra~1/gnuarm~1/102021~1.10/bin/../lib/gcc/arm-none-eabi/10.3.1/../../../../arm-none-eabi/lib/thumb/v7-m/nofp\libg_nano.a(lib_a-isattyr.o)
                0x0800b53c                _isatty_r
 .text._lseek_r
                0x0800b55c       0x24 d:/progra~1/gnuarm~1/102021~1.10/bin/../lib/gcc/arm-none-eabi/10.3.1/../../../../arm-none-eabi/lib/thumb/v7-m/nofp\libg_nano.a(lib_a-lseekr.o)
                0x0800b55c                _lseek_r
 .text.memchr   0x0800b580       0x1c d:/progra~1/gnuarm~1/102021~1.10/bin/../lib/gcc/arm-none-eabi/10.3.1/../../../../arm-none-eabi/lib/thumb/v7-m/nofp\libg_nano.a(lib_a-memchr-stub.o)
                0x0800b580                memchr
 .text._read_r  0x0800b59c       0x24 d:/progra~1/gnuarm~1/102021~1.10/bin/../lib/gcc/arm-none-eabi/10.3.1/../../../../arm-none-eabi/lib/thumb/v7-m/nofp\libg_nano.a(lib_a-readr.o)
                0x0800b59c                _read_r
 .text.powf     0x0800b5c0       0xa8 d:/progra~1/gnuarm~1/102021~1.10/bin/../lib/gcc/arm-none-eabi/10.3.1/../../../../arm-none-eabi/lib/thumb/v7-m/nofp\libm.a(lib_a-wf_pow.o)
                0x0800b5c0                powf
 .text.__ieee754_powf
                0x0800b668      0x73c d:/progra~1/gnuarm~1/102021~1.10/bin/../lib/gcc/arm-none-eabi/10.3.1/../../../../arm-none-eabi/lib/thumb/v7-m/nofp\libm.a(lib_a-ef_pow.o)
                0x0800b668                __ieee754_powf
 .text.__ieee754_sqrtf
                0x0800bda4       0xb0 d:/progra~1/gnuarm~1/102021~1.10/bin/../lib/gcc/arm-none-eabi/10.3.1/../../../../arm-none-eabi/lib/thumb/v7-m/nofp\libm.a(lib_a-ef_sqrt.o)
                0x0800bda4                __ieee754_sqrtf
 .text.with_errnof
                0x0800be54       0x14 d:/progra~1/gnuarm~1/102021~1.10/bin/../lib/gcc/arm-none-eabi/10.3.1/../../../../arm-none-eabi/lib/thumb/v7-m/nofp\libm.a(lib_a-math_errf.o)
 .text.xflowf   0x0800be68       0x28 d:/progra~1/gnuarm~1/102021~1.10/bin/../lib/gcc/arm-none-eabi/10.3.1/../../../../arm-none-eabi/lib/thumb/v7-m/nofp\libm.a(lib_a-math_errf.o)
 .text.__math_uflowf
                0x0800be90        0x8 d:/progra~1/gnuarm~1/102021~1.10/bin/../lib/gcc/arm-none-eabi/10.3.1/../../../../arm-none-eabi/lib/thumb/v7-m/nofp\libm.a(lib_a-math_errf.o)
                0x0800be90                __math_uflowf
 .text.__math_oflowf
                0x0800be98        0x8 d:/progra~1/gnuarm~1/102021~1.10/bin/../lib/gcc/arm-none-eabi/10.3.1/../../../../arm-none-eabi/lib/thumb/v7-m/nofp\libm.a(lib_a-math_errf.o)
                0x0800be98                __math_oflowf
 .text.fabsf    0x0800bea0        0x8 d:/progra~1/gnuarm~1/102021~1.10/bin/../lib/gcc/arm-none-eabi/10.3.1/../../../../arm-none-eabi/lib/thumb/v7-m/nofp\libm.a(lib_a-sf_fabs.o)
                0x0800bea0                fabsf
 .text.finitef  0x0800bea8       0x10 d:/progra~1/gnuarm~1/102021~1.10/bin/../lib/gcc/arm-none-eabi/10.3.1/../../../../arm-none-eabi/lib/thumb/v7-m/nofp\libm.a(lib_a-sf_finite.o)
                0x0800bea8                finitef
 .text.scalbnf  0x0800beb8       0xbc d:/progra~1/gnuarm~1/102021~1.10/bin/../lib/gcc/arm-none-eabi/10.3.1/../../../../arm-none-eabi/lib/thumb/v7-m/nofp\libm.a(lib_a-sf_scalbn.o)
                0x0800beb8                scalbnf
 *(.glue_7)
 .glue_7        0x0800bf74        0x0 linker stubs
 *(.glue_7t)
 .glue_7t       0x0800bf74        0x0 linker stubs
 *(.eh_frame)
 .eh_frame      0x0800bf74        0x0 d:/progra~1/gnuarm~1/102021~1.10/bin/../lib/gcc/arm-none-eabi/10.3.1/thumb/v7-m/nofp/crtbegin.o
 *(.init)
 .init          0x0800bf74        0x4 d:/progra~1/gnuarm~1/102021~1.10/bin/../lib/gcc/arm-none-eabi/10.3.1/thumb/v7-m/nofp/crti.o
                0x0800bf74                _init
 .init          0x0800bf78        0x8 d:/progra~1/gnuarm~1/102021~1.10/bin/../lib/gcc/arm-none-eabi/10.3.1/thumb/v7-m/nofp/crtn.o
 *(.fini)
 .fini          0x0800bf80        0x4 d:/progra~1/gnuarm~1/102021~1.10/bin/../lib/gcc/arm-none-eabi/10.3.1/thumb/v7-m/nofp/crti.o
                0x0800bf80                _fini
 .fini          0x0800bf84        0x8 d:/progra~1/gnuarm~1/102021~1.10/bin/../lib/gcc/arm-none-eabi/10.3.1/thumb/v7-m/nofp/crtn.o
                0x0800bf8c                . = ALIGN (0x4)
                0x0800bf8c                _etext = .

.vfp11_veneer   0x0800bf8c        0x0
 .vfp11_veneer  0x0800bf8c        0x0 linker stubs

.v4_bx          0x0800bf8c        0x0
 .v4_bx         0x0800bf8c        0x0 linker stubs

.iplt           0x0800bf8c        0x0
 .iplt          0x0800bf8c        0x0 d:/progra~1/gnuarm~1/102021~1.10/bin/../lib/gcc/arm-none-eabi/10.3.1/thumb/v7-m/nofp/crtbegin.o

.rodata         0x0800bf8c     0x1014
                0x0800bf8c                . = ALIGN (0x4)
 *(.rodata)
 .rodata        0x0800bf8c       0x18 CMakeFiles/km1-one.dir/User/servo/motion/motion_engine.c.obj
 .rodata        0x0800bfa4        0x8 CMakeFiles/km1-one.dir/User/comm/protocol/sys_listener.c.obj
 .rodata        0x0800bfac       0xff CMakeFiles/km1-one.dir/User/comm/protocol/servo_listener.c.obj
 *fill*         0x0800c0ab        0x1 
 .rodata        0x0800c0ac      0x783 CMakeFiles/km1-one.dir/User/comm/protocol/motion_listener.c.obj
 *fill*         0x0800c82f        0x1 
 .rodata        0x0800c830      0x18e CMakeFiles/km1-one.dir/User/comm/transport/tf_uart_port.c.obj
 *fill*         0x0800c9be        0x2 
 .rodata        0x0800c9c0      0x219 CMakeFiles/km1-one.dir/User/comm/transport/TinyFrame/TinyFrame.c.obj
 *fill*         0x0800cbd9        0x3 
 .rodata        0x0800cbdc       0x86 CMakeFiles/km1-one.dir/User/comm/transport/TinyFrame/utils.c.obj
 *fill*         0x0800cc62        0x2 
 .rodata        0x0800cc64       0xe7 CMakeFiles/km1-one.dir/Core/Src/main.c.obj
 *fill*         0x0800cd4b        0x1 
 .rodata        0x0800cd4c      0x157 CMakeFiles/km1-one.dir/Core/Src/stm32f1xx_it.c.obj
 *(.rodata*)
 *fill*         0x0800cea3        0x1 
 .rodata._global_impure_ptr
                0x0800cea4        0x4 d:/progra~1/gnuarm~1/102021~1.10/bin/../lib/gcc/arm-none-eabi/10.3.1/../../../../arm-none-eabi/lib/thumb/v7-m/nofp\libc_nano.a(lib_a-impure.o)
                0x0800cea4                _global_impure_ptr
 .rodata.servo_ids
                0x0800cea8        0x3 CMakeFiles/km1-one.dir/Core/Src/main.c.obj
 *fill*         0x0800ceab        0x1 
 .rodata.pose_a
                0x0800ceac        0xc CMakeFiles/km1-one.dir/Core/Src/main.c.obj
 .rodata.pose_b
                0x0800ceb8        0xc CMakeFiles/km1-one.dir/Core/Src/main.c.obj
 .rodata.durations
                0x0800cec4        0x8 CMakeFiles/km1-one.dir/Core/Src/main.c.obj
 .rodata.servo_ids1
                0x0800cecc        0x1 CMakeFiles/km1-one.dir/Core/Src/main.c.obj
 *fill*         0x0800cecd        0x3 
 .rodata.pose_a1
                0x0800ced0        0x4 CMakeFiles/km1-one.dir/Core/Src/main.c.obj
 .rodata.pose_b1
                0x0800ced4        0x4 CMakeFiles/km1-one.dir/Core/Src/main.c.obj
 .rodata.durations1
                0x0800ced8        0x8 CMakeFiles/km1-one.dir/Core/Src/main.c.obj
 .rodata.aPLLMULFactorTable.1
                0x0800cee0       0x10 CMakeFiles/km1-one.dir/Drivers/STM32F1xx_HAL_Driver/Src/stm32f1xx_hal_rcc.c.obj
 .rodata.aPredivFactorTable.0
                0x0800cef0        0x2 CMakeFiles/km1-one.dir/Drivers/STM32F1xx_HAL_Driver/Src/stm32f1xx_hal_rcc.c.obj
 *fill*         0x0800cef2        0x2 
 .rodata.AHBPrescTable
                0x0800cef4       0x10 CMakeFiles/km1-one.dir/Core/Src/system_stm32f1xx.c.obj
                0x0800cef4                AHBPrescTable
 .rodata.APBPrescTable
                0x0800cf04        0x8 CMakeFiles/km1-one.dir/Core/Src/system_stm32f1xx.c.obj
                0x0800cf04                APBPrescTable
 .rodata.__sf_fake_stderr
                0x0800cf0c       0x20 d:/progra~1/gnuarm~1/102021~1.10/bin/../lib/gcc/arm-none-eabi/10.3.1/../../../../arm-none-eabi/lib/thumb/v7-m/nofp\libg_nano.a(lib_a-findfp.o)
                0x0800cf0c                __sf_fake_stderr
 .rodata.__sf_fake_stdin
                0x0800cf2c       0x20 d:/progra~1/gnuarm~1/102021~1.10/bin/../lib/gcc/arm-none-eabi/10.3.1/../../../../arm-none-eabi/lib/thumb/v7-m/nofp\libg_nano.a(lib_a-findfp.o)
                0x0800cf2c                __sf_fake_stdin
 .rodata.__sf_fake_stdout
                0x0800cf4c       0x20 d:/progra~1/gnuarm~1/102021~1.10/bin/../lib/gcc/arm-none-eabi/10.3.1/../../../../arm-none-eabi/lib/thumb/v7-m/nofp\libg_nano.a(lib_a-findfp.o)
                0x0800cf4c                __sf_fake_stdout
 .rodata._vfprintf_r.str1.1
                0x0800cf6c       0x11 d:/progra~1/gnuarm~1/102021~1.10/bin/../lib/gcc/arm-none-eabi/10.3.1/../../../../arm-none-eabi/lib/thumb/v7-m/nofp\libg_nano.a(lib_a-nano-vfprintf.o)
 .rodata._printf_i.str1.1
                0x0800cf7d       0x22 d:/progra~1/gnuarm~1/102021~1.10/bin/../lib/gcc/arm-none-eabi/10.3.1/../../../../arm-none-eabi/lib/thumb/v7-m/nofp\libg_nano.a(lib_a-nano-vfprintf_i.o)
                0x0800cfa0                . = ALIGN (0x4)
 *fill*         0x0800cf9f        0x1 

.rel.dyn        0x0800cfa0        0x0
 .rel.iplt      0x0800cfa0        0x0 d:/progra~1/gnuarm~1/102021~1.10/bin/../lib/gcc/arm-none-eabi/10.3.1/thumb/v7-m/nofp/crtbegin.o

.ARM.extab
 *(.ARM.extab* .gnu.linkonce.armextab.*)

.ARM            0x0800cfa0        0x0
                0x0800cfa0                __exidx_start = .
 *(.ARM.exidx*)
                0x0800cfa0                __exidx_end = .

.preinit_array  0x0800cfa0        0x0
                0x0800cfa0                PROVIDE (__preinit_array_start = .)
 *(.preinit_array*)
                0x0800cfa0                PROVIDE (__preinit_array_end = .)

.init_array     0x0800cfa0        0x4
                0x0800cfa0                PROVIDE (__init_array_start = .)
 *(SORT_BY_NAME(.init_array.*))
 *(.init_array*)
 .init_array    0x0800cfa0        0x4 d:/progra~1/gnuarm~1/102021~1.10/bin/../lib/gcc/arm-none-eabi/10.3.1/thumb/v7-m/nofp/crtbegin.o
                0x0800cfa4                PROVIDE (__init_array_end = .)

.fini_array     0x0800cfa4        0x4
                [!provide]                PROVIDE (__fini_array_start = .)
 *(SORT_BY_NAME(.fini_array.*))
 *(.fini_array*)
 .fini_array    0x0800cfa4        0x4 d:/progra~1/gnuarm~1/102021~1.10/bin/../lib/gcc/arm-none-eabi/10.3.1/thumb/v7-m/nofp/crtbegin.o
                [!provide]                PROVIDE (__fini_array_end = .)
                0x0800cfa8                _sidata = LOADADDR (.data)

.data           0x20000000       0xb4 load address 0x0800cfa8
                0x20000000                . = ALIGN (0x4)
                0x20000000                _sdata = .
 *(.data)
 *(.data*)
 .data._impure_ptr
                0x20000000        0x4 d:/progra~1/gnuarm~1/102021~1.10/bin/../lib/gcc/arm-none-eabi/10.3.1/../../../../arm-none-eabi/lib/thumb/v7-m/nofp\libc_nano.a(lib_a-impure.o)
                0x20000000                _impure_ptr
 .data.impure_data
                0x20000004       0x60 d:/progra~1/gnuarm~1/102021~1.10/bin/../lib/gcc/arm-none-eabi/10.3.1/../../../../arm-none-eabi/lib/thumb/v7-m/nofp\libc_nano.a(lib_a-impure.o)
 .data.servo_hw_map
                0x20000064       0x30 CMakeFiles/km1-one.dir/User/servo/drivers/servo_hal.c.obj
 .data.next_group_id
                0x20000094        0x4 CMakeFiles/km1-one.dir/User/servo/motion/motion_sync.c.obj
 .data.poses    0x20000098        0x8 CMakeFiles/km1-one.dir/Core/Src/main.c.obj
 .data.poses1   0x200000a0        0x8 CMakeFiles/km1-one.dir/Core/Src/main.c.obj
 .data.uwTickPrio
                0x200000a8        0x4 CMakeFiles/km1-one.dir/Drivers/STM32F1xx_HAL_Driver/Src/stm32f1xx_hal.c.obj
                0x200000a8                uwTickPrio
 .data.uwTickFreq
                0x200000ac        0x1 CMakeFiles/km1-one.dir/Drivers/STM32F1xx_HAL_Driver/Src/stm32f1xx_hal.c.obj
                0x200000ac                uwTickFreq
 *fill*         0x200000ad        0x3 
 .data.SystemCoreClock
                0x200000b0        0x4 CMakeFiles/km1-one.dir/Core/Src/system_stm32f1xx.c.obj
                0x200000b0                SystemCoreClock
                0x200000b4                . = ALIGN (0x4)
                0x200000b4                _edata = .

.igot.plt       0x200000b4        0x0 load address 0x0800d05c
 .igot.plt      0x200000b4        0x0 d:/progra~1/gnuarm~1/102021~1.10/bin/../lib/gcc/arm-none-eabi/10.3.1/thumb/v7-m/nofp/crtbegin.o
                0x200000b4                . = ALIGN (0x4)

.bss            0x200000b4     0x1b04 load address 0x0800d05c
                0x200000b4                _sbss = .
                0x200000b4                __bss_start__ = _sbss
 *(.bss)
 .bss           0x200000b4       0x1c d:/progra~1/gnuarm~1/102021~1.10/bin/../lib/gcc/arm-none-eabi/10.3.1/thumb/v7-m/nofp/crtbegin.o
 *(.bss*)
 .bss.servo_motions
                0x200000d0      0x138 CMakeFiles/km1-one.dir/User/servo/motion/motion_engine.c.obj
 .bss.global_moving_mask
                0x20000208        0x4 CMakeFiles/km1-one.dir/User/servo/motion/motion_engine.c.obj
 .bss.global_complete_callback
                0x2000020c        0x4 CMakeFiles/km1-one.dir/User/servo/motion/motion_engine.c.obj
 .bss.servo_usage
                0x20000210       0x18 CMakeFiles/km1-one.dir/User/servo/motion/motion_sync.c.obj
 .bss.sync_groups
                0x20000228       0xa0 CMakeFiles/km1-one.dir/User/servo/motion/motion_sync.c.obj
 .bss.cycle     0x200002c8      0x138 CMakeFiles/km1-one.dir/User/servo/motion/motion_cycle.c.obj
 .bss.s_servo_notify_mask
                0x20000400        0x4 CMakeFiles/km1-one.dir/User/comm/protocol/servo_listener.c.obj
 .bss.s_proto_cycle_data
                0x20000404      0x738 CMakeFiles/km1-one.dir/User/comm/protocol/motion_listener.c.obj
 .bss.s_cycle_notify_mask
                0x20000b3c        0x4 CMakeFiles/km1-one.dir/User/comm/protocol/motion_listener.c.obj
 .bss.dma_rx_buffer
                0x20000b40      0x400 CMakeFiles/km1-one.dir/User/comm/drivers/uart_driver.c.obj
 .bss.last_dma_pos
                0x20000f40        0x2 CMakeFiles/km1-one.dir/User/comm/drivers/uart_driver.c.obj
 *fill*         0x20000f42        0x2 
 .bss.tx_in_progress
                0x20000f44        0x4 CMakeFiles/km1-one.dir/User/comm/drivers/uart_driver.c.obj
 .bss.user_rx_callback
                0x20000f48        0x4 CMakeFiles/km1-one.dir/User/comm/drivers/uart_driver.c.obj
 .bss.tf_instance
                0x20000f4c      0x97c CMakeFiles/km1-one.dir/User/comm/transport/tf_uart_port.c.obj
 .bss.user_callback
                0x200018c8        0x4 CMakeFiles/km1-one.dir/User/comm/transport/tf_uart_port.c.obj
 .bss.tf_uart_inited
                0x200018cc        0x1 CMakeFiles/km1-one.dir/User/comm/transport/tf_uart_port.c.obj
 .bss.button1_flag
                0x200018cd        0x1 CMakeFiles/km1-one.dir/Core/Src/main.c.obj
                0x200018cd                button1_flag
 .bss.button2_flag
                0x200018ce        0x1 CMakeFiles/km1-one.dir/Core/Src/main.c.obj
                0x200018ce                button2_flag
 *fill*         0x200018cf        0x1 
 .bss.last_press_time1
                0x200018d0        0x4 CMakeFiles/km1-one.dir/Core/Src/main.c.obj
                0x200018d0                last_press_time1
 .bss.last_press_time2
                0x200018d4        0x4 CMakeFiles/km1-one.dir/Core/Src/main.c.obj
                0x200018d4                last_press_time2
 .bss.idx1      0x200018d8        0x4 CMakeFiles/km1-one.dir/Core/Src/main.c.obj
                0x200018d8                idx1
 .bss.idx2      0x200018dc        0x4 CMakeFiles/km1-one.dir/Core/Src/main.c.obj
                0x200018dc                idx2
 .bss.htim1     0x200018e0       0x48 CMakeFiles/km1-one.dir/Core/Src/tim.c.obj
                0x200018e0                htim1
 .bss.htim2     0x20001928       0x48 CMakeFiles/km1-one.dir/Core/Src/tim.c.obj
                0x20001928                htim2
 .bss.htim3     0x20001970       0x48 CMakeFiles/km1-one.dir/Core/Src/tim.c.obj
                0x20001970                htim3
 .bss.htim4     0x200019b8       0x48 CMakeFiles/km1-one.dir/Core/Src/tim.c.obj
                0x200019b8                htim4
 .bss.huart1    0x20001a00       0x48 CMakeFiles/km1-one.dir/Core/Src/usart.c.obj
                0x20001a00                huart1
 .bss.huart3    0x20001a48       0x48 CMakeFiles/km1-one.dir/Core/Src/usart.c.obj
                0x20001a48                huart3
 .bss.hdma_usart1_rx
                0x20001a90       0x44 CMakeFiles/km1-one.dir/Core/Src/usart.c.obj
                0x20001a90                hdma_usart1_rx
 .bss.hdma_usart1_tx
                0x20001ad4       0x44 CMakeFiles/km1-one.dir/Core/Src/usart.c.obj
                0x20001ad4                hdma_usart1_tx
 .bss.hdma_usart3_rx
                0x20001b18       0x44 CMakeFiles/km1-one.dir/Core/Src/usart.c.obj
                0x20001b18                hdma_usart3_rx
 .bss.hdma_usart3_tx
                0x20001b5c       0x44 CMakeFiles/km1-one.dir/Core/Src/usart.c.obj
                0x20001b5c                hdma_usart3_tx
 .bss.uwTick    0x20001ba0        0x4 CMakeFiles/km1-one.dir/Drivers/STM32F1xx_HAL_Driver/Src/stm32f1xx_hal.c.obj
                0x20001ba0                uwTick
 .bss.__sbrk_heap_end
                0x20001ba4        0x4 CMakeFiles/km1-one.dir/Core/Src/sysmem.c.obj
 .bss.__malloc_free_list
                0x20001ba8        0x4 d:/progra~1/gnuarm~1/102021~1.10/bin/../lib/gcc/arm-none-eabi/10.3.1/../../../../arm-none-eabi/lib/thumb/v7-m/nofp\libg_nano.a(lib_a-nano-mallocr.o)
                0x20001ba8                __malloc_free_list
 .bss.__malloc_sbrk_start
                0x20001bac        0x4 d:/progra~1/gnuarm~1/102021~1.10/bin/../lib/gcc/arm-none-eabi/10.3.1/../../../../arm-none-eabi/lib/thumb/v7-m/nofp\libg_nano.a(lib_a-nano-mallocr.o)
                0x20001bac                __malloc_sbrk_start
 .bss.__lock___malloc_recursive_mutex
                0x20001bb0        0x1 d:/progra~1/gnuarm~1/102021~1.10/bin/../lib/gcc/arm-none-eabi/10.3.1/../../../../arm-none-eabi/lib/thumb/v7-m/nofp\libg_nano.a(lib_a-lock.o)
                0x20001bb0                __lock___malloc_recursive_mutex
 .bss.__lock___sfp_recursive_mutex
                0x20001bb1        0x1 d:/progra~1/gnuarm~1/102021~1.10/bin/../lib/gcc/arm-none-eabi/10.3.1/../../../../arm-none-eabi/lib/thumb/v7-m/nofp\libg_nano.a(lib_a-lock.o)
                0x20001bb1                __lock___sfp_recursive_mutex
 .bss.__lock___sinit_recursive_mutex
                0x20001bb2        0x1 d:/progra~1/gnuarm~1/102021~1.10/bin/../lib/gcc/arm-none-eabi/10.3.1/../../../../arm-none-eabi/lib/thumb/v7-m/nofp\libg_nano.a(lib_a-lock.o)
                0x20001bb2                __lock___sinit_recursive_mutex
 *fill*         0x20001bb3        0x1 
 .bss.errno     0x20001bb4        0x4 d:/progra~1/gnuarm~1/102021~1.10/bin/../lib/gcc/arm-none-eabi/10.3.1/../../../../arm-none-eabi/lib/thumb/v7-m/nofp\libg_nano.a(lib_a-reent.o)
                0x20001bb4                errno
 *(COMMON)
                0x20001bb8                . = ALIGN (0x4)
                0x20001bb8                _ebss = .
                0x20001bb8                __bss_end__ = _ebss

._user_heap_stack
                0x20001bb8     0x1400 load address 0x0800d05c
                0x20001bb8                . = ALIGN (0x8)
                [!provide]                PROVIDE (end = .)
                0x20001bb8                PROVIDE (_end = .)
                0x20001fb8                . = (. + _Min_Heap_Size)
 *fill*         0x20001bb8      0x400 
                0x20002fb8                . = (. + _Min_Stack_Size)
 *fill*         0x20001fb8     0x1000 
                0x20002fb8                . = ALIGN (0x8)

/DISCARD/
 libc.a(*)
 libm.a(*)
 libgcc.a(*)

.ARM.attributes
                0x00000000       0x29
 *(.ARM.attributes)
 .ARM.attributes
                0x00000000       0x1d d:/progra~1/gnuarm~1/102021~1.10/bin/../lib/gcc/arm-none-eabi/10.3.1/thumb/v7-m/nofp/crti.o
 .ARM.attributes
                0x0000001d       0x2d d:/progra~1/gnuarm~1/102021~1.10/bin/../lib/gcc/arm-none-eabi/10.3.1/thumb/v7-m/nofp/crtbegin.o
 .ARM.attributes
                0x0000004a       0x2d d:/progra~1/gnuarm~1/102021~1.10/bin/../lib/gcc/arm-none-eabi/10.3.1/../../../../arm-none-eabi/lib/thumb/v7-m/nofp\libc_nano.a(lib_a-impure.o)
 .ARM.attributes
                0x00000077       0x2d d:/progra~1/gnuarm~1/102021~1.10/bin/../lib/gcc/arm-none-eabi/10.3.1/../../../../arm-none-eabi/lib/thumb/v7-m/nofp\libc_nano.a(lib_a-init.o)
 .ARM.attributes
                0x000000a4       0x2d d:/progra~1/gnuarm~1/102021~1.10/bin/../lib/gcc/arm-none-eabi/10.3.1/../../../../arm-none-eabi/lib/thumb/v7-m/nofp\libc_nano.a(lib_a-memset.o)
 .ARM.attributes
                0x000000d1       0x2d CMakeFiles/km1-one.dir/User/servo/drivers/servo_hal.c.obj
 .ARM.attributes
                0x000000fe       0x2d CMakeFiles/km1-one.dir/User/servo/motion/motion_engine.c.obj
 .ARM.attributes
                0x0000012b       0x2d CMakeFiles/km1-one.dir/User/servo/motion/motion_sync.c.obj
 .ARM.attributes
                0x00000158       0x2d CMakeFiles/km1-one.dir/User/servo/motion/motion_cycle.c.obj
 .ARM.attributes
                0x00000185       0x2d CMakeFiles/km1-one.dir/User/comm/protocol/protocol.c.obj
 .ARM.attributes
                0x000001b2       0x2d CMakeFiles/km1-one.dir/User/comm/protocol/sys_listener.c.obj
 .ARM.attributes
                0x000001df       0x2d CMakeFiles/km1-one.dir/User/comm/protocol/servo_listener.c.obj
 .ARM.attributes
                0x0000020c       0x2d CMakeFiles/km1-one.dir/User/comm/protocol/motion_listener.c.obj
 .ARM.attributes
                0x00000239       0x2d CMakeFiles/km1-one.dir/User/comm/protocol/arm_listener.c.obj
 .ARM.attributes
                0x00000266       0x2d CMakeFiles/km1-one.dir/User/comm/protocol/config_listener.c.obj
 .ARM.attributes
                0x00000293       0x2d CMakeFiles/km1-one.dir/User/comm/protocol/state_sender.c.obj
 .ARM.attributes
                0x000002c0       0x2d CMakeFiles/km1-one.dir/User/comm/drivers/uart_driver.c.obj
 .ARM.attributes
                0x000002ed       0x2d CMakeFiles/km1-one.dir/User/comm/transport/tf_uart_port.c.obj
 .ARM.attributes
                0x0000031a       0x2d CMakeFiles/km1-one.dir/User/comm/transport/TinyFrame/TinyFrame.c.obj
 .ARM.attributes
                0x00000347       0x2d CMakeFiles/km1-one.dir/User/comm/transport/TinyFrame/utils.c.obj
 .ARM.attributes
                0x00000374       0x2d CMakeFiles/km1-one.dir/Core/Src/main.c.obj
 .ARM.attributes
                0x000003a1       0x2d CMakeFiles/km1-one.dir/Core/Src/gpio.c.obj
 .ARM.attributes
                0x000003ce       0x2d CMakeFiles/km1-one.dir/Core/Src/dma.c.obj
 .ARM.attributes
                0x000003fb       0x2d CMakeFiles/km1-one.dir/Core/Src/tim.c.obj
 .ARM.attributes
                0x00000428       0x2d CMakeFiles/km1-one.dir/Core/Src/usart.c.obj
 .ARM.attributes
                0x00000455       0x2d CMakeFiles/km1-one.dir/Core/Src/stm32f1xx_it.c.obj
 .ARM.attributes
                0x00000482       0x2d CMakeFiles/km1-one.dir/Core/Src/stm32f1xx_hal_msp.c.obj
 .ARM.attributes
                0x000004af       0x2d CMakeFiles/km1-one.dir/Drivers/STM32F1xx_HAL_Driver/Src/stm32f1xx_hal_tim.c.obj
 .ARM.attributes
                0x000004dc       0x2d CMakeFiles/km1-one.dir/Drivers/STM32F1xx_HAL_Driver/Src/stm32f1xx_hal_tim_ex.c.obj
 .ARM.attributes
                0x00000509       0x2d CMakeFiles/km1-one.dir/Drivers/STM32F1xx_HAL_Driver/Src/stm32f1xx_hal.c.obj
 .ARM.attributes
                0x00000536       0x2d CMakeFiles/km1-one.dir/Drivers/STM32F1xx_HAL_Driver/Src/stm32f1xx_hal_rcc.c.obj
 .ARM.attributes
                0x00000563       0x2d CMakeFiles/km1-one.dir/Drivers/STM32F1xx_HAL_Driver/Src/stm32f1xx_hal_gpio.c.obj
 .ARM.attributes
                0x00000590       0x2d CMakeFiles/km1-one.dir/Drivers/STM32F1xx_HAL_Driver/Src/stm32f1xx_hal_dma.c.obj
 .ARM.attributes
                0x000005bd       0x2d CMakeFiles/km1-one.dir/Drivers/STM32F1xx_HAL_Driver/Src/stm32f1xx_hal_cortex.c.obj
 .ARM.attributes
                0x000005ea       0x2d CMakeFiles/km1-one.dir/Drivers/STM32F1xx_HAL_Driver/Src/stm32f1xx_hal_uart.c.obj
 .ARM.attributes
                0x00000617       0x2d CMakeFiles/km1-one.dir/Core/Src/system_stm32f1xx.c.obj
 .ARM.attributes
                0x00000644       0x2d CMakeFiles/km1-one.dir/Core/Src/sysmem.c.obj
 .ARM.attributes
                0x00000671       0x2d CMakeFiles/km1-one.dir/Core/Src/syscalls.c.obj
 .ARM.attributes
                0x0000069e       0x21 CMakeFiles/km1-one.dir/startup_stm32f103xb.s.obj
 .ARM.attributes
                0x000006bf       0x1d d:/progra~1/gnuarm~1/102021~1.10/bin/../lib/gcc/arm-none-eabi/10.3.1/thumb/v7-m/nofp\libgcc.a(_arm_addsubdf3.o)
 .ARM.attributes
                0x000006dc       0x1d d:/progra~1/gnuarm~1/102021~1.10/bin/../lib/gcc/arm-none-eabi/10.3.1/thumb/v7-m/nofp\libgcc.a(_arm_addsubsf3.o)
 .ARM.attributes
                0x000006f9       0x1d d:/progra~1/gnuarm~1/102021~1.10/bin/../lib/gcc/arm-none-eabi/10.3.1/thumb/v7-m/nofp\libgcc.a(_arm_muldivsf3.o)
 .ARM.attributes
                0x00000716       0x1d d:/progra~1/gnuarm~1/102021~1.10/bin/../lib/gcc/arm-none-eabi/10.3.1/thumb/v7-m/nofp\libgcc.a(_arm_cmpsf2.o)
 .ARM.attributes
                0x00000733       0x1d d:/progra~1/gnuarm~1/102021~1.10/bin/../lib/gcc/arm-none-eabi/10.3.1/thumb/v7-m/nofp\libgcc.a(_arm_fixsfsi.o)
 .ARM.attributes
                0x00000750       0x1d d:/progra~1/gnuarm~1/102021~1.10/bin/../lib/gcc/arm-none-eabi/10.3.1/thumb/v7-m/nofp\libgcc.a(_arm_fixunssfsi.o)
 .ARM.attributes
                0x0000076d       0x2d d:/progra~1/gnuarm~1/102021~1.10/bin/../lib/gcc/arm-none-eabi/10.3.1/../../../../arm-none-eabi/lib/thumb/v7-m/nofp\libg_nano.a(lib_a-errno.o)
 .ARM.attributes
                0x0000079a       0x2d d:/progra~1/gnuarm~1/102021~1.10/bin/../lib/gcc/arm-none-eabi/10.3.1/../../../../arm-none-eabi/lib/thumb/v7-m/nofp\libg_nano.a(lib_a-memcpy-stub.o)
 .ARM.attributes
                0x000007c7       0x2d d:/progra~1/gnuarm~1/102021~1.10/bin/../lib/gcc/arm-none-eabi/10.3.1/../../../../arm-none-eabi/lib/thumb/v7-m/nofp\libg_nano.a(lib_a-nano-freer.o)
 .ARM.attributes
                0x000007f4       0x2d d:/progra~1/gnuarm~1/102021~1.10/bin/../lib/gcc/arm-none-eabi/10.3.1/../../../../arm-none-eabi/lib/thumb/v7-m/nofp\libg_nano.a(lib_a-nano-mallocr.o)
 .ARM.attributes
                0x00000821       0x2d d:/progra~1/gnuarm~1/102021~1.10/bin/../lib/gcc/arm-none-eabi/10.3.1/../../../../arm-none-eabi/lib/thumb/v7-m/nofp\libg_nano.a(lib_a-printf.o)
 .ARM.attributes
                0x0000084e       0x2d d:/progra~1/gnuarm~1/102021~1.10/bin/../lib/gcc/arm-none-eabi/10.3.1/../../../../arm-none-eabi/lib/thumb/v7-m/nofp\libg_nano.a(lib_a-putchar.o)
 .ARM.attributes
                0x0000087b       0x2d d:/progra~1/gnuarm~1/102021~1.10/bin/../lib/gcc/arm-none-eabi/10.3.1/../../../../arm-none-eabi/lib/thumb/v7-m/nofp\libg_nano.a(lib_a-puts.o)
 .ARM.attributes
                0x000008a8       0x2d d:/progra~1/gnuarm~1/102021~1.10/bin/../lib/gcc/arm-none-eabi/10.3.1/../../../../arm-none-eabi/lib/thumb/v7-m/nofp\libg_nano.a(lib_a-sbrkr.o)
 .ARM.attributes
                0x000008d5       0x2d d:/progra~1/gnuarm~1/102021~1.10/bin/../lib/gcc/arm-none-eabi/10.3.1/../../../../arm-none-eabi/lib/thumb/v7-m/nofp\libg_nano.a(lib_a-wbuf.o)
 .ARM.attributes
                0x00000902       0x2d d:/progra~1/gnuarm~1/102021~1.10/bin/../lib/gcc/arm-none-eabi/10.3.1/../../../../arm-none-eabi/lib/thumb/v7-m/nofp\libg_nano.a(lib_a-wsetup.o)
 .ARM.attributes